114.119.155.228 - - [28/Apr/2021:08:36:53 -0700] "GET /self.logs/2015/error.log.2015-04-08.gz HTTP/1.1" 200 657 "-" "Mozilla/5.0 (Linux; Android 7.0;) AppleWebKit/537.36 (KHTML, like Gecko) Mobile Safari/537.36 (compatible; PetalBot;+https://webmaster.petalsearch.com/site/petalbot)" 
114.119.159.40 - - [28/Apr/2021:08:42:01 -0700] "GET /self.logs/access.log.2019-03-23.gz HTTP/1.1" 200 27711 "-" "Mozilla/5.0 (Linux; Android 7.0;) AppleWebKit/537.36 (KHTML, like Gecko) Mobile Safari/537.36 (compatible; PetalBot;+https://webmaster.petalsearch.com/site/petalbot)" 
109.232.104.162 - - [28/Apr/2021:08:37:01 -0700] "GET /Security-Data-Analysis/Lab_1/conn.log.zip HTTP/1.1" 200 547221542 "-" "Mozilla/5.0 (Windows NT 10.0; Win64; x64) AppleWebKit/537.36 (KHTML, like Gecko) Chrome/90.0.4430.93 Safari/537.36" 
114.119.155.228 - - [28/Apr/2021:08:47:15 -0700] "GET /self.logs/access.log.2020-07-24.gz HTTP/1.1" 200 23047 "-" "Mozilla/5.0 (Linux; Android 7.0;) AppleWebKit/537.36 (KHTML, like Gecko) Mobile Safari/537.36 (compatible; PetalBot;+https://webmaster.petalsearch.com/site/petalbot)" 
118.103.238.32 - - [28/Apr/2021:08:47:37 -0700] "GET /error.log.2020-08-31.gz HTTP/1.1" 404 284 "-" "-" 
118.103.238.32 - - [28/Apr/2021:08:47:37 -0700] "GET /error.log.2020-08-31.gz HTTP/1.1" 404 328 "https://www.google.com/" "Mozilla/5.0 (compatible; Googlebot/2.1; +http://www.google.com/bot.html)" 
17.121.113.66 - - [28/Apr/2021:08:51:16 -0700] "GET / HTTP/1.1" 200 12840 "-" "Mozilla/5.0 (Macintosh; Intel Mac OS X 10_15_5) AppleWebKit/605.1.15 (KHTML, like Gecko) Version/13.1.1 Safari/605.1.15 (Applebot/0.1; +http://www.apple.com/go/applebot)" 
40.77.167.38 - - [28/Apr/2021:08:53:33 -0700] "GET /self.logs/access.log.2019-09-16.gz HTTP/1.1" 200 20024 "-" "Mozilla/5.0 (compatible; bingbot/2.0; +http://www.bing.com/bingbot.htm)" 
114.119.129.244 - - [28/Apr/2021:08:57:36 -0700] "GET /self.logs/2015/access.log.2015-11-04.gz HTTP/1.1" 200 5978 "-" "Mozilla/5.0 (Linux; Android 7.0;) AppleWebKit/537.36 (KHTML, like Gecko) Mobile Safari/537.36 (compatible; PetalBot;+https://webmaster.petalsearch.com/site/petalbot)" 
114.119.150.248 - - [28/Apr/2021:09:02:46 -0700] "GET /self.logs/access.log.2018-04-02.gz HTTP/1.1" 200 20578 "-" "Mozilla/5.0 (Linux; Android 7.0;) AppleWebKit/537.36 (KHTML, like Gecko) Mobile Safari/537.36 (compatible; PetalBot;+https://webmaster.petalsearch.com/site/petalbot)" 
118.103.238.32 - - [28/Apr/2021:09:07:16 -0700] "GET /error.log.2020-08-30 HTTP/1.1" 404 284 "-" "-" 
118.103.238.32 - - [28/Apr/2021:09:07:16 -0700] "GET /error.log.2020-08-30 HTTP/1.1" 404 328 "https://www.google.com/" "Mozilla/5.0 (compatible; Googlebot/2.1; +http://www.google.com/bot.html)" 
114.119.159.40 - - [28/Apr/2021:09:08:00 -0700] "GET /self.logs/2015/error.log.2015-11-22.gz HTTP/1.1" 200 1063 "-" "Mozilla/5.0 (Linux; Android 7.0;) AppleWebKit/537.36 (KHTML, like Gecko) Mobile Safari/537.36 (compatible; PetalBot;+https://webmaster.petalsearch.com/site/petalbot)" 
114.119.140.84 - - [28/Apr/2021:09:13:29 -0700] "GET /self.logs/access.log.2020-04-02.gz HTTP/1.1" 200 20281 "-" "Mozilla/5.0 (Linux; Android 7.0;) AppleWebKit/537.36 (KHTML, like Gecko) Mobile Safari/537.36 (compatible; PetalBot;+https://webmaster.petalsearch.com/site/petalbot)" 
207.46.13.174 - - [28/Apr/2021:09:14:26 -0700] "GET /self.logs/error.log.2019-03-26.gz HTTP/1.1" 200 5608 "-" "Mozilla/5.0 (compatible; bingbot/2.0; +http://www.bing.com/bingbot.htm)" 
40.77.167.32 - - [28/Apr/2021:09:21:53 -0700] "GET /self.logs/access.log.2017-12-23.gz HTTP/1.1" 304 280 "-" "Mozilla/5.0 (compatible; bingbot/2.0; +http://www.bing.com/bingbot.htm)" 
118.103.238.32 - - [28/Apr/2021:09:23:40 -0700] "GET /error.log.2020-08-29 HTTP/1.1" 404 284 "-" "-" 
118.103.238.32 - - [28/Apr/2021:09:23:40 -0700] "GET /error.log.2020-08-29 HTTP/1.1" 404 328 "https://www.google.com/" "Mozilla/5.0 (compatible; Googlebot/2.1; +http://www.google.com/bot.html)" 
114.119.140.84 - - [28/Apr/2021:09:28:41 -0700] "GET /self.logs/access.log.2017-04-15.gz HTTP/1.1" 200 13802 "-" "Mozilla/5.0 (Linux; Android 7.0;) AppleWebKit/537.36 (KHTML, like Gecko) Mobile Safari/537.36 (compatible; PetalBot;+https://webmaster.petalsearch.com/site/petalbot)" 
114.119.155.228 - - [28/Apr/2021:09:33:50 -0700] "GET /self.logs/error.log.2017-05-17.gz HTTP/1.1" 200 1005 "-" "Mozilla/5.0 (Linux; Android 7.0;) AppleWebKit/537.36 (KHTML, like Gecko) Mobile Safari/537.36 (compatible; PetalBot;+https://webmaster.petalsearch.com/site/petalbot)" 
114.119.141.53 - - [28/Apr/2021:09:39:02 -0700] "GET /self.logs/error.log.2020-05-14 HTTP/1.1" 200 351 "-" "Mozilla/5.0 (Linux; Android 7.0;) AppleWebKit/537.36 (KHTML, like Gecko) Mobile Safari/537.36 (compatible; PetalBot;+https://webmaster.petalsearch.com/site/petalbot)" 
118.103.238.32 - - [28/Apr/2021:09:43:27 -0700] "GET /error.log.2020-08-28 HTTP/1.1" 404 284 "-" "-" 
118.103.238.32 - - [28/Apr/2021:09:43:27 -0700] "GET /error.log.2020-08-28 HTTP/1.1" 404 328 "https://www.google.com/" "Mozilla/5.0 (compatible; Googlebot/2.1; +http://www.google.com/bot.html)" 
114.119.157.43 - - [28/Apr/2021:09:44:53 -0700] "GET /self.logs/error.log.2019-07-01.gz HTTP/1.1" 200 2848 "-" "Mozilla/5.0 (Linux; Android 7.0;) AppleWebKit/537.36 (KHTML, like Gecko) Mobile Safari/537.36 (compatible; PetalBot;+https://webmaster.petalsearch.com/site/petalbot)" 
218.77.121.35 - - [28/Apr/2021:09:46:31 -0700] "GET / HTTP/1.1" 200 12846 "http://www.heetian.com/info/482" "Mozilla/5.0 (Windows NT 10.0; WOW64) AppleWebKit/537.36 (KHTML, like Gecko) Chrome/78.0.3904.108 Safari/537.36" 
114.119.157.43 - - [28/Apr/2021:09:49:23 -0700] "GET /self.logs/error.log.2019-07-28.gz HTTP/1.1" 200 1606 "-" "Mozilla/5.0 (Linux; Android 7.0;) AppleWebKit/537.36 (KHTML, like Gecko) Mobile Safari/537.36 (compatible; PetalBot;+https://webmaster.petalsearch.com/site/petalbot)" 
114.119.155.228 - - [28/Apr/2021:09:54:33 -0700] "GET /self.logs/access.log.2018-06-14.gz HTTP/1.1" 200 25974 "-" "Mozilla/5.0 (Linux; Android 7.0;) AppleWebKit/537.36 (KHTML, like Gecko) Mobile Safari/537.36 (compatible; PetalBot;+https://webmaster.petalsearch.com/site/petalbot)" 
185.191.171.5 - - [28/Apr/2021:09:55:22 -0700] "GET /robots.txt HTTP/1.1" 200 340 "-" "Mozilla/5.0 (compatible; SemrushBot/7~bl; +http://www.semrush.com/bot.html)" 
185.191.171.20 - - [28/Apr/2021:09:55:22 -0700] "GET /Datasets%20Description/HTML_Bro_log_3/files.html HTTP/1.1" 200 1873 "-" "Mozilla/5.0 (compatible; SemrushBot/7~bl; +http://www.semrush.com/bot.html)" 
114.119.157.43 - - [28/Apr/2021:09:59:42 -0700] "GET /self.logs/2015/access.log.2015-08-01.gz HTTP/1.1" 200 3767 "-" "Mozilla/5.0 (Linux; Android 7.0;) AppleWebKit/537.36 (KHTML, like Gecko) Mobile Safari/537.36 (compatible; PetalBot;+https://webmaster.petalsearch.com/site/petalbot)" 
118.103.238.32 - - [28/Apr/2021:10:01:58 -0700] "GET /error.log.2020-08-27 HTTP/1.1" 404 284 "-" "-" 
118.103.238.32 - - [28/Apr/2021:10:01:59 -0700] "GET /error.log.2020-08-27 HTTP/1.1" 404 328 "https://www.google.com/" "Mozilla/5.0 (compatible; Googlebot/2.1; +http://www.google.com/bot.html)" 
114.119.159.101 - - [28/Apr/2021:10:04:55 -0700] "GET /self.logs/access.log.2017-11-30.gz HTTP/1.1" 200 21642 "-" "Mozilla/5.0 (Linux; Android 7.0;) AppleWebKit/537.36 (KHTML, like Gecko) Mobile Safari/537.36 (compatible; PetalBot;+https://webmaster.petalsearch.com/site/petalbot)" 
185.191.171.43 - - [28/Apr/2021:10:07:58 -0700] "GET /self.logs/error.log.2020-03-01 HTTP/1.1" 200 314 "-" "Mozilla/5.0 (compatible; SemrushBot/7~bl; +http://www.semrush.com/bot.html)" 
114.119.140.84 - - [28/Apr/2021:10:10:04 -0700] "GET /self.logs/2015/access.log.2015-06-04.gz HTTP/1.1" 200 5287 "-" "Mozilla/5.0 (Linux; Android 7.0;) AppleWebKit/537.36 (KHTML, like Gecko) Mobile Safari/537.36 (compatible; PetalBot;+https://webmaster.petalsearch.com/site/petalbot)" 
101.88.233.185 - - [28/Apr/2021:10:12:37 -0700] "GET /bootstrap/img/favicon.ico HTTP/1.1" 304 263 "-" "Mozilla/5.0 (Windows NT 10.0; Win64; x64) AppleWebKit/537.36 (KHTML, like Gecko) Chrome/89.0.4389.128 Safari/537.36" 
207.46.13.129 - - [28/Apr/2021:10:12:48 -0700] "GET / HTTP/1.1" 301 475 "-" "Mozilla/5.0 (compatible; bingbot/2.0; +http://www.bing.com/bingbot.htm)" 
114.119.155.228 - - [28/Apr/2021:10:15:15 -0700] "GET /self.logs/access.log.2017-06-03.gz HTTP/1.1" 200 12927 "-" "Mozilla/5.0 (Linux; Android 7.0;) AppleWebKit/537.36 (KHTML, like Gecko) Mobile Safari/537.36 (compatible; PetalBot;+https://webmaster.petalsearch.com/site/petalbot)" 
118.103.238.32 - - [28/Apr/2021:10:21:25 -0700] "GET /error.log.2020-08-26.gz HTTP/1.1" 404 284 "-" "-" 
118.103.238.32 - - [28/Apr/2021:10:21:26 -0700] "GET /error.log.2020-08-26.gz HTTP/1.1" 404 328 "https://www.google.com/" "Mozilla/5.0 (compatible; Googlebot/2.1; +http://www.google.com/bot.html)" 
185.72.54.199 - - [28/Apr/2021:10:24:38 -0700] "GET / HTTP/1.1" 301 475 "-" "Mozilla/5.0 (Windows; U; Windows NT 5.1; en-US; rv:1.9.2.13) Gecko/20101203 Firefox/3.6.13" 
185.72.54.199 - - [28/Apr/2021:10:24:38 -0700] "GET / HTTP/1.1" 200 12884 "http://secrepo.com/" "Mozilla/5.0 (Windows; U; Windows NT 5.1; en-US; rv:1.9.2.13) Gecko/20101203 Firefox/3.6.13" 
50.233.65.158 - - [28/Apr/2021:10:25:07 -0700] "GET / HTTP/1.1" 301 475 "-" "Mozilla/5.0 (X11; Ubuntu; Linux x86_64; rv:88.0) Gecko/20100101 Firefox/88.0" 
50.233.65.158 - - [28/Apr/2021:10:25:07 -0700] "GET / HTTP/1.1" 200 12884 "-" "Mozilla/5.0 (X11; Ubuntu; Linux x86_64; rv:88.0) Gecko/20100101 Firefox/88.0" 
50.233.65.158 - - [28/Apr/2021:10:25:07 -0700] "GET /css/style.css HTTP/1.1" 404 305 "http://www.secrepo.com/" "Mozilla/5.0 (X11; Ubuntu; Linux x86_64; rv:88.0) Gecko/20100101 Firefox/88.0" 
50.233.65.158 - - [28/Apr/2021:10:25:07 -0700] "GET /twitter-icon.png HTTP/1.1" 200 27916 "http://www.secrepo.com/" "Mozilla/5.0 (X11; Ubuntu; Linux x86_64; rv:88.0) Gecko/20100101 Firefox/88.0" 
50.233.65.158 - - [28/Apr/2021:10:25:07 -0700] "GET /GitHub-Mark.png HTTP/1.1" 200 7556 "http://www.secrepo.com/" "Mozilla/5.0 (X11; Ubuntu; Linux x86_64; rv:88.0) Gecko/20100101 Firefox/88.0" 
50.233.65.158 - - [28/Apr/2021:10:25:07 -0700] "GET /bootstrap/img/favicon.ico HTTP/1.1" 200 690 "http://www.secrepo.com/" "Mozilla/5.0 (X11; Ubuntu; Linux x86_64; rv:88.0) Gecko/20100101 Firefox/88.0" 
50.233.65.158 - - [28/Apr/2021:10:26:07 -0700] "GET /tg/tg_snort_full.7z HTTP/1.1" 200 8847905 "http://www.secrepo.com/" "Mozilla/5.0 (X11; Ubuntu; Linux x86_64; rv:88.0) Gecko/20100101 Firefox/88.0" 
50.233.65.158 - - [28/Apr/2021:10:26:58 -0700] "GET /self.logs/ HTTP/1.1" 200 29072 "http://www.secrepo.com/" "Mozilla/5.0 (X11; Ubuntu; Linux x86_64; rv:88.0) Gecko/20100101 Firefox/88.0" 
50.233.65.158 - - [28/Apr/2021:10:27:01 -0700] "GET /favicon.ico HTTP/1.1" 200 368 "http://www.secrepo.com/self.logs/" "Mozilla/5.0 (X11; Ubuntu; Linux x86_64; rv:88.0) Gecko/20100101 Firefox/88.0" 
50.233.65.158 - - [28/Apr/2021:10:27:29 -0700] "GET /self.logs/error.log.2021-02-01.gz HTTP/1.1" 200 5478 "http://www.secrepo.com/self.logs/" "Mozilla/5.0 (X11; Ubuntu; Linux x86_64; rv:88.0) Gecko/20100101 Firefox/88.0" 
50.233.65.158 - - [28/Apr/2021:10:27:51 -0700] "GET /self.logs/error.log.2017-01-31.gz HTTP/1.1" 200 2136 "http://www.secrepo.com/self.logs/" "Mozilla/5.0 (X11; Ubuntu; Linux x86_64; rv:88.0) Gecko/20100101 Firefox/88.0" 
50.233.65.158 - - [28/Apr/2021:10:28:00 -0700] "GET / HTTP/1.1" 200 12884 "-" "Mozilla/5.0 (X11; Ubuntu; Linux x86_64; rv:88.0) Gecko/20100101 Firefox/88.0" 
50.233.65.158 - - [28/Apr/2021:10:28:00 -0700] "GET /css/style.css HTTP/1.1" 404 305 "http://www.secrepo.com/" "Mozilla/5.0 (X11; Ubuntu; Linux x86_64; rv:88.0) Gecko/20100101 Firefox/88.0" 
50.233.65.158 - - [28/Apr/2021:10:28:00 -0700] "GET /GitHub-Mark.png HTTP/1.1" 200 7556 "http://www.secrepo.com/" "Mozilla/5.0 (X11; Ubuntu; Linux x86_64; rv:88.0) Gecko/20100101 Firefox/88.0" 
50.233.65.158 - - [28/Apr/2021:10:28:00 -0700] "GET /twitter-icon.png HTTP/1.1" 200 27916 "http://www.secrepo.com/" "Mozilla/5.0 (X11; Ubuntu; Linux x86_64; rv:88.0) Gecko/20100101 Firefox/88.0" 
50.233.65.158 - - [28/Apr/2021:10:28:01 -0700] "GET /css/style.css HTTP/1.1" 404 305 "http://www.secrepo.com/" "Mozilla/5.0 (X11; Ubuntu; Linux x86_64; rv:88.0) Gecko/20100101 Firefox/88.0" 
50.233.65.158 - - [28/Apr/2021:10:28:01 -0700] "GET /bootstrap/img/favicon.ico HTTP/1.1" 200 690 "http://www.secrepo.com/" "Mozilla/5.0 (X11; Ubuntu; Linux x86_64; rv:88.0) Gecko/20100101 Firefox/88.0" 
40.77.167.38 - - [28/Apr/2021:10:29:08 -0700] "GET /self.logs/access.log.2017-07-29.gz HTTP/1.1" 301 543 "-" "Mozilla/5.0 (compatible; bingbot/2.0; +http://www.bing.com/bingbot.htm)" 
114.119.159.101 - - [28/Apr/2021:10:30:44 -0700] "GET /Datasets%20Description/HTML_Bro_log_3?C=D%3BO%3DA HTTP/1.1" 301 643 "-" "Mozilla/5.0 (Linux; Android 7.0;) AppleWebKit/537.36 (KHTML, like Gecko) Mobile Safari/537.36 (compatible; PetalBot;+https://webmaster.petalsearch.com/site/petalbot)" 
114.119.159.101 - - [28/Apr/2021:10:30:44 -0700] "GET /Datasets%20Description/HTML_Bro_log_3/?C=D%3BO%3DA HTTP/1.1" 200 800 "-" "Mozilla/5.0 (Linux; Android 7.0;) AppleWebKit/537.36 (KHTML, like Gecko) Mobile Safari/537.36 (compatible; PetalBot;+https://webmaster.petalsearch.com/site/petalbot)" 
94.134.89.219 - - [28/Apr/2021:10:31:13 -0700] "GET / HTTP/1.1" 200 12882 "https://www.reddit.com/r/datasets/comments/3tbxap/cyber_security_datasets/" "Mozilla/5.0 (Windows NT 10.0; Win64; x64) AppleWebKit/537.36 (KHTML, like Gecko) Chrome/90.0.4430.93 Safari/537.36" 
94.134.89.219 - - [28/Apr/2021:10:31:13 -0700] "GET /css/style.css HTTP/1.1" 404 305 "http://www.secrepo.com/" "Mozilla/5.0 (Windows NT 10.0; Win64; x64) AppleWebKit/537.36 (KHTML, like Gecko) Chrome/90.0.4430.93 Safari/537.36" 
94.134.89.219 - - [28/Apr/2021:10:31:13 -0700] "GET /twitter-icon.png HTTP/1.1" 200 27893 "http://www.secrepo.com/" "Mozilla/5.0 (Windows NT 10.0; Win64; x64) AppleWebKit/537.36 (KHTML, like Gecko) Chrome/90.0.4430.93 Safari/537.36" 
94.134.89.219 - - [28/Apr/2021:10:31:13 -0700] "GET /GitHub-Mark.png HTTP/1.1" 200 7556 "http://www.secrepo.com/" "Mozilla/5.0 (Windows NT 10.0; Win64; x64) AppleWebKit/537.36 (KHTML, like Gecko) Chrome/90.0.4430.93 Safari/537.36" 
94.134.89.219 - - [28/Apr/2021:10:31:50 -0700] "GET /css/style.css HTTP/1.1" 404 328 "http://www.secrepo.com/" "Mozilla/5.0 (Windows NT 10.0; Win64; x64) AppleWebKit/537.36 (KHTML, like Gecko) Chrome/90.0.4430.93 Safari/537.36" 
207.46.13.129 - - [28/Apr/2021:10:33:20 -0700] "GET /self.logs/access.log.2017-07-03.gz HTTP/1.1" 200 20151 "-" "Mozilla/5.0 (compatible; bingbot/2.0; +http://www.bing.com/bingbot.htm)" 
114.119.155.228 - - [28/Apr/2021:10:35:52 -0700] "GET /self.logs/error.log.2020-07-06.gz HTTP/1.1" 200 870 "-" "Mozilla/5.0 (Linux; Android 7.0;) AppleWebKit/537.36 (KHTML, like Gecko) Mobile Safari/537.36 (compatible; PetalBot;+https://webmaster.petalsearch.com/site/petalbot)" 
118.103.238.32 - - [28/Apr/2021:10:40:00 -0700] "GET /error.log.2020-08-25 HTTP/1.1" 404 284 "-" "-" 
118.103.238.32 - - [28/Apr/2021:10:40:00 -0700] "GET /error.log.2020-08-25 HTTP/1.1" 404 328 "https://www.google.com/" "Mozilla/5.0 (compatible; Googlebot/2.1; +http://www.google.com/bot.html)" 
114.119.159.40 - - [28/Apr/2021:10:41:04 -0700] "GET /self.logs/error.log.2020-09-04 HTTP/1.1" 200 351 "-" "Mozilla/5.0 (Linux; Android 7.0;) AppleWebKit/537.36 (KHTML, like Gecko) Mobile Safari/537.36 (compatible; PetalBot;+https://webmaster.petalsearch.com/site/petalbot)" 
34.226.234.42 - - [28/Apr/2021:10:44:54 -0700] "GET / HTTP/1.1" 301 475 "-" "python-requests/2.18.1" 
34.226.234.42 - - [28/Apr/2021:10:44:54 -0700] "GET / HTTP/1.1" 200 12882 "-" "python-requests/2.18.1" 
34.226.234.42 - - [28/Apr/2021:10:44:54 -0700] "GET / HTTP/1.1" 200 12882 "-" "python-requests/2.18.1" 
34.226.234.42 - - [28/Apr/2021:10:44:54 -0700] "GET / HTTP/1.1" 200 12882 "-" "python-requests/2.18.1" 
114.119.159.40 - - [28/Apr/2021:10:46:21 -0700] "GET /self.logs/error.log.2018-07-10.gz HTTP/1.1" 200 9335 "-" "Mozilla/5.0 (Linux; Android 7.0;) AppleWebKit/537.36 (KHTML, like Gecko) Mobile Safari/537.36 (compatible; PetalBot;+https://webmaster.petalsearch.com/site/petalbot)" 
114.119.159.101 - - [28/Apr/2021:10:51:20 -0700] "GET /self.logs/2015/access.log.2015-02-11.gz HTTP/1.1" 200 4713 "-" "Mozilla/5.0 (Linux; Android 7.0;) AppleWebKit/537.36 (KHTML, like Gecko) Mobile Safari/537.36 (compatible; PetalBot;+https://webmaster.petalsearch.com/site/petalbot)" 
99.25.36.11 - - [28/Apr/2021:10:56:34 -0700] "GET / HTTP/1.1" 301 475 "-" "Mozilla/5.0 (Macintosh; Intel Mac OS X 10_15_3) AppleWebKit/537.36 (KHTML, like Gecko) Chrome/89.0.4389.114 Safari/537.36" 
99.25.36.11 - - [28/Apr/2021:10:56:35 -0700] "GET / HTTP/1.1" 200 12884 "-" "Mozilla/5.0 (Macintosh; Intel Mac OS X 10_15_3) AppleWebKit/537.36 (KHTML, like Gecko) Chrome/89.0.4389.114 Safari/537.36" 
99.25.36.11 - - [28/Apr/2021:10:56:35 -0700] "GET /css/style.css HTTP/1.1" 404 305 "http://www.secrepo.com/" "Mozilla/5.0 (Macintosh; Intel Mac OS X 10_15_3) AppleWebKit/537.36 (KHTML, like Gecko) Chrome/89.0.4389.114 Safari/537.36" 
99.25.36.11 - - [28/Apr/2021:10:56:35 -0700] "GET /twitter-icon.png HTTP/1.1" 200 27893 "http://www.secrepo.com/" "Mozilla/5.0 (Macintosh; Intel Mac OS X 10_15_3) AppleWebKit/537.36 (KHTML, like Gecko) Chrome/89.0.4389.114 Safari/537.36" 
99.25.36.11 - - [28/Apr/2021:10:56:35 -0700] "GET /GitHub-Mark.png HTTP/1.1" 200 7556 "http://www.secrepo.com/" "Mozilla/5.0 (Macintosh; Intel Mac OS X 10_15_3) AppleWebKit/537.36 (KHTML, like Gecko) Chrome/89.0.4389.114 Safari/537.36" 
99.25.36.11 - - [28/Apr/2021:10:56:37 -0700] "GET /bootstrap/img/favicon.ico HTTP/1.1" 200 690 "http://www.secrepo.com/" "Mozilla/5.0 (Macintosh; Intel Mac OS X 10_15_3) AppleWebKit/537.36 (KHTML, like Gecko) Chrome/89.0.4389.114 Safari/537.36" 
118.103.238.32 - - [28/Apr/2021:10:57:19 -0700] "GET /error.log.2020-08-24 HTTP/1.1" 404 284 "-" "-" 
118.103.238.32 - - [28/Apr/2021:10:57:19 -0700] "GET /error.log.2020-08-24 HTTP/1.1" 404 328 "https://www.google.com/" "Mozilla/5.0 (compatible; Googlebot/2.1; +http://www.google.com/bot.html)" 
50.233.65.158 - - [28/Apr/2021:11:01:07 -0700] "GET /maccdc2012/http.log.gz HTTP/1.1" 200 56420988 "http://www.secrepo.com/" "Mozilla/5.0 (X11; Ubuntu; Linux x86_64; rv:88.0) Gecko/20100101 Firefox/88.0" 
50.233.65.158 - - [28/Apr/2021:11:02:31 -0700] "GET /tg/tg_snort_fast.7z HTTP/1.1" 200 4274204 "http://www.secrepo.com/" "Mozilla/5.0 (X11; Ubuntu; Linux x86_64; rv:88.0) Gecko/20100101 Firefox/88.0" 
50.233.65.158 - - [28/Apr/2021:11:04:26 -0700] "GET /auth.log/auth.log.gz HTTP/1.1" 200 615679 "http://www.secrepo.com/" "Mozilla/5.0 (X11; Ubuntu; Linux x86_64; rv:88.0) Gecko/20100101 Firefox/88.0" 
17.121.112.23 - - [28/Apr/2021:11:05:40 -0700] "GET /self.logs/error.log.2020-05-02 HTTP/1.1" 200 307 "-" "Mozilla/5.0 (Macintosh; Intel Mac OS X 10_15_5) AppleWebKit/605.1.15 (KHTML, like Gecko) Version/13.1.1 Safari/605.1.15 (Applebot/0.1; +http://www.apple.com/go/applebot)" 
114.119.159.40 - - [28/Apr/2021:11:06:51 -0700] "GET /self.logs/access.log.2017-06-18.gz HTTP/1.1" 200 17230 "-" "Mozilla/5.0 (Linux; Android 7.0;) AppleWebKit/537.36 (KHTML, like Gecko) Mobile Safari/537.36 (compatible; PetalBot;+https://webmaster.petalsearch.com/site/petalbot)" 
50.233.65.158 - - [28/Apr/2021:11:11:15 -0700] "GET /domaindata/domainmovement.zip HTTP/1.1" 200 7437836 "http://www.secrepo.com/" "Mozilla/5.0 (X11; Ubuntu; Linux x86_64; rv:88.0) Gecko/20100101 Firefox/88.0" 
114.119.129.244 - - [28/Apr/2021:11:11:59 -0700] "GET /self.logs/error.log.2017-01-01.gz HTTP/1.1" 200 1106 "-" "Mozilla/5.0 (Linux; Android 7.0;) AppleWebKit/537.36 (KHTML, like Gecko) Mobile Safari/537.36 (compatible; PetalBot;+https://webmaster.petalsearch.com/site/petalbot)" 
50.233.65.158 - - [28/Apr/2021:11:13:27 -0700] "GET /maccdc2012/maccdc2012_full_alert.7z HTTP/1.1" 200 24979053 "http://www.secrepo.com/" "Mozilla/5.0 (X11; Ubuntu; Linux x86_64; rv:88.0) Gecko/20100101 Firefox/88.0" 
118.103.238.32 - - [28/Apr/2021:11:14:52 -0700] "GET /error.log.2020-08-23 HTTP/1.1" 404 284 "-" "-" 
118.103.238.32 - - [28/Apr/2021:11:14:52 -0700] "GET /error.log.2020-08-23 HTTP/1.1" 404 328 "https://www.google.com/" "Mozilla/5.0 (compatible; Googlebot/2.1; +http://www.google.com/bot.html)" 
50.233.65.158 - - [28/Apr/2021:11:19:03 -0700] "GET /maccdc2012/maccdc2012_fast_alert.7z HTTP/1.1" 200 9478260 "http://www.secrepo.com/" "Mozilla/5.0 (X11; Ubuntu; Linux x86_64; rv:88.0) Gecko/20100101 Firefox/88.0" 
114.119.144.30 - - [28/Apr/2021:11:22:18 -0700] "GET /Datasets%20Description/HTML_Bro_log_1/app_stats.html HTTP/1.1" 200 1591 "-" "Mozilla/5.0 (Linux; Android 7.0;) AppleWebKit/537.36 (KHTML, like Gecko) Mobile Safari/537.36 (compatible; PetalBot;+https://webmaster.petalsearch.com/site/petalbot)" 
207.46.13.0 - - [28/Apr/2021:11:26:18 -0700] "GET /robots.txt HTTP/1.1" 200 377 "-" "Mozilla/5.0 (compatible; bingbot/2.0; +http://www.bing.com/bingbot.htm)" 
40.77.167.61 - - [28/Apr/2021:11:26:47 -0700] "GET /maccdc2012/maccdc2012_full_alert.7z HTTP/1.1" 200 10967040 "-" "Mozilla/5.0 (compatible; bingbot/2.0; +http://www.bing.com/bingbot.htm)" 
17.121.113.125 - - [28/Apr/2021:11:27:24 -0700] "GET /self.logs/error.log.2020-04-19 HTTP/1.1" 200 307 "-" "Mozilla/5.0 (Macintosh; Intel Mac OS X 10_15_5) AppleWebKit/605.1.15 (KHTML, like Gecko) Version/13.1.1 Safari/605.1.15 (Applebot/0.1; +http://www.apple.com/go/applebot)" 
114.119.159.40 - - [28/Apr/2021:11:27:27 -0700] "GET /self.logs/error.log.2020-05-11.gz HTTP/1.1" 200 870 "-" "Mozilla/5.0 (Linux; Android 7.0;) AppleWebKit/537.36 (KHTML, like Gecko) Mobile Safari/537.36 (compatible; PetalBot;+https://webmaster.petalsearch.com/site/petalbot)" 
207.46.13.53 - - [28/Apr/2021:11:31:29 -0700] "GET /self.logs/access.log.2021-02-06.gz HTTP/1.1" 200 32063 "-" "Mozilla/5.0 (compatible; bingbot/2.0; +http://www.bing.com/bingbot.htm)" 
114.119.141.53 - - [28/Apr/2021:11:33:04 -0700] "GET /self.logs/error.log.2020-01-18.gz HTTP/1.1" 200 973 "-" "Mozilla/5.0 (Linux; Android 7.0;) AppleWebKit/537.36 (KHTML, like Gecko) Mobile Safari/537.36 (compatible; PetalBot;+https://webmaster.petalsearch.com/site/petalbot)" 
118.103.238.32 - - [28/Apr/2021:11:33:23 -0700] "GET /error.log.2020-08-22.gz HTTP/1.1" 404 284 "-" "-" 
118.103.238.32 - - [28/Apr/2021:11:33:24 -0700] "GET /error.log.2020-08-22.gz HTTP/1.1" 404 328 "https://www.google.com/" "Mozilla/5.0 (compatible; Googlebot/2.1; +http://www.google.com/bot.html)" 
114.119.130.95 - - [28/Apr/2021:11:37:45 -0700] "GET /self.logs/2015/access.log.2015-12-04.gz HTTP/1.1" 200 6478 "-" "Mozilla/5.0 (Linux; Android 7.0;) AppleWebKit/537.36 (KHTML, like Gecko) Mobile Safari/537.36 (compatible; PetalBot;+https://webmaster.petalsearch.com/site/petalbot)" 
114.119.144.30 - - [28/Apr/2021:11:42:52 -0700] "GET /self.logs/error.log.2018-02-06.gz HTTP/1.1" 200 4830 "-" "Mozilla/5.0 (Linux; Android 7.0;) AppleWebKit/537.36 (KHTML, like Gecko) Mobile Safari/537.36 (compatible; PetalBot;+https://webmaster.petalsearch.com/site/petalbot)" 
54.36.149.61 - - [28/Apr/2021:11:46:11 -0700] "GET / HTTP/1.1" 200 12840 "-" "Mozilla/5.0 (compatible; AhrefsBot/7.0; +http://ahrefs.com/robot/)" 
114.119.144.30 - - [28/Apr/2021:11:48:04 -0700] "GET /self.logs/access.log.2018-04-12.gz HTTP/1.1" 200 21438 "-" "Mozilla/5.0 (Linux; Android 7.0;) AppleWebKit/537.36 (KHTML, like Gecko) Mobile Safari/537.36 (compatible; PetalBot;+https://webmaster.petalsearch.com/site/petalbot)" 
118.103.238.32 - - [28/Apr/2021:11:51:16 -0700] "GET /error.log.2020-08-21 HTTP/1.1" 404 284 "-" "-" 
118.103.238.32 - - [28/Apr/2021:11:51:17 -0700] "GET /error.log.2020-08-21 HTTP/1.1" 404 328 "https://www.google.com/" "Mozilla/5.0 (compatible; Googlebot/2.1; +http://www.google.com/bot.html)" 
114.119.155.228 - - [28/Apr/2021:11:53:10 -0700] "GET / HTTP/1.1" 200 12884 "-" "Mozilla/5.0 (Linux; Android 7.0;) AppleWebKit/537.36 (KHTML, like Gecko) Mobile Safari/537.36 (compatible; PetalBot;+https://webmaster.petalsearch.com/site/petalbot)" 
165.232.176.78 - - [28/Apr/2021:11:55:17 -0700] "GET /wp-login.php HTTP/1.1" 301 462 "-" "Mozilla/5.0 (X11; Ubuntu; Linux x86_64; rv:62.0) Gecko/20100101 Firefox/62.0" 
165.232.176.78 - - [28/Apr/2021:11:55:20 -0700] "GET /wp-login.php HTTP/1.1" 404 291 "http://secrepo.com/wp-login.php" "Mozilla/5.0 (X11; Ubuntu; Linux x86_64; rv:62.0) Gecko/20100101 Firefox/62.0" 
185.191.171.25 - - [28/Apr/2021:11:59:38 -0700] "GET /robots.txt HTTP/1.1" 200 340 "-" "Mozilla/5.0 (compatible; SemrushBot/7~bl; +http://www.semrush.com/bot.html)" 
185.191.171.33 - - [28/Apr/2021:11:59:38 -0700] "GET /self.logs/error.log.2020-02-14 HTTP/1.1" 200 314 "-" "Mozilla/5.0 (compatible; SemrushBot/7~bl; +http://www.semrush.com/bot.html)" 
206.47.249.246 - - [28/Apr/2021:12:00:26 -0700] "GET /self.logs/error.log.2019-04-23.gz HTTP/1.1" 304 280 "-" "Mozilla/4.0 (compatible;)" 
71.207.119.182 - - [28/Apr/2021:12:01:32 -0700] "GET / HTTP/1.1" 200 12883 "-" "Mozilla/5.0 (Macintosh; Intel Mac OS X 10_15_7) AppleWebKit/605.1.15 (KHTML, like Gecko) Version/14.1 Safari/605.1.15" 
71.207.119.182 - - [28/Apr/2021:12:01:32 -0700] "GET /css/style.css HTTP/1.1" 404 305 "http://www.secrepo.com/" "Mozilla/5.0 (Macintosh; Intel Mac OS X 10_15_7) AppleWebKit/605.1.15 (KHTML, like Gecko) Version/14.1 Safari/605.1.15" 
71.207.119.182 - - [28/Apr/2021:12:01:32 -0700] "GET /GitHub-Mark.png HTTP/1.1" 200 7556 "http://www.secrepo.com/" "Mozilla/5.0 (Macintosh; Intel Mac OS X 10_15_7) AppleWebKit/605.1.15 (KHTML, like Gecko) Version/14.1 Safari/605.1.15" 
71.207.119.182 - - [28/Apr/2021:12:01:32 -0700] "GET /twitter-icon.png HTTP/1.1" 200 27916 "http://www.secrepo.com/" "Mozilla/5.0 (Macintosh; Intel Mac OS X 10_15_7) AppleWebKit/605.1.15 (KHTML, like Gecko) Version/14.1 Safari/605.1.15" 
71.207.119.182 - - [28/Apr/2021:12:01:34 -0700] "GET /bootstrap/img/favicon.ico HTTP/1.1" 200 713 "http://www.secrepo.com/" "Mozilla/5.0 (Macintosh; Intel Mac OS X 10_15_7) AppleWebKit/605.1.15 (KHTML, like Gecko) Version/14.1 Safari/605.1.15" 
34.238.122.98 - - [28/Apr/2021:12:02:45 -0700] "GET /bootstrap/img/favicon.ico HTTP/1.1" 200 669 "-" "Mozilla/5.0 (Windows NT 6.1; Win64; x64) AppleWebKit/537.36 (KHTML, like Gecko) Chrome/72.0.3626.109 Safari/537.36" 
3.95.2.75 - - [28/Apr/2021:12:03:49 -0700] "GET / HTTP/1.1" 200 48020 "-" "Mozilla/5.0 (Windows NT 6.1; Win64; x64) AppleWebKit/537.36 (KHTML, like Gecko) Chrome/72.0.3626.109 Safari/537.36" 
118.103.238.32 - - [28/Apr/2021:12:09:02 -0700] "GET /error.log.2020-08-20 HTTP/1.1" 404 284 "-" "-" 
118.103.238.32 - - [28/Apr/2021:12:09:03 -0700] "GET /error.log.2020-08-20 HTTP/1.1" 404 328 "https://www.google.com/" "Mozilla/5.0 (compatible; Googlebot/2.1; +http://www.google.com/bot.html)" 
114.119.159.101 - - [28/Apr/2021:12:18:51 -0700] "GET /self.logs/2015/access.log.2015-04-16.gz HTTP/1.1" 200 11974 "-" "Mozilla/5.0 (Linux; Android 7.0;) AppleWebKit/537.36 (KHTML, like Gecko) Mobile Safari/537.36 (compatible; PetalBot;+https://webmaster.petalsearch.com/site/petalbot)" 
114.119.159.40 - - [28/Apr/2021:12:24:01 -0700] "GET /self.logs/2015/access.log.2015-07-04.gz HTTP/1.1" 200 3953 "-" "Mozilla/5.0 (Linux; Android 7.0;) AppleWebKit/537.36 (KHTML, like Gecko) Mobile Safari/537.36 (compatible; PetalBot;+https://webmaster.petalsearch.com/site/petalbot)" 
113.31.108.154 - - [28/Apr/2021:12:25:46 -0700] "GET / HTTP/1.1" 301 475 "-" "Mozilla/5.0 (Macintosh; Intel Mac OS X 10_11) AppleWebKit/601.1.27 (KHTML, like Gecko) Chrome/47.0.2526.106 Safari/601.1.27" 
113.31.108.154 - - [28/Apr/2021:12:25:49 -0700] "GET / HTTP/1.1" 200 12883 "-" "Mozilla/5.0 (Macintosh; Intel Mac OS X 10_11) AppleWebKit/601.1.27 (KHTML, like Gecko) Chrome/47.0.2526.106 Safari/601.1.27" 
118.103.238.32 - - [28/Apr/2021:12:26:17 -0700] "GET /error.log.2020-08-19 HTTP/1.1" 404 284 "-" "-" 
118.103.238.32 - - [28/Apr/2021:12:26:17 -0700] "GET /error.log.2020-08-19 HTTP/1.1" 404 328 "https://www.google.com/" "Mozilla/5.0 (compatible; Googlebot/2.1; +http://www.google.com/bot.html)" 
113.31.108.154 - - [28/Apr/2021:12:26:58 -0700] "GET / HTTP/1.1" 200 12883 "-" "Mozilla/5.0 (Macintosh; Intel Mac OS X 10_11) AppleWebKit/601.1.27 (KHTML, like Gecko) Chrome/47.0.2526.106 Safari/601.1.27" 
72.255.15.71 - - [28/Apr/2021:12:28:25 -0700] "GET / HTTP/1.1" 200 12883 "-" "Mozilla/5.0 (Windows NT 10.0; Win64; x64) AppleWebKit/537.36 (KHTML, like Gecko) Chrome/90.0.4430.93 Safari/537.36" 
72.255.15.71 - - [28/Apr/2021:12:28:26 -0700] "GET /css/style.css HTTP/1.1" 404 328 "http://www.secrepo.com/" "Mozilla/5.0 (Windows NT 10.0; Win64; x64) AppleWebKit/537.36 (KHTML, like Gecko) Chrome/90.0.4430.93 Safari/537.36" 
72.255.15.71 - - [28/Apr/2021:12:28:26 -0700] "GET /twitter-icon.png HTTP/1.1" 200 27893 "http://www.secrepo.com/" "Mozilla/5.0 (Windows NT 10.0; Win64; x64) AppleWebKit/537.36 (KHTML, like Gecko) Chrome/90.0.4430.93 Safari/537.36" 
72.255.15.71 - - [28/Apr/2021:12:28:26 -0700] "GET /GitHub-Mark.png HTTP/1.1" 200 7556 "http://www.secrepo.com/" "Mozilla/5.0 (Windows NT 10.0; Win64; x64) AppleWebKit/537.36 (KHTML, like Gecko) Chrome/90.0.4430.93 Safari/537.36" 
72.255.15.71 - - [28/Apr/2021:12:28:31 -0700] "GET /bootstrap/img/favicon.ico HTTP/1.1" 200 713 "http://www.secrepo.com/" "Mozilla/5.0 (Windows NT 10.0; Win64; x64) AppleWebKit/537.36 (KHTML, like Gecko) Chrome/90.0.4430.93 Safari/537.36" 
114.119.159.101 - - [28/Apr/2021:12:29:07 -0700] "GET /self.logs/2015/error.log.2015-03-27.gz HTTP/1.1" 200 990 "-" "Mozilla/5.0 (Linux; Android 7.0;) AppleWebKit/537.36 (KHTML, like Gecko) Mobile Safari/537.36 (compatible; PetalBot;+https://webmaster.petalsearch.com/site/petalbot)" 
40.77.167.36 - - [28/Apr/2021:12:31:46 -0700] "GET /self.logs/2016/access.log.2016-10-13.gz HTTP/1.1" 304 280 "-" "Mozilla/5.0 (compatible; bingbot/2.0; +http://www.bing.com/bingbot.htm)" 
114.119.150.248 - - [28/Apr/2021:12:34:16 -0700] "GET /tg/c.zip HTTP/1.1" 200 63359229 "-" "Mozilla/5.0 (Linux; Android 7.0;) AppleWebKit/537.36 (KHTML, like Gecko) Mobile Safari/537.36 (compatible; PetalBot;+https://webmaster.petalsearch.com/site/petalbot)" 
154.90.100.246 - - [28/Apr/2021:12:34:56 -0700] "HEAD / HTTP/1.1" 200 396 "http://www.secrepo.com/" "Mozilla/5.0 (compatible; Baiduspider/2.0; +http://www.baidu.com/search/spider.html" 
154.90.100.246 - - [28/Apr/2021:12:34:56 -0700] "HEAD //utility/convert/index.php?a=config&source=d7.2_x2.0 HTTP/1.1" 404 231 "http://www.secrepo.com//utility/convert/index.php?a=config&source=d7.2_x2.0" "Mozilla/5.0 (compatible; Baiduspider/2.0; +http://www.baidu.com/search/spider.html" 
154.90.100.246 - - [28/Apr/2021:12:35:08 -0700] "HEAD / HTTP/1.1" 200 396 "http://www.secrepo.com/" "Mozilla/5.0 (compatible; Baiduspider/2.0; +http://www.baidu.com/search/spider.html" 
154.90.100.246 - - [28/Apr/2021:12:35:08 -0700] "HEAD //faq.php HTTP/1.1" 404 231 "http://www.secrepo.com//faq.php" "Mozilla/5.0 (compatible; Baiduspider/2.0; +http://www.baidu.com/search/spider.html" 
17.121.115.158 - - [28/Apr/2021:12:42:55 -0700] "GET /self.logs/error.log.2020-04-03 HTTP/1.1" 200 307 "-" "Mozilla/5.0 (Macintosh; Intel Mac OS X 10_15_5) AppleWebKit/605.1.15 (KHTML, like Gecko) Version/13.1.1 Safari/605.1.15 (Applebot/0.1; +http://www.apple.com/go/applebot)" 
118.103.238.32 - - [28/Apr/2021:12:44:00 -0700] "GET /error.log.2020-08-18 HTTP/1.1" 404 284 "-" "-" 
118.103.238.32 - - [28/Apr/2021:12:44:00 -0700] "GET /error.log.2020-08-18 HTTP/1.1" 404 328 "https://www.google.com/" "Mozilla/5.0 (compatible; Googlebot/2.1; +http://www.google.com/bot.html)" 
114.119.159.40 - - [28/Apr/2021:12:44:29 -0700] "GET /self.logs/2015/error.log.2015-12-19.gz HTTP/1.1" 200 1020 "-" "Mozilla/5.0 (Linux; Android 7.0;) AppleWebKit/537.36 (KHTML, like Gecko) Mobile Safari/537.36 (compatible; PetalBot;+https://webmaster.petalsearch.com/site/petalbot)" 
114.119.144.30 - - [28/Apr/2021:12:49:40 -0700] "GET /self.logs/2015/access.log.2015-03-12.gz HTTP/1.1" 200 9603 "-" "Mozilla/5.0 (Linux; Android 7.0;) AppleWebKit/537.36 (KHTML, like Gecko) Mobile Safari/537.36 (compatible; PetalBot;+https://webmaster.petalsearch.com/site/petalbot)" 
119.97.153.194 - - [28/Apr/2021:12:53:21 -0700] "GET / HTTP/1.1" 200 12839 "-" "Mozilla/5.0 (Windows NT 6.1; WOW64) AppleWebKit/537.36 (KHTML, like Gecko) Chrome/30.0.1599.0 Safari/537.36" 
114.119.129.244 - - [28/Apr/2021:12:54:45 -0700] "GET /self.logs/access.log.2019-09-07.gz HTTP/1.1" 200 15779 "-" "Mozilla/5.0 (Linux; Android 7.0;) AppleWebKit/537.36 (KHTML, like Gecko) Mobile Safari/537.36 (compatible; PetalBot;+https://webmaster.petalsearch.com/site/petalbot)" 
45.20.129.61 - - [28/Apr/2021:12:54:51 -0700] "GET / HTTP/1.1" 200 12883 "-" "Mozilla/5.0 (Windows NT 10.0; Win64; x64; rv:88.0) Gecko/20100101 Firefox/88.0" 
45.20.129.61 - - [28/Apr/2021:12:54:51 -0700] "GET /css/style.css HTTP/1.1" 404 305 "http://www.secrepo.com/" "Mozilla/5.0 (Windows NT 10.0; Win64; x64; rv:88.0) Gecko/20100101 Firefox/88.0" 
45.20.129.61 - - [28/Apr/2021:12:54:51 -0700] "GET /css/style.css HTTP/1.1" 404 328 "http://www.secrepo.com/" "Mozilla/5.0 (Windows NT 10.0; Win64; x64; rv:88.0) Gecko/20100101 Firefox/88.0" 
45.20.129.61 - - [28/Apr/2021:12:54:51 -0700] "GET /twitter-icon.png HTTP/1.1" 200 27916 "http://www.secrepo.com/" "Mozilla/5.0 (Windows NT 10.0; Win64; x64; rv:88.0) Gecko/20100101 Firefox/88.0" 
45.20.129.61 - - [28/Apr/2021:12:54:51 -0700] "GET /GitHub-Mark.png HTTP/1.1" 200 7533 "http://www.secrepo.com/" "Mozilla/5.0 (Windows NT 10.0; Win64; x64; rv:88.0) Gecko/20100101 Firefox/88.0" 
45.20.129.61 - - [28/Apr/2021:12:54:51 -0700] "GET /bootstrap/img/favicon.ico HTTP/1.1" 200 690 "http://www.secrepo.com/" "Mozilla/5.0 (Windows NT 10.0; Win64; x64; rv:88.0) Gecko/20100101 Firefox/88.0" 
114.119.140.84 - - [28/Apr/2021:12:59:51 -0700] "GET /self.logs/2015/access.log.2015-09-27.gz HTTP/1.1" 200 4890 "-" "Mozilla/5.0 (Linux; Android 7.0;) AppleWebKit/537.36 (KHTML, like Gecko) Mobile Safari/537.36 (compatible; PetalBot;+https://webmaster.petalsearch.com/site/petalbot)" 
40.77.167.26 - - [28/Apr/2021:13:01:13 -0700] "GET /self.logs/error.log.2018-02-25.gz HTTP/1.1" 200 4115 "-" "Mozilla/5.0 (compatible; bingbot/2.0; +http://www.bing.com/bingbot.htm)" 
118.103.238.32 - - [28/Apr/2021:13:01:59 -0700] "GET /error.log.2020-08-17 HTTP/1.1" 404 284 "-" "-" 
118.103.238.32 - - [28/Apr/2021:13:02:00 -0700] "GET /error.log.2020-08-17 HTTP/1.1" 404 328 "https://www.google.com/" "Mozilla/5.0 (compatible; Googlebot/2.1; +http://www.google.com/bot.html)" 
114.119.155.228 - - [28/Apr/2021:13:05:41 -0700] "GET /self.logs/access.log.2020-03-21.gz HTTP/1.1" 200 18235 "-" "Mozilla/5.0 (Linux; Android 7.0;) AppleWebKit/537.36 (KHTML, like Gecko) Mobile Safari/537.36 (compatible; PetalBot;+https://webmaster.petalsearch.com/site/petalbot)" 
114.119.144.30 - - [28/Apr/2021:13:10:06 -0700] "GET /self.logs/error.log.2020-08-21 HTTP/1.1" 200 351 "-" "Mozilla/5.0 (Linux; Android 7.0;) AppleWebKit/537.36 (KHTML, like Gecko) Mobile Safari/537.36 (compatible; PetalBot;+https://webmaster.petalsearch.com/site/petalbot)" 
114.119.155.228 - - [28/Apr/2021:13:15:15 -0700] "GET /self.logs/access.log.2017-03-18.gz HTTP/1.1" 200 10583 "-" "Mozilla/5.0 (Linux; Android 7.0;) AppleWebKit/537.36 (KHTML, like Gecko) Mobile Safari/537.36 (compatible; PetalBot;+https://webmaster.petalsearch.com/site/petalbot)" 
95.26.231.222 - - [28/Apr/2021:13:15:27 -0700] "GET / HTTP/1.1" 200 12884 "-" "Mozilla/5.0 (Windows NT 10.0; Win64; x64) AppleWebKit/537.36 (KHTML, like Gecko) Chrome/89.0.4389.105 YaBrowser/21.3.2.193 Yowser/2.5 Safari/537.36" 
95.26.231.222 - - [28/Apr/2021:13:15:27 -0700] "GET /css/style.css HTTP/1.1" 404 305 "http://www.secrepo.com/" "Mozilla/5.0 (Windows NT 10.0; Win64; x64) AppleWebKit/537.36 (KHTML, like Gecko) Chrome/89.0.4389.105 YaBrowser/21.3.2.193 Yowser/2.5 Safari/537.36" 
95.26.231.222 - - [28/Apr/2021:13:15:28 -0700] "GET /twitter-icon.png HTTP/1.1" 200 27916 "http://www.secrepo.com/" "Mozilla/5.0 (Windows NT 10.0; Win64; x64) AppleWebKit/537.36 (KHTML, like Gecko) Chrome/89.0.4389.105 YaBrowser/21.3.2.193 Yowser/2.5 Safari/537.36" 
95.26.231.222 - - [28/Apr/2021:13:15:28 -0700] "GET /GitHub-Mark.png HTTP/1.1" 200 7533 "http://www.secrepo.com/" "Mozilla/5.0 (Windows NT 10.0; Win64; x64) AppleWebKit/537.36 (KHTML, like Gecko) Chrome/89.0.4389.105 YaBrowser/21.3.2.193 Yowser/2.5 Safari/537.36" 
95.26.231.222 - - [28/Apr/2021:13:15:28 -0700] "GET /bootstrap/img/favicon.ico HTTP/1.1" 200 690 "http://www.secrepo.com/" "Mozilla/5.0 (Windows NT 10.0; Win64; x64) AppleWebKit/537.36 (KHTML, like Gecko) Chrome/89.0.4389.105 YaBrowser/21.3.2.193 Yowser/2.5 Safari/537.36" 
62.210.143.6 - - [28/Apr/2021:13:16:44 -0700] "GET /robots.txt HTTP/1.1" 301 495 "-" "Mozilla/5.0 (compatible; Barkrowler/0.9; +https://babbar.tech/crawler)" 
62.210.143.6 - - [28/Apr/2021:13:16:44 -0700] "GET /robots.txt HTTP/1.1" 200 377 "-" "Mozilla/5.0 (compatible; Barkrowler/0.9; +https://babbar.tech/crawler)" 
62.210.143.6 - - [28/Apr/2021:13:17:21 -0700] "GET / HTTP/1.1" 301 475 "-" "Mozilla/5.0 (compatible; Barkrowler/0.9; +https://babbar.tech/crawler)" 
62.210.143.6 - - [28/Apr/2021:13:17:33 -0700] "GET /tg_snort_fast.7z HTTP/1.1" 404 328 "-" "Mozilla/5.0 (compatible; Barkrowler/0.9; +https://babbar.tech/crawler)" 
207.46.13.53 - - [28/Apr/2021:13:18:01 -0700] "GET /self.logs/access.log.2019-05-20.gz HTTP/1.1" 200 40957 "-" "Mozilla/5.0 (compatible; bingbot/2.0; +http://www.bing.com/bingbot.htm)" 
62.210.143.6 - - [28/Apr/2021:13:17:57 -0700] "GET /self.logs/2016/ HTTP/1.1" 200 7860 "-" "Mozilla/5.0 (compatible; Barkrowler/0.9; +https://babbar.tech/crawler)" 
62.210.143.6 - - [28/Apr/2021:13:18:26 -0700] "GET /self.logs/2015/?C=M;O=A HTTP/1.1" 200 7706 "-" "Mozilla/5.0 (compatible; Barkrowler/0.9; +https://babbar.tech/crawler)" 
62.210.143.6 - - [28/Apr/2021:13:18:54 -0700] "GET /self.logs/2015/?C=S;O=A HTTP/1.1" 200 8288 "-" "Mozilla/5.0 (compatible; Barkrowler/0.9; +https://babbar.tech/crawler)" 
207.46.13.53 - - [28/Apr/2021:13:19:18 -0700] "GET /auth.log/auth.log.gz HTTP/1.1" 304 281 "-" "Mozilla/5.0 (compatible; bingbot/2.0; +http://www.bing.com/bingbot.htm)" 
62.210.143.6 - - [28/Apr/2021:13:19:19 -0700] "GET /self.logs/2016/?C=S;O=A HTTP/1.1" 200 8583 "-" "Mozilla/5.0 (compatible; Barkrowler/0.9; +https://babbar.tech/crawler)" 
62.210.143.6 - - [28/Apr/2021:13:19:44 -0700] "GET /self.logs/2016/?C=D;O=A HTTP/1.1" 200 7860 "-" "Mozilla/5.0 (compatible; Barkrowler/0.9; +https://babbar.tech/crawler)" 
118.103.238.32 - - [28/Apr/2021:13:19:50 -0700] "GET /error.log.2020-08-16 HTTP/1.1" 404 284 "-" "-" 
118.103.238.32 - - [28/Apr/2021:13:19:50 -0700] "GET /error.log.2020-08-16 HTTP/1.1" 404 328 "https://www.google.com/" "Mozilla/5.0 (compatible; Googlebot/2.1; +http://www.google.com/bot.html)" 
62.210.143.6 - - [28/Apr/2021:13:20:08 -0700] "GET /self.logs/2016/?C=N;O=D HTTP/1.1" 200 8072 "-" "Mozilla/5.0 (compatible; Barkrowler/0.9; +https://babbar.tech/crawler)" 
62.210.143.6 - - [28/Apr/2021:13:20:33 -0700] "GET /self.logs/?C=M;O=A HTTP/1.1" 200 30187 "-" "Mozilla/5.0 (compatible; Barkrowler/0.9; +https://babbar.tech/crawler)" 
62.210.143.6 - - [28/Apr/2021:13:20:58 -0700] "GET /self.logs/?C=D;O=A HTTP/1.1" 200 29072 "-" "Mozilla/5.0 (compatible; Barkrowler/0.9; +https://babbar.tech/crawler)" 
62.210.143.6 - - [28/Apr/2021:13:21:22 -0700] "GET /self.logs/?C=N;O=D HTTP/1.1" 200 29762 "-" "Mozilla/5.0 (compatible; Barkrowler/0.9; +https://babbar.tech/crawler)" 
62.210.143.6 - - [28/Apr/2021:13:21:47 -0700] "GET /self.logs/2015/?C=N;O=A HTTP/1.1" 200 7621 "-" "Mozilla/5.0 (compatible; Barkrowler/0.9; +https://babbar.tech/crawler)" 
62.210.143.6 - - [28/Apr/2021:13:22:13 -0700] "GET /self.logs/2016/?C=N;O=A HTTP/1.1" 200 7860 "-" "Mozilla/5.0 (compatible; Barkrowler/0.9; +https://babbar.tech/crawler)" 
62.210.143.6 - - [28/Apr/2021:13:22:38 -0700] "GET /self.logs/2016/?C=M;O=D HTTP/1.1" 200 8295 "-" "Mozilla/5.0 (compatible; Barkrowler/0.9; +https://babbar.tech/crawler)" 
62.210.143.6 - - [28/Apr/2021:13:23:03 -0700] "GET /self.logs/2016/?C=S;O=D HTTP/1.1" 200 8447 "-" "Mozilla/5.0 (compatible; Barkrowler/0.9; +https://babbar.tech/crawler)" 
62.210.143.6 - - [28/Apr/2021:13:23:27 -0700] "GET /Datasets%20Description/?C=M;O=A HTTP/1.1" 200 677 "-" "Mozilla/5.0 (compatible; Barkrowler/0.9; +https://babbar.tech/crawler)" 
62.210.143.6 - - [28/Apr/2021:13:23:52 -0700] "GET /Datasets%20Description/?C=M;O=D HTTP/1.1" 200 673 "-" "Mozilla/5.0 (compatible; Barkrowler/0.9; +https://babbar.tech/crawler)" 
62.210.143.6 - - [28/Apr/2021:13:24:16 -0700] "GET /Datasets%20Description/?C=S;O=A HTTP/1.1" 200 677 "-" "Mozilla/5.0 (compatible; Barkrowler/0.9; +https://babbar.tech/crawler)" 
62.210.143.6 - - [28/Apr/2021:13:24:41 -0700] "GET /Datasets%20Description/?C=S;O=D HTTP/1.1" 200 673 "-" "Mozilla/5.0 (compatible; Barkrowler/0.9; +https://babbar.tech/crawler)" 
62.210.143.6 - - [28/Apr/2021:13:25:05 -0700] "GET /Datasets%20Description/?C=D;O=A HTTP/1.1" 200 677 "-" "Mozilla/5.0 (compatible; Barkrowler/0.9; +https://babbar.tech/crawler)" 
114.119.159.40 - - [28/Apr/2021:13:25:26 -0700] "GET /self.logs/error.log.2017-08-22.gz HTTP/1.1" 200 1031 "-" "Mozilla/5.0 (Linux; Android 7.0;) AppleWebKit/537.36 (KHTML, like Gecko) Mobile Safari/537.36 (compatible; PetalBot;+https://webmaster.petalsearch.com/site/petalbot)" 
62.210.143.6 - - [28/Apr/2021:13:25:30 -0700] "GET /Datasets%20Description/Network/ HTTP/1.1" 200 769 "-" "Mozilla/5.0 (compatible; Barkrowler/0.9; +https://babbar.tech/crawler)" 
62.210.143.6 - - [28/Apr/2021:13:25:54 -0700] "GET /self.logs/?C=N;O=A HTTP/1.1" 200 29072 "-" "Mozilla/5.0 (compatible; Barkrowler/0.9; +https://babbar.tech/crawler)" 
62.210.143.6 - - [28/Apr/2021:13:26:19 -0700] "GET /self.logs/?C=M;O=D HTTP/1.1" 200 31366 "-" "Mozilla/5.0 (compatible; Barkrowler/0.9; +https://babbar.tech/crawler)" 
62.210.143.6 - - [28/Apr/2021:13:26:44 -0700] "GET /self.logs/?C=S;O=D HTTP/1.1" 200 34017 "-" "Mozilla/5.0 (compatible; Barkrowler/0.9; +https://babbar.tech/crawler)" 
62.210.143.6 - - [28/Apr/2021:13:27:09 -0700] "GET /Datasets%20Description/Network/ftp.html HTTP/1.1" 200 1530 "-" "Mozilla/5.0 (compatible; Barkrowler/0.9; +https://babbar.tech/crawler)" 
62.210.143.6 - - [28/Apr/2021:13:27:34 -0700] "GET /Datasets%20Description/Network/dns.html HTTP/1.1" 200 1543 "-" "Mozilla/5.0 (compatible; Barkrowler/0.9; +https://babbar.tech/crawler)" 
62.210.143.6 - - [28/Apr/2021:13:27:58 -0700] "GET /Datasets%20Description/Network/http.html HTTP/1.1" 200 1709 "-" "Mozilla/5.0 (compatible; Barkrowler/0.9; +https://babbar.tech/crawler)" 
62.210.143.6 - - [28/Apr/2021:13:28:23 -0700] "GET /Datasets%20Description/Network/files.html HTTP/1.1" 200 1532 "-" "Mozilla/5.0 (compatible; Barkrowler/0.9; +https://babbar.tech/crawler)" 
62.210.143.6 - - [28/Apr/2021:13:28:47 -0700] "GET /Datasets%20Description/Network/notice.html HTTP/1.1" 200 1650 "-" "Mozilla/5.0 (compatible; Barkrowler/0.9; +https://babbar.tech/crawler)" 
178.155.6.24 - - [28/Apr/2021:13:29:00 -0700] "GET / HTTP/1.1" 200 12884 "-" "Mozilla/5.0 (Linux; Android 10; SAMSUNG SM-A750FN) AppleWebKit/537.36 (KHTML, like Gecko) SamsungBrowser/14.0 Chrome/87.0.4280.141 Mobile Safari/537.36" 
178.155.6.24 - - [28/Apr/2021:13:29:01 -0700] "GET /css/style.css HTTP/1.1" 404 305 "http://www.secrepo.com/" "Mozilla/5.0 (Linux; Android 10; SAMSUNG SM-A750FN) AppleWebKit/537.36 (KHTML, like Gecko) SamsungBrowser/14.0 Chrome/87.0.4280.141 Mobile Safari/537.36" 
178.155.6.24 - - [28/Apr/2021:13:29:01 -0700] "GET /twitter-icon.png HTTP/1.1" 200 27916 "http://www.secrepo.com/" "Mozilla/5.0 (Linux; Android 10; SAMSUNG SM-A750FN) AppleWebKit/537.36 (KHTML, like Gecko) SamsungBrowser/14.0 Chrome/87.0.4280.141 Mobile Safari/537.36" 
178.155.6.24 - - [28/Apr/2021:13:29:01 -0700] "GET /GitHub-Mark.png HTTP/1.1" 200 7533 "http://www.secrepo.com/" "Mozilla/5.0 (Linux; Android 10; SAMSUNG SM-A750FN) AppleWebKit/537.36 (KHTML, like Gecko) SamsungBrowser/14.0 Chrome/87.0.4280.141 Mobile Safari/537.36" 
62.210.143.6 - - [28/Apr/2021:13:29:12 -0700] "GET /Datasets%20Description/Network/weird.html HTTP/1.1" 200 1645 "-" "Mozilla/5.0 (compatible; Barkrowler/0.9; +https://babbar.tech/crawler)" 
62.210.143.6 - - [28/Apr/2021:13:29:36 -0700] "GET /Datasets%20Description/Network/N/A HTTP/1.1" 404 328 "-" "Mozilla/5.0 (compatible; Barkrowler/0.9; +https://babbar.tech/crawler)" 
62.210.143.6 - - [28/Apr/2021:13:30:01 -0700] "GET /self.logs/2015/?C=D;O=D HTTP/1.1" 200 7767 "-" "Mozilla/5.0 (compatible; Barkrowler/0.9; +https://babbar.tech/crawler)" 
62.210.143.6 - - [28/Apr/2021:13:30:25 -0700] "GET /self.logs/2016/?C=D;O=D HTTP/1.1" 200 8072 "-" "Mozilla/5.0 (compatible; Barkrowler/0.9; +https://babbar.tech/crawler)" 
114.119.159.40 - - [28/Apr/2021:13:30:36 -0700] "GET /self.logs/access.log.2020-05-20.gz HTTP/1.1" 200 11340 "-" "Mozilla/5.0 (Linux; Android 7.0;) AppleWebKit/537.36 (KHTML, like Gecko) Mobile Safari/537.36 (compatible; PetalBot;+https://webmaster.petalsearch.com/site/petalbot)" 
62.210.143.6 - - [28/Apr/2021:13:30:50 -0700] "GET /Datasets%20Description/Network/ssh.html HTTP/1.1" 200 1368 "-" "Mozilla/5.0 (compatible; Barkrowler/0.9; +https://babbar.tech/crawler)" 
62.210.143.6 - - [28/Apr/2021:13:31:14 -0700] "GET /Datasets%20Description/Network/ssl.html HTTP/1.1" 200 1585 "-" "Mozilla/5.0 (compatible; Barkrowler/0.9; +https://babbar.tech/crawler)" 
62.210.143.6 - - [28/Apr/2021:13:31:39 -0700] "GET /Datasets%20Description/Network/signatures.html HTTP/1.1" 404 328 "-" "Mozilla/5.0 (compatible; Barkrowler/0.9; +https://babbar.tech/crawler)" 
62.210.143.6 - - [28/Apr/2021:13:32:03 -0700] "GET /Datasets%20Description/Network/?C=N;O=D HTTP/1.1" 200 765 "-" "Mozilla/5.0 (compatible; Barkrowler/0.9; +https://babbar.tech/crawler)" 
62.210.143.6 - - [28/Apr/2021:13:32:27 -0700] "GET /Datasets%20Description/Network/?C=N;O=A HTTP/1.1" 200 769 "-" "Mozilla/5.0 (compatible; Barkrowler/0.9; +https://babbar.tech/crawler)" 
62.210.143.6 - - [28/Apr/2021:13:32:52 -0700] "GET /Datasets%20Description/Network/?C=D;O=D HTTP/1.1" 200 765 "-" "Mozilla/5.0 (compatible; Barkrowler/0.9; +https://babbar.tech/crawler)" 
62.210.143.6 - - [28/Apr/2021:13:33:16 -0700] "GET /Datasets%20Description/Network/?C=M;O=D HTTP/1.1" 200 765 "-" "Mozilla/5.0 (compatible; Barkrowler/0.9; +https://babbar.tech/crawler)" 
62.210.143.6 - - [28/Apr/2021:13:33:41 -0700] "GET /Datasets%20Description/Network/?C=M;O=A HTTP/1.1" 200 769 "-" "Mozilla/5.0 (compatible; Barkrowler/0.9; +https://babbar.tech/crawler)" 
62.210.143.6 - - [28/Apr/2021:13:34:05 -0700] "GET /Datasets%20Description/Network/?C=S;O=D HTTP/1.1" 200 766 "-" "Mozilla/5.0 (compatible; Barkrowler/0.9; +https://babbar.tech/crawler)" 
62.210.143.6 - - [28/Apr/2021:13:34:30 -0700] "GET /Datasets%20Description/Network/?C=S;O=A HTTP/1.1" 200 766 "-" "Mozilla/5.0 (compatible; Barkrowler/0.9; +https://babbar.tech/crawler)" 
62.210.143.6 - - [28/Apr/2021:13:34:54 -0700] "GET /self.logs/access.log.2019-07-15 HTTP/1.1" 200 372562 "-" "Mozilla/5.0 (compatible; Barkrowler/0.9; +https://babbar.tech/crawler)" 
62.210.143.6 - - [28/Apr/2021:13:35:20 -0700] "GET /tg/tg_snort_full.7z HTTP/1.1" 200 7542360 "-" "Mozilla/5.0 (compatible; Barkrowler/0.9; +https://babbar.tech/crawler)" 
114.119.130.95 - - [28/Apr/2021:13:35:41 -0700] "GET /self.logs/access.log.2019-10-27.gz HTTP/1.1" 200 15667 "-" "Mozilla/5.0 (Linux; Android 7.0;) AppleWebKit/537.36 (KHTML, like Gecko) Mobile Safari/537.36 (compatible; PetalBot;+https://webmaster.petalsearch.com/site/petalbot)" 
62.210.143.6 - - [28/Apr/2021:13:35:45 -0700] "GET /Datasets%20Description/PE_malware/ HTTP/1.1" 200 686 "-" "Mozilla/5.0 (compatible; Barkrowler/0.9; +https://babbar.tech/crawler)" 
62.210.143.6 - - [28/Apr/2021:13:36:10 -0700] "GET /Datasets%20Description/Network/smtp.html HTTP/1.1" 200 1637 "-" "Mozilla/5.0 (compatible; Barkrowler/0.9; +https://babbar.tech/crawler)" 
62.210.143.6 - - [28/Apr/2021:13:36:34 -0700] "GET /Datasets%20Description/Network/tunnel.html HTTP/1.1" 200 1470 "-" "Mozilla/5.0 (compatible; Barkrowler/0.9; +https://babbar.tech/crawler)" 
5.34.180.192 - - [28/Apr/2021:13:36:43 -0700] "GET / HTTP/1.1" 200 48020 "https://xxxasianporn.net/" "Mozilla/4.0 (compatible; MSIE 5.5; Windows NT 5.0; T312461)" 
5.34.180.192 - - [28/Apr/2021:13:36:43 -0700] "GET / HTTP/1.1" 200 48020 "https://xxxasianporn.net/" "Mozilla/4.0 (compatible; MSIE 5.5; Windows NT 5.0; T312461)" 
5.34.180.192 - - [28/Apr/2021:13:36:44 -0700] "GET / HTTP/1.1" 200 48020 "https://xxxasianporn.net/" "Mozilla/4.0 (compatible; MSIE 5.5; Windows NT 5.0; T312461)" 
62.210.143.6 - - [28/Apr/2021:13:36:59 -0700] "GET /Datasets%20Description/Network/dhcp.html HTTP/1.1" 200 1461 "-" "Mozilla/5.0 (compatible; Barkrowler/0.9; +https://babbar.tech/crawler)" 
62.210.143.6 - - [28/Apr/2021:13:37:23 -0700] "GET /self.logs/error.log.2020-10-10 HTTP/1.1" 200 351 "-" "Mozilla/5.0 (compatible; Barkrowler/0.9; +https://babbar.tech/crawler)" 
62.210.143.6 - - [28/Apr/2021:13:37:48 -0700] "GET /self.logs/error.log.2019-07-15 HTTP/1.1" 200 23184 "-" "Mozilla/5.0 (compatible; Barkrowler/0.9; +https://babbar.tech/crawler)" 
62.210.143.6 - - [28/Apr/2021:13:38:12 -0700] "GET /self.logs/error.log.2019-10-07 HTTP/1.1" 200 351 "-" "Mozilla/5.0 (compatible; Barkrowler/0.9; +https://babbar.tech/crawler)" 
118.103.238.32 - - [28/Apr/2021:13:38:14 -0700] "GET /error.log.2020-08-15 HTTP/1.1" 404 284 "-" "-" 
118.103.238.32 - - [28/Apr/2021:13:38:15 -0700] "GET /error.log.2020-08-15 HTTP/1.1" 404 328 "https://www.google.com/" "Mozilla/5.0 (compatible; Googlebot/2.1; +http://www.google.com/bot.html)" 
62.210.143.6 - - [28/Apr/2021:13:38:37 -0700] "GET /self.logs/error.log.2019-10-13 HTTP/1.1" 200 351 "-" "Mozilla/5.0 (compatible; Barkrowler/0.9; +https://babbar.tech/crawler)" 
62.210.143.6 - - [28/Apr/2021:13:39:01 -0700] "GET /self.logs/error.log.2019-10-22 HTTP/1.1" 200 351 "-" "Mozilla/5.0 (compatible; Barkrowler/0.9; +https://babbar.tech/crawler)" 
