185.195.19.212 - - [28/Apr/2021:17:02:39 -0700] "HEAD /backups/secrepo.com.rar HTTP/1.1" 301 190 "-" "-" 
185.195.19.212 - - [28/Apr/2021:17:02:39 -0700] "HEAD /backups/secrepo.com.rar HTTP/1.1" 404 265 "-" "-" 
185.195.19.212 - - [28/Apr/2021:17:04:02 -0700] "HEAD /old/www.tar.gz HTTP/1.1" 301 181 "-" "-" 
185.195.19.212 - - [28/Apr/2021:17:04:02 -0700] "HEAD /old/www.tar.gz HTTP/1.1" 404 265 "-" "-" 
114.119.129.244 - - [28/Apr/2021:17:04:56 -0700] "GET /self.logs/access.log.2020-08-07.gz HTTP/1.1" 200 24758 "-" "Mozilla/5.0 (Linux; Android 7.0;) AppleWebKit/537.36 (KHTML, like Gecko) Mobile Safari/537.36 (compatible; PetalBot;+https://webmaster.petalsearch.com/site/petalbot)" 
185.195.19.212 - - [28/Apr/2021:17:07:23 -0700] "HEAD /directory.gz HTTP/1.1" 301 179 "-" "-" 
185.195.19.212 - - [28/Apr/2021:17:07:24 -0700] "HEAD /directory.gz HTTP/1.1" 404 265 "-" "-" 
185.195.19.212 - - [28/Apr/2021:17:08:16 -0700] "HEAD /mysql.sql HTTP/1.1" 301 176 "-" "-" 
185.195.19.212 - - [28/Apr/2021:17:08:17 -0700] "HEAD /mysql.sql HTTP/1.1" 404 265 "-" "-" 
114.119.150.248 - - [28/Apr/2021:17:10:01 -0700] "GET /self.logs/2015/access.log.2015-07-02.gz HTTP/1.1" 200 4103 "-" "Mozilla/5.0 (Linux; Android 7.0;) AppleWebKit/537.36 (KHTML, like Gecko) Mobile Safari/537.36 (compatible; PetalBot;+https://webmaster.petalsearch.com/site/petalbot)" 
118.103.238.32 - - [28/Apr/2021:17:10:42 -0700] "GET /error.log.2020-08-03 HTTP/1.1" 404 284 "-" "-" 
118.103.238.32 - - [28/Apr/2021:17:10:42 -0700] "GET /error.log.2020-08-03 HTTP/1.1" 404 328 "https://www.google.com/" "Mozilla/5.0 (compatible; Googlebot/2.1; +http://www.google.com/bot.html)" 
185.195.19.212 - - [28/Apr/2021:17:11:59 -0700] "HEAD /back/backup.sql.zip HTTP/1.1" 301 186 "-" "-" 
185.195.19.212 - - [28/Apr/2021:17:11:59 -0700] "HEAD /back/backup.sql.zip HTTP/1.1" 404 265 "-" "-" 
66.249.72.29 - - [28/Apr/2021:17:13:50 -0700] "GET / HTTP/1.1" 200 12883 "-" "Mozilla/5.0 (Linux; Android 6.0.1; Nexus 5X Build/MMB29P) AppleWebKit/537.36 (KHTML, like Gecko) Chrome/90.0.4430.84 Mobile Safari/537.36 (compatible; Googlebot/2.1; +http://www.google.com/bot.html)" 
202.102.127.178 - - [28/Apr/2021:17:14:33 -0700] "GET / HTTP/1.1" 200 12883 "https://gitee.com/zhangbo123321/Machine-Learning-for-Cyber-Security?_from=gitee_search" "Mozilla/5.0 (Windows NT 10.0; Win64; x64) AppleWebKit/537.36 (KHTML, like Gecko) Chrome/90.0.4430.85 Safari/537.36 Edg/90.0.818.49" 
202.102.127.178 - - [28/Apr/2021:17:14:34 -0700] "GET /css/style.css HTTP/1.1" 404 305 "http://www.secrepo.com/" "Mozilla/5.0 (Windows NT 10.0; Win64; x64) AppleWebKit/537.36 (KHTML, like Gecko) Chrome/90.0.4430.85 Safari/537.36 Edg/90.0.818.49" 
202.102.127.178 - - [28/Apr/2021:17:14:34 -0700] "GET /twitter-icon.png HTTP/1.1" 200 27916 "http://www.secrepo.com/" "Mozilla/5.0 (Windows NT 10.0; Win64; x64) AppleWebKit/537.36 (KHTML, like Gecko) Chrome/90.0.4430.85 Safari/537.36 Edg/90.0.818.49" 
202.102.127.178 - - [28/Apr/2021:17:14:34 -0700] "GET /GitHub-Mark.png HTTP/1.1" 200 7533 "http://www.secrepo.com/" "Mozilla/5.0 (Windows NT 10.0; Win64; x64) AppleWebKit/537.36 (KHTML, like Gecko) Chrome/90.0.4430.85 Safari/537.36 Edg/90.0.818.49" 
114.119.140.84 - - [28/Apr/2021:17:15:06 -0700] "GET /self.logs/access.log.2017-11-01.gz HTTP/1.1" 200 43369 "-" "Mozilla/5.0 (Linux; Android 7.0;) AppleWebKit/537.36 (KHTML, like Gecko) Mobile Safari/537.36 (compatible; PetalBot;+https://webmaster.petalsearch.com/site/petalbot)" 
66.249.72.2 - - [28/Apr/2021:17:16:09 -0700] "GET /css/style.css HTTP/1.1" 404 328 "http://www.secrepo.com/" "Mozilla/5.0 (Linux; Android 6.0.1; Nexus 5X Build/MMB29P) AppleWebKit/537.36 (KHTML, like Gecko) Chrome/89.0.4389.127 Mobile Safari/537.36 (compatible; Googlebot/2.1; +http://www.google.com/bot.html)" 
185.195.19.212 - - [28/Apr/2021:17:16:33 -0700] "HEAD /restore/directory.rar HTTP/1.1" 301 188 "-" "-" 
185.195.19.212 - - [28/Apr/2021:17:16:34 -0700] "HEAD /restore/directory.rar HTTP/1.1" 404 265 "-" "-" 
40.77.167.36 - - [28/Apr/2021:17:17:41 -0700] "GET /self.logs/error.log.2019-08-26.gz HTTP/1.1" 200 2369 "-" "Mozilla/5.0 (compatible; bingbot/2.0; +http://www.bing.com/bingbot.htm)" 
114.119.157.43 - - [28/Apr/2021:17:20:10 -0700] "GET /self.logs/2015/error.log.2015-04-06.gz HTTP/1.1" 200 729 "-" "Mozilla/5.0 (Linux; Android 7.0;) AppleWebKit/537.36 (KHTML, like Gecko) Mobile Safari/537.36 (compatible; PetalBot;+https://webmaster.petalsearch.com/site/petalbot)" 
185.195.19.212 - - [28/Apr/2021:17:22:32 -0700] "HEAD /backups/public_html.zip HTTP/1.1" 301 190 "-" "-" 
185.195.19.212 - - [28/Apr/2021:17:22:32 -0700] "HEAD /backups/public_html.zip HTTP/1.1" 404 265 "-" "-" 
40.77.167.61 - - [28/Apr/2021:17:22:41 -0700] "GET /self.logs/access.log.2020-09-11.gz HTTP/1.1" 200 36598 "-" "Mozilla/5.0 (compatible; bingbot/2.0; +http://www.bing.com/bingbot.htm)" 
185.195.19.212 - - [28/Apr/2021:17:23:17 -0700] "HEAD /back/backup.tar.gz HTTP/1.1" 301 185 "-" "-" 
185.195.19.212 - - [28/Apr/2021:17:23:18 -0700] "HEAD /back/backup.tar.gz HTTP/1.1" 404 265 "-" "-" 
185.195.19.212 - - [28/Apr/2021:17:25:07 -0700] "HEAD /backup.zip HTTP/1.1" 301 177 "-" "-" 
185.195.19.212 - - [28/Apr/2021:17:25:08 -0700] "HEAD /backup.zip HTTP/1.1" 404 265 "-" "-" 
114.119.150.248 - - [28/Apr/2021:17:25:15 -0700] "GET /self.logs/error.log.2017-06-18.gz HTTP/1.1" 200 1055 "-" "Mozilla/5.0 (Linux; Android 7.0;) AppleWebKit/537.36 (KHTML, like Gecko) Mobile Safari/537.36 (compatible; PetalBot;+https://webmaster.petalsearch.com/site/petalbot)" 
185.195.19.212 - - [28/Apr/2021:17:27:08 -0700] "HEAD /backup/bak.zip HTTP/1.1" 301 181 "-" "-" 
185.195.19.212 - - [28/Apr/2021:17:27:09 -0700] "HEAD /backup/bak.zip HTTP/1.1" 404 265 "-" "-" 
118.103.238.32 - - [28/Apr/2021:17:27:53 -0700] "GET /error.log.2020-08-02 HTTP/1.1" 404 284 "-" "-" 
118.103.238.32 - - [28/Apr/2021:17:27:53 -0700] "GET /error.log.2020-08-02 HTTP/1.1" 404 328 "https://www.google.com/" "Mozilla/5.0 (compatible; Googlebot/2.1; +http://www.google.com/bot.html)" 
185.195.19.212 - - [28/Apr/2021:17:28:17 -0700] "HEAD /backups/directory.tar.gz HTTP/1.1" 301 191 "-" "-" 
185.195.19.212 - - [28/Apr/2021:17:28:17 -0700] "HEAD /backups/directory.tar.gz HTTP/1.1" 404 265 "-" "-" 
114.119.155.228 - - [28/Apr/2021:17:30:22 -0700] "GET /self.logs/2015/access.log.2015-04-27.gz HTTP/1.1" 200 7380 "-" "Mozilla/5.0 (Linux; Android 7.0;) AppleWebKit/537.36 (KHTML, like Gecko) Mobile Safari/537.36 (compatible; PetalBot;+https://webmaster.petalsearch.com/site/petalbot)" 
185.191.171.38 - - [28/Apr/2021:17:32:54 -0700] "GET /robots.txt HTTP/1.1" 200 340 "-" "Mozilla/5.0 (compatible; SemrushBot/7~bl; +http://www.semrush.com/bot.html)" 
185.191.171.18 - - [28/Apr/2021:17:32:54 -0700] "GET /self.logs/error.log.2020-01-31 HTTP/1.1" 200 314 "-" "Mozilla/5.0 (compatible; SemrushBot/7~bl; +http://www.semrush.com/bot.html)" 
114.119.129.244 - - [28/Apr/2021:17:35:34 -0700] "GET /self.logs/2015/error.log.2015-03-07.gz HTTP/1.1" 200 1149 "-" "Mozilla/5.0 (Linux; Android 7.0;) AppleWebKit/537.36 (KHTML, like Gecko) Mobile Safari/537.36 (compatible; PetalBot;+https://webmaster.petalsearch.com/site/petalbot)" 
114.119.141.53 - - [28/Apr/2021:17:40:30 -0700] "GET /self.logs/error.log.2019-12-04.gz HTTP/1.1" 200 868 "-" "Mozilla/5.0 (Linux; Android 7.0;) AppleWebKit/537.36 (KHTML, like Gecko) Mobile Safari/537.36 (compatible; PetalBot;+https://webmaster.petalsearch.com/site/petalbot)" 
85.203.46.155 - - [28/Apr/2021:17:43:38 -0700] "HEAD /old/.well-known.zip HTTP/1.1" 301 186 "-" "-" 
85.203.46.155 - - [28/Apr/2021:17:43:38 -0700] "HEAD /old/.well-known.zip HTTP/1.1" 404 265 "-" "-" 
118.103.238.32 - - [28/Apr/2021:17:44:09 -0700] "GET /error.log.2020-08-01.gz HTTP/1.1" 404 284 "-" "-" 
118.103.238.32 - - [28/Apr/2021:17:44:09 -0700] "GET /error.log.2020-08-01.gz HTTP/1.1" 404 328 "https://www.google.com/" "Mozilla/5.0 (compatible; Googlebot/2.1; +http://www.google.com/bot.html)" 
114.119.150.248 - - [28/Apr/2021:17:45:37 -0700] "GET /self.logs/access.log.2018-08-10.gz HTTP/1.1" 200 22985 "-" "Mozilla/5.0 (Linux; Android 7.0;) AppleWebKit/537.36 (KHTML, like Gecko) Mobile Safari/537.36 (compatible; PetalBot;+https://webmaster.petalsearch.com/site/petalbot)" 
85.203.46.155 - - [28/Apr/2021:17:46:02 -0700] "HEAD /bak/latest.zip HTTP/1.1" 301 181 "-" "-" 
85.203.46.155 - - [28/Apr/2021:17:46:03 -0700] "HEAD /bak/latest.zip HTTP/1.1" 404 265 "-" "-" 
85.203.46.155 - - [28/Apr/2021:17:46:49 -0700] "HEAD /back/bak.tar.gz HTTP/1.1" 301 182 "-" "-" 
85.203.46.155 - - [28/Apr/2021:17:46:50 -0700] "HEAD /back/bak.tar.gz HTTP/1.1" 404 265 "-" "-" 
85.203.46.155 - - [28/Apr/2021:17:47:38 -0700] "HEAD /backups/.env HTTP/1.1" 301 179 "-" "-" 
85.203.46.155 - - [28/Apr/2021:17:47:38 -0700] "HEAD /backups/.env HTTP/1.1" 404 265 "-" "-" 
85.203.46.155 - - [28/Apr/2021:17:55:28 -0700] "HEAD /backups/www.tar.gz HTTP/1.1" 301 185 "-" "-" 
85.203.46.155 - - [28/Apr/2021:17:55:28 -0700] "HEAD /backups/www.tar.gz HTTP/1.1" 404 265 "-" "-" 
114.119.141.53 - - [28/Apr/2021:17:55:48 -0700] "GET /self.logs/access.log.2019-12-17.gz HTTP/1.1" 200 15447 "-" "Mozilla/5.0 (Linux; Android 7.0;) AppleWebKit/537.36 (KHTML, like Gecko) Mobile Safari/537.36 (compatible; PetalBot;+https://webmaster.petalsearch.com/site/petalbot)" 
85.203.46.155 - - [28/Apr/2021:17:58:30 -0700] "HEAD /backup/www.rar HTTP/1.1" 301 181 "-" "-" 
85.203.46.155 - - [28/Apr/2021:17:58:30 -0700] "HEAD /backup/www.rar HTTP/1.1" 404 265 "-" "-" 
118.103.238.32 - - [28/Apr/2021:18:00:46 -0700] "GET /error.log.2020-07-31.gz HTTP/1.1" 404 284 "-" "-" 
118.103.238.32 - - [28/Apr/2021:18:00:47 -0700] "GET /error.log.2020-07-31.gz HTTP/1.1" 404 328 "https://www.google.com/" "Mozilla/5.0 (compatible; Googlebot/2.1; +http://www.google.com/bot.html)" 
114.119.159.40 - - [28/Apr/2021:18:00:51 -0700] "GET /self.logs/access.log.2017-01-25.gz HTTP/1.1" 200 19179 "-" "Mozilla/5.0 (Linux; Android 7.0;) AppleWebKit/537.36 (KHTML, like Gecko) Mobile Safari/537.36 (compatible; PetalBot;+https://webmaster.petalsearch.com/site/petalbot)" 
85.203.46.155 - - [28/Apr/2021:18:01:54 -0700] "HEAD /backup/bak.gz HTTP/1.1" 301 180 "-" "-" 
85.203.46.155 - - [28/Apr/2021:18:01:55 -0700] "HEAD /backup/bak.gz HTTP/1.1" 404 265 "-" "-" 
85.203.46.155 - - [28/Apr/2021:18:02:01 -0700] "HEAD /back/sql.sql HTTP/1.1" 301 179 "-" "-" 
85.203.46.155 - - [28/Apr/2021:18:02:02 -0700] "HEAD /back/sql.sql HTTP/1.1" 404 265 "-" "-" 
185.113.173.86 - - [28/Apr/2021:18:04:49 -0700] "GET / HTTP/1.1" 301 475 "-" "Mozilla/5.0 (Windows NT 10.0; Win64; x64) AppleWebKit/537.36 (KHTML, like Gecko) Chrome/85.0.4183.121 Safari/537.36" 
185.113.173.86 - - [28/Apr/2021:18:04:50 -0700] "GET / HTTP/1.1" 200 12883 "-" "Mozilla/5.0 (Windows NT 10.0; Win64; x64) AppleWebKit/537.36 (KHTML, like Gecko) Chrome/85.0.4183.121 Safari/537.36" 
185.113.173.86 - - [28/Apr/2021:18:05:00 -0700] "GET / HTTP/1.1" 200 12883 "-" "Mozilla/5.0 (Windows NT 10.0; Win64; x64) AppleWebKit/537.36 (KHTML, like Gecko) Chrome/85.0.4183.121 Safari/537.36" 
185.113.173.86 - - [28/Apr/2021:18:05:24 -0700] "GET /maccdc2012/smtp.log.gz HTTP/1.1" 200 6956 "-" "Mozilla/5.0 (Windows NT 10.0; Win64; x64) AppleWebKit/537.36 (KHTML, like Gecko) Chrome/85.0.4183.121 Safari/537.36" 
185.113.173.86 - - [28/Apr/2021:18:05:29 -0700] "GET /maccdc2012/ssh.log.gz HTTP/1.1" 200 182567 "-" "Mozilla/5.0 (Windows NT 10.0; Win64; x64) AppleWebKit/537.36 (KHTML, like Gecko) Chrome/85.0.4183.121 Safari/537.36" 
85.203.46.155 - - [28/Apr/2021:18:05:37 -0700] "HEAD /index.zip HTTP/1.1" 301 176 "-" "-" 
85.203.46.155 - - [28/Apr/2021:18:05:38 -0700] "HEAD /index.zip HTTP/1.1" 404 265 "-" "-" 
185.113.173.86 - - [28/Apr/2021:18:05:45 -0700] "GET /maccdc2012/ssl.log.gz HTTP/1.1" 200 1311486 "-" "Mozilla/5.0 (Windows NT 10.0; Win64; x64) AppleWebKit/537.36 (KHTML, like Gecko) Chrome/85.0.4183.121 Safari/537.36" 
114.119.155.228 - - [28/Apr/2021:18:05:55 -0700] "GET /self.logs/access.log.2018-08-06.gz HTTP/1.1" 200 27126 "-" "Mozilla/5.0 (Linux; Android 7.0;) AppleWebKit/537.36 (KHTML, like Gecko) Mobile Safari/537.36 (compatible; PetalBot;+https://webmaster.petalsearch.com/site/petalbot)" 
185.113.173.86 - - [28/Apr/2021:18:06:40 -0700] "GET /maccdc2012/tunnel.log.gz HTTP/1.1" 200 5282 "-" "Mozilla/5.0 (Windows NT 10.0; Win64; x64) AppleWebKit/537.36 (KHTML, like Gecko) Chrome/85.0.4183.121 Safari/537.36" 
85.203.46.155 - - [28/Apr/2021:18:07:34 -0700] "HEAD /backup/.env HTTP/1.1" 301 178 "-" "-" 
85.203.46.155 - - [28/Apr/2021:18:07:34 -0700] "HEAD /backup/.env HTTP/1.1" 404 265 "-" "-" 
117.147.13.4 - - [28/Apr/2021:18:10:20 -0700] "GET / HTTP/1.1" 200 12883 "-" "Mozilla/5.0 (Windows NT 10.0; Win64; x64) AppleWebKit/537.36 (KHTML, like Gecko) Chrome/86.0.4240.111 Safari/537.36" 
117.147.13.4 - - [28/Apr/2021:18:10:20 -0700] "GET /css/style.css HTTP/1.1" 404 328 "http://www.secrepo.com/" "Mozilla/5.0 (Windows NT 10.0; Win64; x64) AppleWebKit/537.36 (KHTML, like Gecko) Chrome/86.0.4240.111 Safari/537.36" 
117.147.13.4 - - [28/Apr/2021:18:10:21 -0700] "GET /twitter-icon.png HTTP/1.1" 200 27893 "http://www.secrepo.com/" "Mozilla/5.0 (Windows NT 10.0; Win64; x64) AppleWebKit/537.36 (KHTML, like Gecko) Chrome/86.0.4240.111 Safari/537.36" 
117.147.13.4 - - [28/Apr/2021:18:10:21 -0700] "GET /GitHub-Mark.png HTTP/1.1" 200 7533 "http://www.secrepo.com/" "Mozilla/5.0 (Windows NT 10.0; Win64; x64) AppleWebKit/537.36 (KHTML, like Gecko) Chrome/86.0.4240.111 Safari/537.36" 
117.147.13.4 - - [28/Apr/2021:18:10:51 -0700] "GET /bootstrap/img/favicon.ico HTTP/1.1" 200 713 "http://www.secrepo.com/" "Mozilla/5.0 (Windows NT 10.0; Win64; x64) AppleWebKit/537.36 (KHTML, like Gecko) Chrome/86.0.4240.111 Safari/537.36" 
114.119.140.84 - - [28/Apr/2021:18:11:01 -0700] "GET /self.logs/error.log.2018-10-08.gz HTTP/1.1" 200 4676 "-" "Mozilla/5.0 (Linux; Android 7.0;) AppleWebKit/537.36 (KHTML, like Gecko) Mobile Safari/537.36 (compatible; PetalBot;+https://webmaster.petalsearch.com/site/petalbot)" 
185.113.173.86 - - [28/Apr/2021:18:06:47 -0700] "GET /maccdc2012/conn.log.gz HTTP/1.1" 200 158591040 "-" "Mozilla/5.0 (Windows NT 10.0; Win64; x64) AppleWebKit/537.36 (KHTML, like Gecko) Chrome/85.0.4183.121 Safari/537.36" 
85.203.46.155 - - [28/Apr/2021:18:14:31 -0700] "HEAD /back/backup.sql HTTP/1.1" 301 182 "-" "-" 
85.203.46.155 - - [28/Apr/2021:18:14:32 -0700] "HEAD /back/backup.sql HTTP/1.1" 404 265 "-" "-" 
85.203.46.155 - - [28/Apr/2021:18:15:10 -0700] "HEAD /restore/bak.rar HTTP/1.1" 301 182 "-" "-" 
85.203.46.155 - - [28/Apr/2021:18:15:10 -0700] "HEAD /restore/bak.rar HTTP/1.1" 404 265 "-" "-" 
118.103.238.32 - - [28/Apr/2021:18:17:29 -0700] "GET /error.log.2020-07-30 HTTP/1.1" 404 284 "-" "-" 
118.103.238.32 - - [28/Apr/2021:18:17:30 -0700] "GET /error.log.2020-07-30 HTTP/1.1" 404 328 "https://www.google.com/" "Mozilla/5.0 (compatible; Googlebot/2.1; +http://www.google.com/bot.html)" 
85.203.46.155 - - [28/Apr/2021:18:17:55 -0700] "HEAD /backup.sql HTTP/1.1" 301 177 "-" "-" 
85.203.46.155 - - [28/Apr/2021:18:17:56 -0700] "HEAD /backup.sql HTTP/1.1" 404 265 "-" "-" 
85.203.46.155 - - [28/Apr/2021:18:21:05 -0700] "HEAD /back/mysql.sql HTTP/1.1" 301 181 "-" "-" 
85.203.46.155 - - [28/Apr/2021:18:21:06 -0700] "HEAD /back/mysql.sql HTTP/1.1" 404 265 "-" "-" 
114.119.129.244 - - [28/Apr/2021:18:21:12 -0700] "GET /self.logs/2015/access.log.2015-03-28.gz HTTP/1.1" 200 3532 "-" "Mozilla/5.0 (Linux; Android 7.0;) AppleWebKit/537.36 (KHTML, like Gecko) Mobile Safari/537.36 (compatible; PetalBot;+https://webmaster.petalsearch.com/site/petalbot)" 
85.203.46.155 - - [28/Apr/2021:18:22:07 -0700] "HEAD /secrepo.com.tar.gz HTTP/1.1" 301 185 "-" "-" 
85.203.46.155 - - [28/Apr/2021:18:22:07 -0700] "HEAD /secrepo.com.tar.gz HTTP/1.1" 404 265 "-" "-" 
85.203.46.155 - - [28/Apr/2021:18:23:17 -0700] "HEAD /backups/backup.sql.gz HTTP/1.1" 301 188 "-" "-" 
85.203.46.155 - - [28/Apr/2021:18:23:17 -0700] "HEAD /backups/backup.sql.gz HTTP/1.1" 404 265 "-" "-" 
85.203.46.155 - - [28/Apr/2021:18:23:56 -0700] "HEAD /old/bak.rar HTTP/1.1" 301 178 "-" "-" 
85.203.46.155 - - [28/Apr/2021:18:23:56 -0700] "HEAD /old/bak.rar HTTP/1.1" 404 265 "-" "-" 
85.208.98.25 - - [28/Apr/2021:18:26:11 -0700] "GET /robots.txt HTTP/1.1" 200 333 "-" "Mozilla/5.0 (compatible; SemrushBot; +http://www.semrush.com/bot.html)" 
85.208.98.25 - - [28/Apr/2021:18:26:14 -0700] "HEAD / HTTP/1.1" 200 359 "-" "Mozilla/5.0 (compatible; SemrushBot; +http://www.semrush.com/bot.html)" 
114.119.159.40 - - [28/Apr/2021:18:26:16 -0700] "GET /self.logs/access.log.2017-12-27.gz HTTP/1.1" 200 20593 "-" "Mozilla/5.0 (Linux; Android 7.0;) AppleWebKit/537.36 (KHTML, like Gecko) Mobile Safari/537.36 (compatible; PetalBot;+https://webmaster.petalsearch.com/site/petalbot)" 
85.203.46.155 - - [28/Apr/2021:18:31:27 -0700] "HEAD /restore/mysql.sql HTTP/1.1" 301 184 "-" "-" 
85.203.46.155 - - [28/Apr/2021:18:31:27 -0700] "HEAD /restore/mysql.sql HTTP/1.1" 404 265 "-" "-" 
118.103.238.32 - - [28/Apr/2021:18:34:22 -0700] "GET /error.log.2020-07-29 HTTP/1.1" 404 284 "-" "-" 
118.103.238.32 - - [28/Apr/2021:18:34:22 -0700] "GET /error.log.2020-07-29 HTTP/1.1" 404 328 "https://www.google.com/" "Mozilla/5.0 (compatible; Googlebot/2.1; +http://www.google.com/bot.html)" 
114.119.159.101 - - [28/Apr/2021:18:36:26 -0700] "GET /self.logs/access.log.2017-05-27.gz HTTP/1.1" 200 11993 "-" "Mozilla/5.0 (Linux; Android 7.0;) AppleWebKit/537.36 (KHTML, like Gecko) Mobile Safari/537.36 (compatible; PetalBot;+https://webmaster.petalsearch.com/site/petalbot)" 
114.119.141.53 - - [28/Apr/2021:18:41:30 -0700] "GET /self.logs/2015/error.log.2015-07-24.gz HTTP/1.1" 200 1126 "-" "Mozilla/5.0 (Linux; Android 7.0;) AppleWebKit/537.36 (KHTML, like Gecko) Mobile Safari/537.36 (compatible; PetalBot;+https://webmaster.petalsearch.com/site/petalbot)" 
185.246.208.206 - - [28/Apr/2021:18:41:34 -0700] "HEAD /bak/public_html.zip HTTP/1.1" 301 186 "-" "-" 
185.246.208.206 - - [28/Apr/2021:18:41:35 -0700] "HEAD /bak/public_html.zip HTTP/1.1" 404 265 "-" "-" 
40.88.21.235 - - [28/Apr/2021:18:42:22 -0700] "GET / HTTP/1.1" 200 12884 "http://www.secrepo.com/" "Mozilla/5.0 (compatible; DuckDuckGo-Favicons-Bot/1.0; +http://duckduckgo.com)" 
40.88.21.235 - - [28/Apr/2021:18:42:22 -0700] "GET /bootstrap/img/favicon.ico HTTP/1.1" 200 690 "http://www.secrepo.com/bootstrap/img/favicon.ico" "Mozilla/5.0 (compatible; DuckDuckGo-Favicons-Bot/1.0; +http://duckduckgo.com)" 
185.246.208.206 - - [28/Apr/2021:18:44:21 -0700] "HEAD /backups/secrepo.com.gz HTTP/1.1" 301 189 "-" "-" 
185.246.208.206 - - [28/Apr/2021:18:44:21 -0700] "HEAD /backups/secrepo.com.gz HTTP/1.1" 404 265 "-" "-" 
49.7.20.72 - - [28/Apr/2021:18:45:07 -0700] "GET / HTTP/1.1" 200 12847 "-" "Sogou web spider/4.0(+http://www.sogou.com/docs/help/webmasters.htm#07)" 
185.246.208.206 - - [28/Apr/2021:18:46:35 -0700] "HEAD /old/.bash_history HTTP/1.1" 301 184 "-" "-" 
185.246.208.206 - - [28/Apr/2021:18:46:36 -0700] "HEAD /old/.bash_history HTTP/1.1" 404 265 "-" "-" 
114.119.157.43 - - [28/Apr/2021:18:46:37 -0700] "GET /self.logs/error.log.2020-02-09 HTTP/1.1" 200 351 "-" "Mozilla/5.0 (Linux; Android 7.0;) AppleWebKit/537.36 (KHTML, like Gecko) Mobile Safari/537.36 (compatible; PetalBot;+https://webmaster.petalsearch.com/site/petalbot)" 
185.246.208.206 - - [28/Apr/2021:18:46:59 -0700] "HEAD /public_html.tar.gz HTTP/1.1" 301 185 "-" "-" 
185.246.208.206 - - [28/Apr/2021:18:46:59 -0700] "HEAD /public_html.tar.gz HTTP/1.1" 404 265 "-" "-" 
118.103.238.32 - - [28/Apr/2021:18:51:59 -0700] "GET /error.log.2020-07-28 HTTP/1.1" 404 284 "-" "-" 
118.103.238.32 - - [28/Apr/2021:18:52:00 -0700] "GET /error.log.2020-07-28 HTTP/1.1" 404 328 "https://www.google.com/" "Mozilla/5.0 (compatible; Googlebot/2.1; +http://www.google.com/bot.html)" 
185.246.208.206 - - [28/Apr/2021:18:53:10 -0700] "HEAD /back/secrepo.com.tar.gz HTTP/1.1" 301 190 "-" "-" 
185.246.208.206 - - [28/Apr/2021:18:53:10 -0700] "HEAD /back/secrepo.com.tar.gz HTTP/1.1" 404 265 "-" "-" 
114.119.150.248 - - [28/Apr/2021:18:56:46 -0700] "GET /self.logs/error.log.2018-08-04.gz HTTP/1.1" 200 7804 "-" "Mozilla/5.0 (Linux; Android 7.0;) AppleWebKit/537.36 (KHTML, like Gecko) Mobile Safari/537.36 (compatible; PetalBot;+https://webmaster.petalsearch.com/site/petalbot)" 
185.246.208.206 - - [28/Apr/2021:18:57:18 -0700] "HEAD /backup.sql.zip HTTP/1.1" 301 181 "-" "-" 
185.246.208.206 - - [28/Apr/2021:18:57:19 -0700] "HEAD /backup.sql.zip HTTP/1.1" 404 265 "-" "-" 
185.246.208.206 - - [28/Apr/2021:19:01:18 -0700] "HEAD /back/wallet.dat HTTP/1.1" 301 182 "-" "-" 
185.246.208.206 - - [28/Apr/2021:19:01:19 -0700] "HEAD /back/wallet.dat HTTP/1.1" 404 265 "-" "-" 
114.119.140.84 - - [28/Apr/2021:19:01:52 -0700] "GET /self.logs/access.log.2017-04-04.gz HTTP/1.1" 200 40273 "-" "Mozilla/5.0 (Linux; Android 7.0;) AppleWebKit/537.36 (KHTML, like Gecko) Mobile Safari/537.36 (compatible; PetalBot;+https://webmaster.petalsearch.com/site/petalbot)" 
185.246.208.206 - - [28/Apr/2021:19:01:57 -0700] "HEAD /backup/backup.gz HTTP/1.1" 301 183 "-" "-" 
185.246.208.206 - - [28/Apr/2021:19:01:57 -0700] "HEAD /backup/backup.gz HTTP/1.1" 404 265 "-" "-" 
185.246.208.206 - - [28/Apr/2021:19:01:58 -0700] "HEAD /backup/secrepo.com.zip HTTP/1.1" 301 189 "-" "-" 
185.246.208.206 - - [28/Apr/2021:19:02:00 -0700] "HEAD /backup/secrepo.com.zip HTTP/1.1" 404 265 "-" "-" 
198.54.114.108 - - [28/Apr/2021:19:02:14 -0700] "GET /wp-admin/ HTTP/1.1" 301 437 "http://secrepo.com/" "Mozilla/5.0 (Windows NT 10.0; Win64; x64) AppleWebKit/537.36 (KHTML, like Gecko) Chrome/78.0.3904.97 Safari/537.36" 
198.54.114.108 - - [28/Apr/2021:19:02:14 -0700] "GET /wp-admin/ HTTP/1.1" 404 284 "http://secrepo.com/" "Mozilla/5.0 (Windows NT 10.0; Win64; x64) AppleWebKit/537.36 (KHTML, like Gecko) Chrome/78.0.3904.97 Safari/537.36" 
185.246.208.206 - - [28/Apr/2021:19:04:09 -0700] "HEAD /back/backup.sql.gz HTTP/1.1" 301 185 "-" "-" 
185.246.208.206 - - [28/Apr/2021:19:04:10 -0700] "HEAD /back/backup.sql.gz HTTP/1.1" 404 265 "-" "-" 
49.7.20.105 - - [28/Apr/2021:19:05:17 -0700] "GET / HTTP/1.1" 200 12847 "-" "Sogou web spider/4.0(+http://www.sogou.com/docs/help/webmasters.htm#07)" 
114.119.150.248 - - [28/Apr/2021:19:06:56 -0700] "GET /self.logs/access.log.2017-03-04.gz HTTP/1.1" 200 15727 "-" "Mozilla/5.0 (Linux; Android 7.0;) AppleWebKit/537.36 (KHTML, like Gecko) Mobile Safari/537.36 (compatible; PetalBot;+https://webmaster.petalsearch.com/site/petalbot)" 
118.103.238.32 - - [28/Apr/2021:19:08:22 -0700] "GET /error.log.2020-07-27.gz HTTP/1.1" 404 284 "-" "-" 
118.103.238.32 - - [28/Apr/2021:19:08:22 -0700] "GET /error.log.2020-07-27.gz HTTP/1.1" 404 328 "https://www.google.com/" "Mozilla/5.0 (compatible; Googlebot/2.1; +http://www.google.com/bot.html)" 
114.119.155.228 - - [28/Apr/2021:19:12:03 -0700] "GET /self.logs/2015/access.log.2015-11-03.gz HTTP/1.1" 200 7272 "-" "Mozilla/5.0 (Linux; Android 7.0;) AppleWebKit/537.36 (KHTML, like Gecko) Mobile Safari/537.36 (compatible; PetalBot;+https://webmaster.petalsearch.com/site/petalbot)" 
85.209.89.155 - - [28/Apr/2021:19:15:51 -0700] "GET / HTTP/1.0" 301 438 "http://secrepo.com/" "Mozilla/5.0 (Windows NT 6.3; Win64; x64) AppleWebKit/537.36 (KHTML, like Gecko) Chrome/83.0.4103.44 Safari/537.36" 
85.209.89.155 - - [28/Apr/2021:19:15:53 -0700] "GET / HTTP/1.0" 200 48027 "http://www.secrepo.com/" "Mozilla/5.0 (Windows NT 6.3; Win64; x64) AppleWebKit/537.36 (KHTML, like Gecko) Chrome/83.0.4103.44 Safari/537.36" 
114.119.157.43 - - [28/Apr/2021:19:17:07 -0700] "GET /self.logs/error.log.2020-06-07 HTTP/1.1" 200 351 "-" "Mozilla/5.0 (Linux; Android 7.0;) AppleWebKit/537.36 (KHTML, like Gecko) Mobile Safari/537.36 (compatible; PetalBot;+https://webmaster.petalsearch.com/site/petalbot)" 
185.246.208.206 - - [28/Apr/2021:19:18:07 -0700] "HEAD /backups/website.rar HTTP/1.1" 301 186 "-" "-" 
185.246.208.206 - - [28/Apr/2021:19:18:07 -0700] "HEAD /backups/website.rar HTTP/1.1" 404 265 "-" "-" 
185.246.208.206 - - [28/Apr/2021:19:22:43 -0700] "HEAD /bak/website.tar.gz HTTP/1.1" 301 185 "-" "-" 
185.246.208.206 - - [28/Apr/2021:19:22:43 -0700] "HEAD /bak/website.tar.gz HTTP/1.1" 404 265 "-" "-" 
114.119.150.248 - - [28/Apr/2021:19:22:55 -0700] "GET /self.logs/error.log.2017-08-23.gz HTTP/1.1" 200 888 "-" "Mozilla/5.0 (Linux; Android 7.0;) AppleWebKit/537.36 (KHTML, like Gecko) Mobile Safari/537.36 (compatible; PetalBot;+https://webmaster.petalsearch.com/site/petalbot)" 
118.103.238.32 - - [28/Apr/2021:19:24:11 -0700] "GET /error.log.2020-07-26 HTTP/1.1" 404 284 "-" "-" 
118.103.238.32 - - [28/Apr/2021:19:24:12 -0700] "GET /error.log.2020-07-26 HTTP/1.1" 404 328 "https://www.google.com/" "Mozilla/5.0 (compatible; Googlebot/2.1; +http://www.google.com/bot.html)" 
114.119.130.95 - - [28/Apr/2021:19:27:19 -0700] "GET /self.logs/error.log.2020-12-07.gz HTTP/1.1" 200 1075 "-" "Mozilla/5.0 (Linux; Android 7.0;) AppleWebKit/537.36 (KHTML, like Gecko) Mobile Safari/537.36 (compatible; PetalBot;+https://webmaster.petalsearch.com/site/petalbot)" 
54.36.148.17 - - [28/Apr/2021:19:29:05 -0700] "GET / HTTP/1.1" 200 12839 "-" "Mozilla/5.0 (compatible; AhrefsBot/7.0; +http://ahrefs.com/robot/)" 
52.212.146.96 - - [28/Apr/2021:19:30:02 -0700] "GET /self.logs/access.log.2021-04-22.gz HTTP/1.1" 200 31442 "-" "python-requests/2.12.1" 
52.212.146.96 - - [28/Apr/2021:19:30:02 -0700] "GET /self.logs/access.log.2021-04-23.gz HTTP/1.1" 200 20078 "-" "python-requests/2.12.1" 
52.212.146.96 - - [28/Apr/2021:19:30:02 -0700] "GET /self.logs/access.log.2021-04-24.gz HTTP/1.1" 200 16347 "-" "python-requests/2.12.1" 
52.212.146.96 - - [28/Apr/2021:19:30:02 -0700] "GET /self.logs/access.log.2021-04-25.gz HTTP/1.1" 200 26774 "-" "python-requests/2.12.1" 
52.212.146.96 - - [28/Apr/2021:19:30:03 -0700] "GET /self.logs/access.log.2021-04-26.gz HTTP/1.1" 404 328 "-" "python-requests/2.12.1" 
52.212.146.96 - - [28/Apr/2021:19:30:03 -0700] "GET /self.logs/access.log.2021-04-27.gz HTTP/1.1" 404 328 "-" "python-requests/2.12.1" 
52.212.146.96 - - [28/Apr/2021:19:30:03 -0700] "GET /self.logs/access.log.2021-04-28.gz HTTP/1.1" 404 328 "-" "python-requests/2.12.1" 
185.246.208.206 - - [28/Apr/2021:19:30:06 -0700] "HEAD /backup/public_html.zip HTTP/1.1" 301 189 "-" "-" 
185.246.208.206 - - [28/Apr/2021:19:30:06 -0700] "HEAD /backup/public_html.zip HTTP/1.1" 404 265 "-" "-" 
185.246.208.206 - - [28/Apr/2021:19:31:25 -0700] "HEAD /backups/directory.zip HTTP/1.1" 301 188 "-" "-" 
185.246.208.206 - - [28/Apr/2021:19:31:25 -0700] "HEAD /backups/directory.zip HTTP/1.1" 404 265 "-" "-" 
114.119.159.101 - - [28/Apr/2021:19:32:21 -0700] "GET /self.logs/error.log.2020-03-28 HTTP/1.1" 200 351 "-" "Mozilla/5.0 (Linux; Android 7.0;) AppleWebKit/537.36 (KHTML, like Gecko) Mobile Safari/537.36 (compatible; PetalBot;+https://webmaster.petalsearch.com/site/petalbot)" 
185.246.208.206 - - [28/Apr/2021:19:33:13 -0700] "HEAD /bak.tar.gz HTTP/1.1" 301 177 "-" "-" 
185.246.208.206 - - [28/Apr/2021:19:33:14 -0700] "HEAD /bak.tar.gz HTTP/1.1" 404 265 "-" "-" 
185.246.208.206 - - [28/Apr/2021:19:33:44 -0700] "HEAD /restore/wallet.dat HTTP/1.1" 301 185 "-" "-" 
185.246.208.206 - - [28/Apr/2021:19:33:44 -0700] "HEAD /restore/wallet.dat HTTP/1.1" 404 265 "-" "-" 
66.249.72.2 - - [28/Apr/2021:19:33:59 -0700] "GET / HTTP/1.1" 200 12884 "-" "Mozilla/5.0 (compatible; Googlebot/2.1; +http://www.google.com/bot.html)" 
185.246.208.206 - - [28/Apr/2021:19:35:24 -0700] "HEAD /website.zip HTTP/1.1" 301 178 "-" "-" 
185.246.208.206 - - [28/Apr/2021:19:35:24 -0700] "HEAD /website.zip HTTP/1.1" 404 265 "-" "-" 
207.46.13.129 - - [28/Apr/2021:19:36:40 -0700] "GET / HTTP/1.1" 200 12884 "-" "Mozilla/5.0 (compatible; bingbot/2.0; +http://www.bing.com/bingbot.htm)" 
49.7.20.102 - - [28/Apr/2021:19:40:23 -0700] "GET / HTTP/1.1" 200 12847 "-" "Sogou web spider/4.0(+http://www.sogou.com/docs/help/webmasters.htm#07)" 
118.103.238.32 - - [28/Apr/2021:19:40:30 -0700] "GET /error.log.2020-07-25 HTTP/1.1" 404 284 "-" "-" 
118.103.238.32 - - [28/Apr/2021:19:40:30 -0700] "GET /error.log.2020-07-25 HTTP/1.1" 404 328 "https://www.google.com/" "Mozilla/5.0 (compatible; Googlebot/2.1; +http://www.google.com/bot.html)" 
207.46.13.129 - - [28/Apr/2021:19:41:42 -0700] "GET / HTTP/1.1" 301 475 "-" "Mozilla/5.0 (compatible; bingbot/2.0; +http://www.bing.com/bingbot.htm)" 
40.77.167.36 - - [28/Apr/2021:19:44:38 -0700] "GET /self.logs/error.log.2020-05-16 HTTP/1.1" 200 351 "-" "Mozilla/5.0 (compatible; bingbot/2.0; +http://www.bing.com/bingbot.htm)" 
114.119.157.43 - - [28/Apr/2021:19:47:42 -0700] "GET /self.logs/access.log.2019-08-14.gz HTTP/1.1" 200 32890 "-" "Mozilla/5.0 (Linux; Android 7.0;) AppleWebKit/537.36 (KHTML, like Gecko) Mobile Safari/537.36 (compatible; PetalBot;+https://webmaster.petalsearch.com/site/petalbot)" 
49.7.20.105 - - [28/Apr/2021:19:48:02 -0700] "GET / HTTP/1.1" 200 12846 "-" "Sogou web spider/4.0(+http://www.sogou.com/docs/help/webmasters.htm#07)" 
49.7.20.102 - - [28/Apr/2021:19:52:30 -0700] "GET / HTTP/1.1" 200 12846 "-" "Sogou web spider/4.0(+http://www.sogou.com/docs/help/webmasters.htm#07)" 
114.119.159.40 - - [28/Apr/2021:19:52:42 -0700] "GET /self.logs/2015/access.log.2015-08-06.gz HTTP/1.1" 200 6219 "-" "Mozilla/5.0 (Linux; Android 7.0;) AppleWebKit/537.36 (KHTML, like Gecko) Mobile Safari/537.36 (compatible; PetalBot;+https://webmaster.petalsearch.com/site/petalbot)" 
118.103.238.32 - - [28/Apr/2021:19:56:13 -0700] "GET /error.log.2020-07-24 HTTP/1.1" 404 284 "-" "-" 
118.103.238.32 - - [28/Apr/2021:19:56:14 -0700] "GET /error.log.2020-07-24 HTTP/1.1" 404 328 "https://www.google.com/" "Mozilla/5.0 (compatible; Googlebot/2.1; +http://www.google.com/bot.html)" 
17.121.112.124 - - [28/Apr/2021:19:56:58 -0700] "GET /self.logs/error.log.2020-04-18 HTTP/1.1" 200 307 "-" "Mozilla/5.0 (Macintosh; Intel Mac OS X 10_15_5) AppleWebKit/605.1.15 (KHTML, like Gecko) Version/13.1.1 Safari/605.1.15 (Applebot/0.1; +http://www.apple.com/go/applebot)" 
114.119.141.53 - - [28/Apr/2021:19:57:47 -0700] "GET /maccdc2012/dns.log.gz HTTP/1.1" 200 6607379 "-" "Mozilla/5.0 (Linux; Android 7.0;) AppleWebKit/537.36 (KHTML, like Gecko) Mobile Safari/537.36 (compatible; PetalBot;+https://webmaster.petalsearch.com/site/petalbot)" 
114.119.155.228 - - [28/Apr/2021:20:02:53 -0700] "GET /self.logs/error.log.2018-11-17.gz HTTP/1.1" 200 4061 "-" "Mozilla/5.0 (Linux; Android 7.0;) AppleWebKit/537.36 (KHTML, like Gecko) Mobile Safari/537.36 (compatible; PetalBot;+https://webmaster.petalsearch.com/site/petalbot)" 
49.7.20.102 - - [28/Apr/2021:20:04:27 -0700] "GET / HTTP/1.1" 200 12845 "-" "Sogou web spider/4.0(+http://www.sogou.com/docs/help/webmasters.htm#07)" 
114.119.155.228 - - [28/Apr/2021:20:07:58 -0700] "GET /self.logs/error.log.2017-04-13.gz HTTP/1.1" 200 876 "-" "Mozilla/5.0 (Linux; Android 7.0;) AppleWebKit/537.36 (KHTML, like Gecko) Mobile Safari/537.36 (compatible; PetalBot;+https://webmaster.petalsearch.com/site/petalbot)" 
118.103.238.32 - - [28/Apr/2021:20:13:34 -0700] "GET /error.log.2020-07-23.gz HTTP/1.1" 404 284 "-" "-" 
118.103.238.32 - - [28/Apr/2021:20:13:35 -0700] "GET /error.log.2020-07-23.gz HTTP/1.1" 404 328 "https://www.google.com/" "Mozilla/5.0 (compatible; Googlebot/2.1; +http://www.google.com/bot.html)" 
49.7.20.102 - - [28/Apr/2021:20:15:48 -0700] "GET / HTTP/1.1" 200 12845 "-" "Sogou web spider/4.0(+http://www.sogou.com/docs/help/webmasters.htm#07)" 
114.119.159.101 - - [28/Apr/2021:20:18:07 -0700] "GET /self.logs/access.log.2017-08-01.gz HTTP/1.1" 200 30188 "-" "Mozilla/5.0 (Linux; Android 7.0;) AppleWebKit/537.36 (KHTML, like Gecko) Mobile Safari/537.36 (compatible; PetalBot;+https://webmaster.petalsearch.com/site/petalbot)" 
114.119.150.248 - - [28/Apr/2021:20:23:12 -0700] "GET /self.logs/error.log.2017-02-08.gz HTTP/1.1" 200 2143 "-" "Mozilla/5.0 (Linux; Android 7.0;) AppleWebKit/537.36 (KHTML, like Gecko) Mobile Safari/537.36 (compatible; PetalBot;+https://webmaster.petalsearch.com/site/petalbot)" 
49.7.20.102 - - [28/Apr/2021:20:27:29 -0700] "GET / HTTP/1.1" 200 12845 "-" "Sogou web spider/4.0(+http://www.sogou.com/docs/help/webmasters.htm#07)" 
114.119.159.101 - - [28/Apr/2021:20:28:18 -0700] "GET /self.logs/error.log.2019-11-18.gz HTTP/1.1" 200 1947 "-" "Mozilla/5.0 (Linux; Android 7.0;) AppleWebKit/537.36 (KHTML, like Gecko) Mobile Safari/537.36 (compatible; PetalBot;+https://webmaster.petalsearch.com/site/petalbot)" 
58.241.16.34 - - [28/Apr/2021:20:29:09 -0700] "GET / HTTP/1.1" 200 12882 "-" "Mozilla/5.0 (Windows NT 10.0; Win64; x64) AppleWebKit/537.36 (KHTML, like Gecko) Chrome/90.0.4430.93 Safari/537.36" 
58.241.16.34 - - [28/Apr/2021:20:29:09 -0700] "GET /GitHub-Mark.png HTTP/1.1" 200 7556 "http://www.secrepo.com/" "Mozilla/5.0 (Windows NT 10.0; Win64; x64) AppleWebKit/537.36 (KHTML, like Gecko) Chrome/90.0.4430.93 Safari/537.36" 
58.241.16.34 - - [28/Apr/2021:20:29:09 -0700] "GET /css/style.css HTTP/1.1" 404 305 "http://www.secrepo.com/" "Mozilla/5.0 (Windows NT 10.0; Win64; x64) AppleWebKit/537.36 (KHTML, like Gecko) Chrome/90.0.4430.93 Safari/537.36" 
58.241.16.34 - - [28/Apr/2021:20:29:09 -0700] "GET /twitter-icon.png HTTP/1.1" 200 27916 "http://www.secrepo.com/" "Mozilla/5.0 (Windows NT 10.0; Win64; x64) AppleWebKit/537.36 (KHTML, like Gecko) Chrome/90.0.4430.93 Safari/537.36" 
58.241.16.34 - - [28/Apr/2021:20:29:42 -0700] "GET /bootstrap/img/favicon.ico HTTP/1.1" 200 713 "http://www.secrepo.com/" "Mozilla/5.0 (Windows NT 10.0; Win64; x64) AppleWebKit/537.36 (KHTML, like Gecko) Chrome/90.0.4430.93 Safari/537.36" 
118.103.238.32 - - [28/Apr/2021:20:30:19 -0700] "GET /error.log.2020-07-22.gz HTTP/1.1" 404 284 "-" "-" 
118.103.238.32 - - [28/Apr/2021:20:30:19 -0700] "GET /error.log.2020-07-22.gz HTTP/1.1" 404 328 "https://www.google.com/" "Mozilla/5.0 (compatible; Googlebot/2.1; +http://www.google.com/bot.html)" 
114.119.157.43 - - [28/Apr/2021:20:33:22 -0700] "GET /self.logs/access.log.2017-05-17.gz HTTP/1.1" 200 30327 "-" "Mozilla/5.0 (Linux; Android 7.0;) AppleWebKit/537.36 (KHTML, like Gecko) Mobile Safari/537.36 (compatible; PetalBot;+https://webmaster.petalsearch.com/site/petalbot)" 
118.184.177.111 - - [28/Apr/2021:20:35:51 -0700] "GET / HTTP/1.1" 301 438 "-" "Sogou web spider/4.0(+http://www.sogou.com/docs/help/webmasters.htm#07)" 
118.184.177.111 - - [28/Apr/2021:20:37:06 -0700] "GET / HTTP/1.1" 200 12845 "-" "Sogou web spider/4.0(+http://www.sogou.com/docs/help/webmasters.htm#07)" 
207.46.13.101 - - [28/Apr/2021:20:37:40 -0700] "GET /self.logs/access.log.2021-01-24.gz HTTP/1.1" 200 25861 "-" "Mozilla/5.0 (compatible; bingbot/2.0; +http://www.bing.com/bingbot.htm)" 
49.7.20.105 - - [28/Apr/2021:20:37:51 -0700] "GET / HTTP/1.1" 200 12845 "-" "Sogou web spider/4.0(+http://www.sogou.com/docs/help/webmasters.htm#07)" 
49.7.20.102 - - [28/Apr/2021:20:39:28 -0700] "GET / HTTP/1.1" 200 12845 "-" "Sogou web spider/4.0(+http://www.sogou.com/docs/help/webmasters.htm#07)" 
185.246.208.201 - - [28/Apr/2021:20:43:22 -0700] "HEAD /bak/bak.rar HTTP/1.1" 301 178 "-" "-" 
185.246.208.201 - - [28/Apr/2021:20:43:22 -0700] "HEAD /bak/bak.rar HTTP/1.1" 404 265 "-" "-" 
185.191.171.8 - - [28/Apr/2021:20:43:42 -0700] "GET /robots.txt HTTP/1.1" 200 340 "-" "Mozilla/5.0 (compatible; SemrushBot/7~bl; +http://www.semrush.com/bot.html)" 
185.191.171.21 - - [28/Apr/2021:20:43:42 -0700] "GET /self.logs/access.log.2019-07-15 HTTP/1.1" 200 78840 "-" "Mozilla/5.0 (compatible; SemrushBot/7~bl; +http://www.semrush.com/bot.html)" 
185.246.208.201 - - [28/Apr/2021:20:45:31 -0700] "HEAD /backups/dump.sql HTTP/1.1" 301 183 "-" "-" 
185.246.208.201 - - [28/Apr/2021:20:45:31 -0700] "HEAD /backups/dump.sql HTTP/1.1" 404 265 "-" "-" 
185.246.208.201 - - [28/Apr/2021:20:46:22 -0700] "HEAD /bak/directory.tar.gz HTTP/1.1" 301 187 "-" "-" 
185.246.208.201 - - [28/Apr/2021:20:46:22 -0700] "HEAD /bak/directory.tar.gz HTTP/1.1" 404 265 "-" "-" 
118.103.238.32 - - [28/Apr/2021:20:47:09 -0700] "GET /error.log.2020-07-21 HTTP/1.1" 404 284 "-" "-" 
118.103.238.32 - - [28/Apr/2021:20:47:10 -0700] "GET /error.log.2020-07-21 HTTP/1.1" 404 328 "https://www.google.com/" "Mozilla/5.0 (compatible; Googlebot/2.1; +http://www.google.com/bot.html)" 
185.246.208.201 - - [28/Apr/2021:20:48:29 -0700] "HEAD /back/directory.rar HTTP/1.1" 301 185 "-" "-" 
185.246.208.201 - - [28/Apr/2021:20:48:30 -0700] "HEAD /back/directory.rar HTTP/1.1" 404 265 "-" "-" 
114.119.144.30 - - [28/Apr/2021:20:48:39 -0700] "GET /self.logs/error.log.2018-02-10.gz HTTP/1.1" 200 3837 "-" "Mozilla/5.0 (Linux; Android 7.0;) AppleWebKit/537.36 (KHTML, like Gecko) Mobile Safari/537.36 (compatible; PetalBot;+https://webmaster.petalsearch.com/site/petalbot)" 
49.7.20.102 - - [28/Apr/2021:20:52:14 -0700] "GET / HTTP/1.1" 200 12845 "-" "Sogou web spider/4.0(+http://www.sogou.com/docs/help/webmasters.htm#07)" 
66.249.72.29 - - [28/Apr/2021:20:54:45 -0700] "GET /Datasets%20Description/HTML_Bro_log_1/packet_filter.html HTTP/1.1" 200 1725 "-" "Mozilla/5.0 (Linux; Android 6.0.1; Nexus 5X Build/MMB29P) AppleWebKit/537.36 (KHTML, like Gecko) Chrome/90.0.4430.84 Mobile Safari/537.36 (compatible; Googlebot/2.1; +http://www.google.com/bot.html)" 
185.246.208.201 - - [28/Apr/2021:20:55:02 -0700] "HEAD /application.zip HTTP/1.1" 301 182 "-" "-" 
185.246.208.201 - - [28/Apr/2021:20:55:02 -0700] "HEAD /application.zip HTTP/1.1" 404 265 "-" "-" 
185.246.208.201 - - [28/Apr/2021:20:57:16 -0700] "HEAD /old/sftp-config.json HTTP/1.1" 301 187 "-" "-" 
185.246.208.201 - - [28/Apr/2021:20:57:16 -0700] "HEAD /old/sftp-config.json HTTP/1.1" 404 265 "-" "-" 
114.119.129.244 - - [28/Apr/2021:20:58:48 -0700] "GET /self.logs/access.log.2020-06-15.gz HTTP/1.1" 200 22191 "-" "Mozilla/5.0 (Linux; Android 7.0;) AppleWebKit/537.36 (KHTML, like Gecko) Mobile Safari/537.36 (compatible; PetalBot;+https://webmaster.petalsearch.com/site/petalbot)" 
185.246.208.201 - - [28/Apr/2021:20:58:55 -0700] "HEAD /backups/latest.zip HTTP/1.1" 301 185 "-" "-" 
185.246.208.201 - - [28/Apr/2021:20:58:55 -0700] "HEAD /backups/latest.zip HTTP/1.1" 404 265 "-" "-" 
40.77.167.36 - - [28/Apr/2021:21:00:29 -0700] "GET /self.logs/access.log.2020-01-28.gz HTTP/1.1" 200 10573 "-" "Mozilla/5.0 (compatible; bingbot/2.0; +http://www.bing.com/bingbot.htm)" 
185.246.208.201 - - [28/Apr/2021:21:00:42 -0700] "HEAD /old/dump.sql HTTP/1.1" 301 179 "-" "-" 
185.246.208.201 - - [28/Apr/2021:21:00:42 -0700] "HEAD /old/dump.sql HTTP/1.1" 404 265 "-" "-" 
185.246.208.201 - - [28/Apr/2021:21:01:40 -0700] "HEAD /restore/bak.tar.gz HTTP/1.1" 301 185 "-" "-" 
185.246.208.201 - - [28/Apr/2021:21:01:41 -0700] "HEAD /restore/bak.tar.gz HTTP/1.1" 404 265 "-" "-" 
114.119.144.30 - - [28/Apr/2021:21:03:52 -0700] "GET /domaindata/domainmovement.zip HTTP/1.1" 200 7437836 "-" "Mozilla/5.0 (Linux; Android 7.0;) AppleWebKit/537.36 (KHTML, like Gecko) Mobile Safari/537.36 (compatible; PetalBot;+https://webmaster.petalsearch.com/site/petalbot)" 
185.246.208.201 - - [28/Apr/2021:21:04:15 -0700] "HEAD /backup/public_html.gz HTTP/1.1" 301 188 "-" "-" 
185.246.208.201 - - [28/Apr/2021:21:04:16 -0700] "HEAD /backup/public_html.gz HTTP/1.1" 404 265 "-" "-" 
118.103.238.32 - - [28/Apr/2021:21:04:37 -0700] "GET /error.log.2020-07-20.gz HTTP/1.1" 404 284 "-" "-" 
118.103.238.32 - - [28/Apr/2021:21:04:37 -0700] "GET /error.log.2020-07-20.gz HTTP/1.1" 404 328 "https://www.google.com/" "Mozilla/5.0 (compatible; Googlebot/2.1; +http://www.google.com/bot.html)" 
185.246.208.201 - - [28/Apr/2021:21:05:40 -0700] "HEAD /dump.sql HTTP/1.1" 301 175 "-" "-" 
185.246.208.201 - - [28/Apr/2021:21:05:41 -0700] "HEAD /dump.sql HTTP/1.1" 404 265 "-" "-" 
49.7.20.102 - - [28/Apr/2021:21:07:37 -0700] "GET / HTTP/1.1" 200 12846 "-" "Sogou web spider/4.0(+http://www.sogou.com/docs/help/webmasters.htm#07)" 
185.246.208.201 - - [28/Apr/2021:21:10:24 -0700] "HEAD /restore/www.gz HTTP/1.1" 301 181 "-" "-" 
185.246.208.201 - - [28/Apr/2021:21:10:24 -0700] "HEAD /restore/www.gz HTTP/1.1" 404 265 "-" "-" 
185.246.208.201 - - [28/Apr/2021:21:15:27 -0700] "HEAD /bak/backup.sql.zip HTTP/1.1" 301 185 "-" "-" 
185.246.208.201 - - [28/Apr/2021:21:15:28 -0700] "HEAD /bak/backup.sql.zip HTTP/1.1" 404 265 "-" "-" 
185.246.208.201 - - [28/Apr/2021:21:16:42 -0700] "HEAD /backup/sftp-config.json HTTP/1.1" 301 190 "-" "-" 
185.246.208.201 - - [28/Apr/2021:21:16:43 -0700] "HEAD /backup/sftp-config.json HTTP/1.1" 404 265 "-" "-" 
185.246.208.201 - - [28/Apr/2021:21:16:57 -0700] "HEAD /old/credentials.txt HTTP/1.1" 301 186 "-" "-" 
185.246.208.201 - - [28/Apr/2021:21:16:57 -0700] "HEAD /old/credentials.txt HTTP/1.1" 404 265 "-" "-" 
114.119.130.95 - - [28/Apr/2021:21:19:09 -0700] "GET /self.logs/access.log.2018-12-12.gz HTTP/1.1" 200 22946 "-" "Mozilla/5.0 (Linux; Android 7.0;) AppleWebKit/537.36 (KHTML, like Gecko) Mobile Safari/537.36 (compatible; PetalBot;+https://webmaster.petalsearch.com/site/petalbot)" 
185.246.208.201 - - [28/Apr/2021:21:20:10 -0700] "HEAD /restore/directory.tar.gz HTTP/1.1" 301 191 "-" "-" 
185.246.208.201 - - [28/Apr/2021:21:20:11 -0700] "HEAD /restore/directory.tar.gz HTTP/1.1" 404 265 "-" "-" 
118.103.238.32 - - [28/Apr/2021:21:20:41 -0700] "GET /error.log.2020-07-19.gz HTTP/1.1" 404 284 "-" "-" 
118.103.238.32 - - [28/Apr/2021:21:20:42 -0700] "GET /error.log.2020-07-19.gz HTTP/1.1" 404 328 "https://www.google.com/" "Mozilla/5.0 (compatible; Googlebot/2.1; +http://www.google.com/bot.html)" 
185.246.208.201 - - [28/Apr/2021:21:21:34 -0700] "HEAD /backup/.well-known.zip HTTP/1.1" 301 189 "-" "-" 
185.246.208.201 - - [28/Apr/2021:21:21:34 -0700] "HEAD /backup/.well-known.zip HTTP/1.1" 404 265 "-" "-" 
49.7.20.102 - - [28/Apr/2021:21:24:11 -0700] "GET / HTTP/1.1" 200 12846 "-" "Sogou web spider/4.0(+http://www.sogou.com/docs/help/webmasters.htm#07)" 
185.246.208.201 - - [28/Apr/2021:21:25:27 -0700] "HEAD /bak/public_html.tar.gz HTTP/1.1" 301 189 "-" "-" 
185.246.208.201 - - [28/Apr/2021:21:25:28 -0700] "HEAD /bak/public_html.tar.gz HTTP/1.1" 404 265 "-" "-" 
185.246.208.201 - - [28/Apr/2021:21:27:16 -0700] "HEAD /backups/www.gz HTTP/1.1" 301 181 "-" "-" 
185.246.208.201 - - [28/Apr/2021:21:27:17 -0700] "HEAD /backups/www.gz HTTP/1.1" 404 265 "-" "-" 
52.250.57.13 - - [28/Apr/2021:21:28:42 -0700] "GET / HTTP/1.1" 200 12839 "-" "awesome_bot" 
114.119.155.228 - - [28/Apr/2021:21:29:16 -0700] "GET /self.logs/error.log.2019-09-08.gz HTTP/1.1" 200 1615 "-" "Mozilla/5.0 (Linux; Android 7.0;) AppleWebKit/537.36 (KHTML, like Gecko) Mobile Safari/537.36 (compatible; PetalBot;+https://webmaster.petalsearch.com/site/petalbot)" 
174.204.199.218 - - [28/Apr/2021:21:32:27 -0700] "GET / HTTP/1.1" 200 12883 "-" "Mozilla/5.0 (iPhone; CPU iPhone OS 14_4_2 like Mac OS X) AppleWebKit/605.1.15 (KHTML, like Gecko) Version/14.0.3 Mobile/15E148 Safari/604.1" 
114.119.159.101 - - [28/Apr/2021:21:34:21 -0700] "GET /self.logs/error.log.2017-04-15.gz HTTP/1.1" 200 863 "-" "Mozilla/5.0 (Linux; Android 7.0;) AppleWebKit/537.36 (KHTML, like Gecko) Mobile Safari/537.36 (compatible; PetalBot;+https://webmaster.petalsearch.com/site/petalbot)" 
185.246.208.201 - - [28/Apr/2021:21:35:25 -0700] "HEAD /.well-known.zip HTTP/1.1" 301 182 "-" "-" 
185.246.208.201 - - [28/Apr/2021:21:35:25 -0700] "HEAD /.well-known.zip HTTP/1.1" 404 265 "-" "-" 
54.36.148.192 - - [28/Apr/2021:21:36:30 -0700] "GET / HTTP/1.1" 200 12839 "-" "Mozilla/5.0 (compatible; AhrefsBot/7.0; +http://ahrefs.com/robot/)" 
118.103.238.32 - - [28/Apr/2021:21:37:26 -0700] "GET /error.log.2020-07-18 HTTP/1.1" 404 284 "-" "-" 
118.103.238.32 - - [28/Apr/2021:21:37:27 -0700] "GET /error.log.2020-07-18 HTTP/1.1" 404 328 "https://www.google.com/" "Mozilla/5.0 (compatible; Googlebot/2.1; +http://www.google.com/bot.html)" 
45.134.22.158 - - [28/Apr/2021:21:40:39 -0700] "HEAD /restore/latest.zip HTTP/1.1" 301 185 "-" "-" 
45.134.22.158 - - [28/Apr/2021:21:40:39 -0700] "HEAD /restore/latest.zip HTTP/1.1" 404 265 "-" "-" 
45.134.22.158 - - [28/Apr/2021:21:44:14 -0700] "HEAD /backup/www.tar.gz HTTP/1.1" 301 184 "-" "-" 
45.134.22.158 - - [28/Apr/2021:21:44:15 -0700] "HEAD /backup/www.tar.gz HTTP/1.1" 404 265 "-" "-" 
114.119.141.53 - - [28/Apr/2021:21:44:31 -0700] "GET /self.logs/access.log.2018-09-05.gz HTTP/1.1" 200 24924 "-" "Mozilla/5.0 (Linux; Android 7.0;) AppleWebKit/537.36 (KHTML, like Gecko) Mobile Safari/537.36 (compatible; PetalBot;+https://webmaster.petalsearch.com/site/petalbot)" 
45.134.22.158 - - [28/Apr/2021:21:44:44 -0700] "HEAD /old/backup.zip HTTP/1.1" 301 181 "-" "-" 
45.134.22.158 - - [28/Apr/2021:21:44:44 -0700] "HEAD /old/backup.zip HTTP/1.1" 404 265 "-" "-" 
49.7.20.102 - - [28/Apr/2021:21:47:03 -0700] "GET / HTTP/1.1" 200 12846 "-" "Sogou web spider/4.0(+http://www.sogou.com/docs/help/webmasters.htm#07)" 
114.119.130.95 - - [28/Apr/2021:21:49:48 -0700] "GET /self.logs/access.log.2017-10-24.gz HTTP/1.1" 200 43578 "-" "Mozilla/5.0 (Linux; Android 7.0;) AppleWebKit/537.36 (KHTML, like Gecko) Mobile Safari/537.36 (compatible; PetalBot;+https://webmaster.petalsearch.com/site/petalbot)" 
45.134.22.158 - - [28/Apr/2021:21:52:01 -0700] "HEAD /www.tar.gz HTTP/1.1" 301 177 "-" "-" 
45.134.22.158 - - [28/Apr/2021:21:52:01 -0700] "HEAD /www.tar.gz HTTP/1.1" 404 265 "-" "-" 
118.103.238.32 - - [28/Apr/2021:21:53:07 -0700] "GET /error.log.2020-07-17 HTTP/1.1" 404 284 "-" "-" 
118.103.238.32 - - [28/Apr/2021:21:53:07 -0700] "GET /error.log.2020-07-17 HTTP/1.1" 404 328 "https://www.google.com/" "Mozilla/5.0 (compatible; Googlebot/2.1; +http://www.google.com/bot.html)" 
45.134.22.158 - - [28/Apr/2021:21:53:28 -0700] "HEAD /old/directory.zip HTTP/1.1" 301 184 "-" "-" 
45.134.22.158 - - [28/Apr/2021:21:53:28 -0700] "HEAD /old/directory.zip HTTP/1.1" 404 265 "-" "-" 
114.119.129.244 - - [28/Apr/2021:21:54:40 -0700] "GET /self.logs/error.log.2018-02-19.gz HTTP/1.1" 200 4070 "-" "Mozilla/5.0 (Linux; Android 7.0;) AppleWebKit/537.36 (KHTML, like Gecko) Mobile Safari/537.36 (compatible; PetalBot;+https://webmaster.petalsearch.com/site/petalbot)" 
45.134.22.158 - - [28/Apr/2021:21:55:39 -0700] "HEAD /backup/backup.sql.gz HTTP/1.1" 301 187 "-" "-" 
45.134.22.158 - - [28/Apr/2021:21:55:40 -0700] "HEAD /backup/backup.sql.gz HTTP/1.1" 404 265 "-" "-" 
45.134.22.158 - - [28/Apr/2021:21:56:44 -0700] "HEAD /backups/.well-known.zip HTTP/1.1" 301 190 "-" "-" 
45.134.22.158 - - [28/Apr/2021:21:56:45 -0700] "HEAD /backups/.well-known.zip HTTP/1.1" 404 265 "-" "-" 
45.134.22.158 - - [28/Apr/2021:21:57:17 -0700] "HEAD /restore/www.sql HTTP/1.1" 301 182 "-" "-" 
45.134.22.158 - - [28/Apr/2021:21:57:18 -0700] "HEAD /restore/www.sql HTTP/1.1" 404 265 "-" "-" 
45.134.22.158 - - [28/Apr/2021:21:57:54 -0700] "HEAD /old/bak.zip HTTP/1.1" 301 178 "-" "-" 
45.134.22.158 - - [28/Apr/2021:21:57:54 -0700] "HEAD /old/bak.zip HTTP/1.1" 404 265 "-" "-" 
114.119.150.248 - - [28/Apr/2021:21:59:51 -0700] "GET /self.logs/access.log.2017-01-20.gz HTTP/1.1" 200 13014 "-" "Mozilla/5.0 (Linux; Android 7.0;) AppleWebKit/537.36 (KHTML, like Gecko) Mobile Safari/537.36 (compatible; PetalBot;+https://webmaster.petalsearch.com/site/petalbot)" 
45.134.22.158 - - [28/Apr/2021:22:04:03 -0700] "HEAD /backup/credentials.txt HTTP/1.1" 301 189 "-" "-" 
45.134.22.158 - - [28/Apr/2021:22:04:03 -0700] "HEAD /backup/credentials.txt HTTP/1.1" 404 265 "-" "-" 
114.119.141.53 - - [28/Apr/2021:22:04:49 -0700] "GET /self.logs/access.log.2020-12-18.gz HTTP/1.1" 200 19522 "-" "Mozilla/5.0 (Linux; Android 7.0;) AppleWebKit/537.36 (KHTML, like Gecko) Mobile Safari/537.36 (compatible; PetalBot;+https://webmaster.petalsearch.com/site/petalbot)" 
45.134.22.158 - - [28/Apr/2021:22:04:50 -0700] "HEAD /bak/bak.tar.gz HTTP/1.1" 301 181 "-" "-" 
45.134.22.158 - - [28/Apr/2021:22:04:50 -0700] "HEAD /bak/bak.tar.gz HTTP/1.1" 404 265 "-" "-" 
45.134.22.158 - - [28/Apr/2021:22:04:54 -0700] "HEAD /bak/website.gz HTTP/1.1" 301 181 "-" "-" 
45.134.22.158 - - [28/Apr/2021:22:04:56 -0700] "HEAD /bak/website.gz HTTP/1.1" 404 265 "-" "-" 
45.134.22.158 - - [28/Apr/2021:22:08:54 -0700] "HEAD /restore/bak.zip HTTP/1.1" 301 182 "-" "-" 
45.134.22.158 - - [28/Apr/2021:22:08:54 -0700] "HEAD /restore/bak.zip HTTP/1.1" 404 265 "-" "-" 
40.77.167.26 - - [28/Apr/2021:22:09:09 -0700] "GET /self.logs/error.log.2019-01-11.gz HTTP/1.1" 304 280 "-" "Mozilla/5.0 (compatible; bingbot/2.0; +http://www.bing.com/bingbot.htm)" 
114.119.150.248 - - [28/Apr/2021:22:09:58 -0700] "GET /self.logs/error.log.2021-01-09 HTTP/1.1" 200 351 "-" "Mozilla/5.0 (Linux; Android 7.0;) AppleWebKit/537.36 (KHTML, like Gecko) Mobile Safari/537.36 (compatible; PetalBot;+https://webmaster.petalsearch.com/site/petalbot)" 
49.7.20.102 - - [28/Apr/2021:22:10:25 -0700] "GET / HTTP/1.1" 200 12846 "-" "Sogou web spider/4.0(+http://www.sogou.com/docs/help/webmasters.htm#07)" 
118.103.238.32 - - [28/Apr/2021:22:10:57 -0700] "GET /error.log.2020-07-16.gz HTTP/1.1" 404 284 "-" "-" 
118.103.238.32 - - [28/Apr/2021:22:10:57 -0700] "GET /error.log.2020-07-16.gz HTTP/1.1" 404 328 "https://www.google.com/" "Mozilla/5.0 (compatible; Googlebot/2.1; +http://www.google.com/bot.html)" 
114.119.130.95 - - [28/Apr/2021:22:15:09 -0700] "GET /self.logs/access.log.2018-02-18.gz HTTP/1.1" 200 14917 "-" "Mozilla/5.0 (Linux; Android 7.0;) AppleWebKit/537.36 (KHTML, like Gecko) Mobile Safari/537.36 (compatible; PetalBot;+https://webmaster.petalsearch.com/site/petalbot)" 
45.134.22.158 - - [28/Apr/2021:22:17:37 -0700] "HEAD /secrepo.com.gz HTTP/1.1" 301 181 "-" "-" 
45.134.22.158 - - [28/Apr/2021:22:17:37 -0700] "HEAD /secrepo.com.gz HTTP/1.1" 404 265 "-" "-" 
45.134.22.158 - - [28/Apr/2021:22:17:56 -0700] "HEAD /bak/public_html.gz HTTP/1.1" 301 185 "-" "-" 
45.134.22.158 - - [28/Apr/2021:22:17:57 -0700] "HEAD /bak/public_html.gz HTTP/1.1" 404 265 "-" "-" 
114.119.130.95 - - [28/Apr/2021:22:20:04 -0700] "GET /self.logs/access.log.2019-05-11.gz HTTP/1.1" 200 21585 "-" "Mozilla/5.0 (Linux; Android 7.0;) AppleWebKit/537.36 (KHTML, like Gecko) Mobile Safari/537.36 (compatible; PetalBot;+https://webmaster.petalsearch.com/site/petalbot)" 
45.134.22.158 - - [28/Apr/2021:22:20:32 -0700] "HEAD /restore/www.zip HTTP/1.1" 301 182 "-" "-" 
