62.210.143.6 - - [28/Apr/2021:13:39:26 -0700] "GET /self.logs/error.log.2019-12-22 HTTP/1.1" 200 351 "-" "Mozilla/5.0 (compatible; Barkrowler/0.9; +https://babbar.tech/crawler)" 
1.20.184.238 - - [28/Apr/2021:13:39:41 -0700] "GET /.env HTTP/1.1" 301 483 "-" "Mozilla/5.0 (Macintosh; Intel Mac OS X 10.15; rv:77.0) Gecko/20100101 Firefox/77.0" 
1.20.184.238 - - [28/Apr/2021:13:39:41 -0700] "GET /.env HTTP/1.1" 404 519 "-" "Mozilla/5.0 (Macintosh; Intel Mac OS X 10.15; rv:77.0) Gecko/20100101 Firefox/77.0" 
62.210.143.6 - - [28/Apr/2021:13:39:50 -0700] "GET /self.logs/error.log.2019-12-24 HTTP/1.1" 200 351 "-" "Mozilla/5.0 (compatible; Barkrowler/0.9; +https://babbar.tech/crawler)" 
40.77.167.61 - - [28/Apr/2021:13:40:06 -0700] "GET /self.logs/access.log.2017-12-08.gz HTTP/1.1" 304 281 "-" "Mozilla/5.0 (compatible; bingbot/2.0; +http://www.bing.com/bingbot.htm)" 
62.210.143.6 - - [28/Apr/2021:13:40:15 -0700] "GET /self.logs/error.log.2019-12-08 HTTP/1.1" 200 351 "-" "Mozilla/5.0 (compatible; Barkrowler/0.9; +https://babbar.tech/crawler)" 
62.210.143.6 - - [28/Apr/2021:13:40:39 -0700] "GET /self.logs/error.log.2019-09-13 HTTP/1.1" 200 3758 "-" "Mozilla/5.0 (compatible; Barkrowler/0.9; +https://babbar.tech/crawler)" 
114.119.144.30 - - [28/Apr/2021:13:40:50 -0700] "GET /self.logs/error.log.2017-07-04.gz HTTP/1.1" 200 927 "-" "Mozilla/5.0 (Linux; Android 7.0;) AppleWebKit/537.36 (KHTML, like Gecko) Mobile Safari/537.36 (compatible; PetalBot;+https://webmaster.petalsearch.com/site/petalbot)" 
62.210.143.6 - - [28/Apr/2021:13:41:04 -0700] "GET /self.logs/error.log.2019-08-09 HTTP/1.1" 200 351 "-" "Mozilla/5.0 (compatible; Barkrowler/0.9; +https://babbar.tech/crawler)" 
62.210.143.6 - - [28/Apr/2021:13:41:28 -0700] "GET /self.logs/error.log.2019-08-08 HTTP/1.1" 200 1349 "-" "Mozilla/5.0 (compatible; Barkrowler/0.9; +https://babbar.tech/crawler)" 
62.210.143.6 - - [28/Apr/2021:13:41:53 -0700] "GET /tg/tg_snort_fast.7z HTTP/1.1" 200 4274204 "-" "Mozilla/5.0 (compatible; Barkrowler/0.9; +https://babbar.tech/crawler)" 
62.210.143.6 - - [28/Apr/2021:13:42:18 -0700] "GET /Datasets%20Description/HTML_Bro_log_2 HTTP/1.1" 301 619 "-" "Mozilla/5.0 (compatible; Barkrowler/0.9; +https://babbar.tech/crawler)" 
62.210.143.6 - - [28/Apr/2021:13:42:43 -0700] "GET /Datasets%20Description/HTML_Bro_log_1/ HTTP/1.1" 200 834 "-" "Mozilla/5.0 (compatible; Barkrowler/0.9; +https://babbar.tech/crawler)" 
62.210.143.6 - - [28/Apr/2021:13:43:07 -0700] "GET /Datasets%20Description/HTML_Bro_log_1 HTTP/1.1" 301 619 "-" "Mozilla/5.0 (compatible; Barkrowler/0.9; +https://babbar.tech/crawler)" 
62.210.143.6 - - [28/Apr/2021:13:43:32 -0700] "GET /self.logs/error.log.2021-01-09 HTTP/1.1" 200 351 "-" "Mozilla/5.0 (compatible; Barkrowler/0.9; +https://babbar.tech/crawler)" 
62.210.143.6 - - [28/Apr/2021:13:43:56 -0700] "GET /self.logs/error.log.2021-01-02 HTTP/1.1" 200 351 "-" "Mozilla/5.0 (compatible; Barkrowler/0.9; +https://babbar.tech/crawler)" 
62.210.143.6 - - [28/Apr/2021:13:44:21 -0700] "GET /self.logs/error.log.2021-01-19 HTTP/1.1" 200 351 "-" "Mozilla/5.0 (compatible; Barkrowler/0.9; +https://babbar.tech/crawler)" 
62.210.143.6 - - [28/Apr/2021:13:44:45 -0700] "GET /self.logs/error.log.2021-03-08 HTTP/1.1" 200 1689 "-" "Mozilla/5.0 (compatible; Barkrowler/0.9; +https://babbar.tech/crawler)" 
62.210.143.6 - - [28/Apr/2021:13:45:10 -0700] "GET /self.logs/error.log.2021-01-07 HTTP/1.1" 200 351 "-" "Mozilla/5.0 (compatible; Barkrowler/0.9; +https://babbar.tech/crawler)" 
62.210.143.6 - - [28/Apr/2021:13:45:34 -0700] "GET /self.logs/error.log.2021-01-22 HTTP/1.1" 200 1685 "-" "Mozilla/5.0 (compatible; Barkrowler/0.9; +https://babbar.tech/crawler)" 
114.119.157.43 - - [28/Apr/2021:13:45:56 -0700] "GET /self.logs/error.log.2018-10-21.gz HTTP/1.1" 200 5194 "-" "Mozilla/5.0 (Linux; Android 7.0;) AppleWebKit/537.36 (KHTML, like Gecko) Mobile Safari/537.36 (compatible; PetalBot;+https://webmaster.petalsearch.com/site/petalbot)" 
62.210.143.6 - - [28/Apr/2021:13:45:59 -0700] "GET /self.logs/error.log.2021-01-18 HTTP/1.1" 200 351 "-" "Mozilla/5.0 (compatible; Barkrowler/0.9; +https://babbar.tech/crawler)" 
17.121.115.87 - - [28/Apr/2021:13:46:20 -0700] "GET /self.logs/error.log.2020-04-27 HTTP/1.1" 200 307 "-" "Mozilla/5.0 (Macintosh; Intel Mac OS X 10_15_5) AppleWebKit/605.1.15 (KHTML, like Gecko) Version/13.1.1 Safari/605.1.15 (Applebot/0.1; +http://www.apple.com/go/applebot)" 
62.210.143.6 - - [28/Apr/2021:13:46:23 -0700] "GET /self.logs/error.log.2021-01-01 HTTP/1.1" 200 351 "-" "Mozilla/5.0 (compatible; Barkrowler/0.9; +https://babbar.tech/crawler)" 
62.210.143.6 - - [28/Apr/2021:13:46:47 -0700] "GET /self.logs/error.log.2021-01-16 HTTP/1.1" 200 351 "-" "Mozilla/5.0 (compatible; Barkrowler/0.9; +https://babbar.tech/crawler)" 
62.210.143.6 - - [28/Apr/2021:13:47:12 -0700] "GET /self.logs/error.log.2021-01-29 HTTP/1.1" 200 351 "-" "Mozilla/5.0 (compatible; Barkrowler/0.9; +https://babbar.tech/crawler)" 
49.36.134.61 - - [28/Apr/2021:13:47:34 -0700] "GET / HTTP/1.1" 200 12883 "-" "Mozilla/5.0 (Macintosh; Intel Mac OS X 10_14_6) AppleWebKit/537.36 (KHTML, like Gecko) Chrome/90.0.4430.85 Safari/537.36" 
49.36.134.61 - - [28/Apr/2021:13:47:34 -0700] "GET /css/style.css HTTP/1.1" 404 305 "http://www.secrepo.com/" "Mozilla/5.0 (Macintosh; Intel Mac OS X 10_14_6) AppleWebKit/537.36 (KHTML, like Gecko) Chrome/90.0.4430.85 Safari/537.36" 
49.36.134.61 - - [28/Apr/2021:13:47:34 -0700] "GET /twitter-icon.png HTTP/1.1" 200 27916 "http://www.secrepo.com/" "Mozilla/5.0 (Macintosh; Intel Mac OS X 10_14_6) AppleWebKit/537.36 (KHTML, like Gecko) Chrome/90.0.4430.85 Safari/537.36" 
49.36.134.61 - - [28/Apr/2021:13:47:35 -0700] "GET /GitHub-Mark.png HTTP/1.1" 200 7533 "http://www.secrepo.com/" "Mozilla/5.0 (Macintosh; Intel Mac OS X 10_14_6) AppleWebKit/537.36 (KHTML, like Gecko) Chrome/90.0.4430.85 Safari/537.36" 
49.36.134.61 - - [28/Apr/2021:13:47:35 -0700] "GET /bootstrap/img/favicon.ico HTTP/1.1" 200 690 "http://www.secrepo.com/" "Mozilla/5.0 (Macintosh; Intel Mac OS X 10_14_6) AppleWebKit/537.36 (KHTML, like Gecko) Chrome/90.0.4430.85 Safari/537.36" 
62.210.143.6 - - [28/Apr/2021:13:47:36 -0700] "GET /self.logs/error.log.2021-01-04 HTTP/1.1" 200 351 "-" "Mozilla/5.0 (compatible; Barkrowler/0.9; +https://babbar.tech/crawler)" 
62.210.143.6 - - [28/Apr/2021:13:48:01 -0700] "GET /self.logs/error.log.2021-01-14 HTTP/1.1" 200 351 "-" "Mozilla/5.0 (compatible; Barkrowler/0.9; +https://babbar.tech/crawler)" 
62.210.143.6 - - [28/Apr/2021:13:48:25 -0700] "GET /self.logs/error.log.2021-01-05 HTTP/1.1" 200 351 "-" "Mozilla/5.0 (compatible; Barkrowler/0.9; +https://babbar.tech/crawler)" 
62.210.143.6 - - [28/Apr/2021:13:48:50 -0700] "GET /self.logs/error.log.2021-03-02 HTTP/1.1" 200 2026 "-" "Mozilla/5.0 (compatible; Barkrowler/0.9; +https://babbar.tech/crawler)" 
62.210.143.6 - - [28/Apr/2021:13:49:14 -0700] "GET /self.logs/error.log.2021-03-05 HTTP/1.1" 200 351 "-" "Mozilla/5.0 (compatible; Barkrowler/0.9; +https://babbar.tech/crawler)" 
62.210.143.6 - - [28/Apr/2021:13:49:39 -0700] "GET /self.logs/error.log.2021-01-15 HTTP/1.1" 200 351 "-" "Mozilla/5.0 (compatible; Barkrowler/0.9; +https://babbar.tech/crawler)" 
62.210.143.6 - - [28/Apr/2021:13:50:03 -0700] "GET /self.logs/error.log.2020-01-20 HTTP/1.1" 200 351 "-" "Mozilla/5.0 (compatible; Barkrowler/0.9; +https://babbar.tech/crawler)" 
62.210.143.6 - - [28/Apr/2021:13:50:28 -0700] "GET /self.logs/error.log.2020-03-19 HTTP/1.1" 200 351 "-" "Mozilla/5.0 (compatible; Barkrowler/0.9; +https://babbar.tech/crawler)" 
62.210.143.6 - - [28/Apr/2021:13:50:52 -0700] "GET /self.logs/error.log.2020-07-18 HTTP/1.1" 200 351 "-" "Mozilla/5.0 (compatible; Barkrowler/0.9; +https://babbar.tech/crawler)" 
62.210.143.6 - - [28/Apr/2021:13:51:17 -0700] "GET /self.logs/error.log.2020-09-14 HTTP/1.1" 200 351 "-" "Mozilla/5.0 (compatible; Barkrowler/0.9; +https://babbar.tech/crawler)" 
183.83.209.111 - - [28/Apr/2021:13:51:35 -0700] "GET /Datasets%20Description/PE_malware/VirusShare.html HTTP/1.1" 200 1651 "-" "Mozilla/5.0 (X11; Linux x86_64) AppleWebKit/537.36 (KHTML, like Gecko) Chrome/89.0.4389.90 Safari/537.36" 
183.83.209.111 - - [28/Apr/2021:13:51:35 -0700] "GET /favicon.ico HTTP/1.1" 200 368 "http://www.secrepo.com/Datasets%20Description/PE_malware/VirusShare.html" "Mozilla/5.0 (X11; Linux x86_64) AppleWebKit/537.36 (KHTML, like Gecko) Chrome/89.0.4389.90 Safari/537.36" 
62.210.143.6 - - [28/Apr/2021:13:51:41 -0700] "GET /self.logs/error.log.2020-07-02 HTTP/1.1" 200 351 "-" "Mozilla/5.0 (compatible; Barkrowler/0.9; +https://babbar.tech/crawler)" 
62.210.143.6 - - [28/Apr/2021:13:52:06 -0700] "GET /self.logs/error.log.2020-03-28 HTTP/1.1" 200 351 "-" "Mozilla/5.0 (compatible; Barkrowler/0.9; +https://babbar.tech/crawler)" 
62.210.143.6 - - [28/Apr/2021:13:52:30 -0700] "GET /self.logs/error.log.2020-09-16 HTTP/1.1" 200 768 "-" "Mozilla/5.0 (compatible; Barkrowler/0.9; +https://babbar.tech/crawler)" 
62.210.143.6 - - [28/Apr/2021:13:52:55 -0700] "GET /self.logs/error.log.2020-08-19 HTTP/1.1" 200 351 "-" "Mozilla/5.0 (compatible; Barkrowler/0.9; +https://babbar.tech/crawler)" 
62.210.143.6 - - [28/Apr/2021:13:53:19 -0700] "GET /self.logs/error.log.2020-03-31 HTTP/1.1" 200 351 "-" "Mozilla/5.0 (compatible; Barkrowler/0.9; +https://babbar.tech/crawler)" 
62.210.143.6 - - [28/Apr/2021:13:53:43 -0700] "GET /self.logs/error.log.2020-05-25 HTTP/1.1" 200 351 "-" "Mozilla/5.0 (compatible; Barkrowler/0.9; +https://babbar.tech/crawler)" 
62.210.143.6 - - [28/Apr/2021:13:54:08 -0700] "GET /self.logs/error.log.2020-04-21 HTTP/1.1" 200 351 "-" "Mozilla/5.0 (compatible; Barkrowler/0.9; +https://babbar.tech/crawler)" 
62.210.143.6 - - [28/Apr/2021:13:54:32 -0700] "GET /self.logs/error.log.2020-03-01 HTTP/1.1" 200 351 "-" "Mozilla/5.0 (compatible; Barkrowler/0.9; +https://babbar.tech/crawler)" 
62.210.143.6 - - [28/Apr/2021:13:54:57 -0700] "GET /self.logs/error.log.2020-01-03 HTTP/1.1" 200 1347 "-" "Mozilla/5.0 (compatible; Barkrowler/0.9; +https://babbar.tech/crawler)" 
62.210.143.6 - - [28/Apr/2021:13:55:21 -0700] "GET /self.logs/error.log.2020-06-12 HTTP/1.1" 200 351 "-" "Mozilla/5.0 (compatible; Barkrowler/0.9; +https://babbar.tech/crawler)" 
62.210.143.6 - - [28/Apr/2021:13:55:46 -0700] "GET /self.logs/error.log.2020-07-28 HTTP/1.1" 200 351 "-" "Mozilla/5.0 (compatible; Barkrowler/0.9; +https://babbar.tech/crawler)" 
114.119.155.228 - - [28/Apr/2021:13:56:10 -0700] "GET /self.logs/access.log.2018-05-21.gz HTTP/1.1" 200 22537 "-" "Mozilla/5.0 (Linux; Android 7.0;) AppleWebKit/537.36 (KHTML, like Gecko) Mobile Safari/537.36 (compatible; PetalBot;+https://webmaster.petalsearch.com/site/petalbot)" 
62.210.143.6 - - [28/Apr/2021:13:56:10 -0700] "GET /self.logs/error.log.2020-03-20 HTTP/1.1" 200 351 "-" "Mozilla/5.0 (compatible; Barkrowler/0.9; +https://babbar.tech/crawler)" 
118.103.238.32 - - [28/Apr/2021:13:56:33 -0700] "GET /error.log.2020-08-14 HTTP/1.1" 404 284 "-" "-" 
118.103.238.32 - - [28/Apr/2021:13:56:34 -0700] "GET /error.log.2020-08-14 HTTP/1.1" 404 328 "https://www.google.com/" "Mozilla/5.0 (compatible; Googlebot/2.1; +http://www.google.com/bot.html)" 
62.210.143.6 - - [28/Apr/2021:13:56:35 -0700] "GET /self.logs/error.log.2020-03-30 HTTP/1.1" 200 351 "-" "Mozilla/5.0 (compatible; Barkrowler/0.9; +https://babbar.tech/crawler)" 
62.210.143.6 - - [28/Apr/2021:13:56:59 -0700] "GET /self.logs/error.log.2020-05-01 HTTP/1.1" 200 351 "-" "Mozilla/5.0 (compatible; Barkrowler/0.9; +https://babbar.tech/crawler)" 
62.210.143.6 - - [28/Apr/2021:13:57:24 -0700] "GET /self.logs/error.log.2020-08-11 HTTP/1.1" 200 351 "-" "Mozilla/5.0 (compatible; Barkrowler/0.9; +https://babbar.tech/crawler)" 
62.210.143.6 - - [28/Apr/2021:13:57:48 -0700] "GET /self.logs/error.log.2020-09-30 HTTP/1.1" 200 351 "-" "Mozilla/5.0 (compatible; Barkrowler/0.9; +https://babbar.tech/crawler)" 
62.210.143.6 - - [28/Apr/2021:13:58:13 -0700] "GET /self.logs/error.log.2020-08-14 HTTP/1.1" 200 351 "-" "Mozilla/5.0 (compatible; Barkrowler/0.9; +https://babbar.tech/crawler)" 
62.210.143.6 - - [28/Apr/2021:13:58:37 -0700] "GET /self.logs/error.log.2020-05-10 HTTP/1.1" 200 351 "-" "Mozilla/5.0 (compatible; Barkrowler/0.9; +https://babbar.tech/crawler)" 
62.210.143.6 - - [28/Apr/2021:13:59:02 -0700] "GET /self.logs/error.log.2020-06-10 HTTP/1.1" 200 351 "-" "Mozilla/5.0 (compatible; Barkrowler/0.9; +https://babbar.tech/crawler)" 
62.210.143.6 - - [28/Apr/2021:13:59:26 -0700] "GET /self.logs/error.log.2020-09-10 HTTP/1.1" 200 351 "-" "Mozilla/5.0 (compatible; Barkrowler/0.9; +https://babbar.tech/crawler)" 
62.210.143.6 - - [28/Apr/2021:13:59:51 -0700] "GET /self.logs/error.log.2020-03-23 HTTP/1.1" 200 351 "-" "Mozilla/5.0 (compatible; Barkrowler/0.9; +https://babbar.tech/crawler)" 
62.210.143.6 - - [28/Apr/2021:14:00:15 -0700] "GET /self.logs/error.log.2020-05-14 HTTP/1.1" 200 351 "-" "Mozilla/5.0 (compatible; Barkrowler/0.9; +https://babbar.tech/crawler)" 
62.210.143.6 - - [28/Apr/2021:14:00:39 -0700] "GET /self.logs/error.log.2020-03-15 HTTP/1.1" 200 1349 "-" "Mozilla/5.0 (compatible; Barkrowler/0.9; +https://babbar.tech/crawler)" 
62.210.143.6 - - [28/Apr/2021:14:01:04 -0700] "GET /self.logs/error.log.2020-05-16 HTTP/1.1" 200 351 "-" "Mozilla/5.0 (compatible; Barkrowler/0.9; +https://babbar.tech/crawler)" 
62.210.143.6 - - [28/Apr/2021:14:01:28 -0700] "GET /self.logs/error.log.2020-05-02 HTTP/1.1" 200 351 "-" "Mozilla/5.0 (compatible; Barkrowler/0.9; +https://babbar.tech/crawler)" 
62.210.143.6 - - [28/Apr/2021:14:01:53 -0700] "GET /self.logs/error.log.2020-08-03 HTTP/1.1" 200 351 "-" "Mozilla/5.0 (compatible; Barkrowler/0.9; +https://babbar.tech/crawler)" 
62.210.143.6 - - [28/Apr/2021:14:02:17 -0700] "GET /self.logs/error.log.2020-09-08 HTTP/1.1" 200 351 "-" "Mozilla/5.0 (compatible; Barkrowler/0.9; +https://babbar.tech/crawler)" 
62.210.143.6 - - [28/Apr/2021:14:02:42 -0700] "GET /self.logs/error.log.2020-05-05 HTTP/1.1" 200 351 "-" "Mozilla/5.0 (compatible; Barkrowler/0.9; +https://babbar.tech/crawler)" 
62.210.143.6 - - [28/Apr/2021:14:03:06 -0700] "GET /self.logs/error.log.2020-06-27 HTTP/1.1" 200 351 "-" "Mozilla/5.0 (compatible; Barkrowler/0.9; +https://babbar.tech/crawler)" 
62.210.143.6 - - [28/Apr/2021:14:03:31 -0700] "GET /self.logs/error.log.2020-02-27 HTTP/1.1" 200 351 "-" "Mozilla/5.0 (compatible; Barkrowler/0.9; +https://babbar.tech/crawler)" 
62.210.143.6 - - [28/Apr/2021:14:03:55 -0700] "GET /self.logs/error.log.2020-04-27 HTTP/1.1" 200 351 "-" "Mozilla/5.0 (compatible; Barkrowler/0.9; +https://babbar.tech/crawler)" 
62.210.143.6 - - [28/Apr/2021:14:04:20 -0700] "GET /self.logs/error.log.2020-05-27 HTTP/1.1" 200 351 "-" "Mozilla/5.0 (compatible; Barkrowler/0.9; +https://babbar.tech/crawler)" 
62.210.143.6 - - [28/Apr/2021:14:04:44 -0700] "GET /self.logs/error.log.2020-04-06 HTTP/1.1" 200 351 "-" "Mozilla/5.0 (compatible; Barkrowler/0.9; +https://babbar.tech/crawler)" 
62.210.143.6 - - [28/Apr/2021:14:05:09 -0700] "GET /self.logs/error.log.2020-09-26 HTTP/1.1" 200 351 "-" "Mozilla/5.0 (compatible; Barkrowler/0.9; +https://babbar.tech/crawler)" 
62.210.143.6 - - [28/Apr/2021:14:05:33 -0700] "GET /self.logs/error.log.2020-06-13 HTTP/1.1" 200 351 "-" "Mozilla/5.0 (compatible; Barkrowler/0.9; +https://babbar.tech/crawler)" 
62.210.143.6 - - [28/Apr/2021:14:05:58 -0700] "GET /self.logs/error.log.2020-04-19 HTTP/1.1" 200 351 "-" "Mozilla/5.0 (compatible; Barkrowler/0.9; +https://babbar.tech/crawler)" 
114.119.130.95 - - [28/Apr/2021:14:06:22 -0700] "GET /self.logs/error.log.2019-04-16.gz HTTP/1.1" 200 6091 "-" "Mozilla/5.0 (Linux; Android 7.0;) AppleWebKit/537.36 (KHTML, like Gecko) Mobile Safari/537.36 (compatible; PetalBot;+https://webmaster.petalsearch.com/site/petalbot)" 
62.210.143.6 - - [28/Apr/2021:14:06:22 -0700] "GET /self.logs/error.log.2020-05-19 HTTP/1.1" 200 351 "-" "Mozilla/5.0 (compatible; Barkrowler/0.9; +https://babbar.tech/crawler)" 
62.210.143.6 - - [28/Apr/2021:14:06:47 -0700] "GET /self.logs/error.log.2020-09-23 HTTP/1.1" 200 351 "-" "Mozilla/5.0 (compatible; Barkrowler/0.9; +https://babbar.tech/crawler)" 
62.210.143.6 - - [28/Apr/2021:14:07:11 -0700] "GET /self.logs/error.log.2020-07-24 HTTP/1.1" 200 351 "-" "Mozilla/5.0 (compatible; Barkrowler/0.9; +https://babbar.tech/crawler)" 
66.249.72.2 - - [28/Apr/2021:14:07:34 -0700] "GET / HTTP/1.1" 200 12883 "-" "Mozilla/5.0 (compatible; Googlebot/2.1; +http://www.google.com/bot.html)" 
62.210.143.6 - - [28/Apr/2021:14:07:35 -0700] "GET /self.logs/error.log.2020-01-07 HTTP/1.1" 200 351 "-" "Mozilla/5.0 (compatible; Barkrowler/0.9; +https://babbar.tech/crawler)" 
62.210.143.6 - - [28/Apr/2021:14:08:00 -0700] "GET /self.logs/error.log.2020-04-18 HTTP/1.1" 200 351 "-" "Mozilla/5.0 (compatible; Barkrowler/0.9; +https://babbar.tech/crawler)" 
62.210.143.6 - - [28/Apr/2021:14:08:24 -0700] "GET /self.logs/error.log.2020-06-18 HTTP/1.1" 200 351 "-" "Mozilla/5.0 (compatible; Barkrowler/0.9; +https://babbar.tech/crawler)" 
62.210.143.6 - - [28/Apr/2021:14:08:49 -0700] "GET /self.logs/error.log.2020-07-01 HTTP/1.1" 200 351 "-" "Mozilla/5.0 (compatible; Barkrowler/0.9; +https://babbar.tech/crawler)" 
62.210.143.6 - - [28/Apr/2021:14:09:13 -0700] "GET /self.logs/error.log.2020-05-24 HTTP/1.1" 200 351 "-" "Mozilla/5.0 (compatible; Barkrowler/0.9; +https://babbar.tech/crawler)" 
62.210.143.6 - - [28/Apr/2021:14:09:38 -0700] "GET /self.logs/error.log.2020-03-27 HTTP/1.1" 200 351 "-" "Mozilla/5.0 (compatible; Barkrowler/0.9; +https://babbar.tech/crawler)" 
62.210.143.6 - - [28/Apr/2021:14:10:02 -0700] "GET /self.logs/error.log.2020-02-22 HTTP/1.1" 200 351 "-" "Mozilla/5.0 (compatible; Barkrowler/0.9; +https://babbar.tech/crawler)" 
62.210.143.6 - - [28/Apr/2021:14:10:27 -0700] "GET /self.logs/error.log.2020-01-31 HTTP/1.1" 200 351 "-" "Mozilla/5.0 (compatible; Barkrowler/0.9; +https://babbar.tech/crawler)" 
62.210.143.6 - - [28/Apr/2021:14:10:51 -0700] "GET /self.logs/error.log.2020-05-17 HTTP/1.1" 200 351 "-" "Mozilla/5.0 (compatible; Barkrowler/0.9; +https://babbar.tech/crawler)" 
62.210.143.6 - - [28/Apr/2021:14:11:16 -0700] "GET /self.logs/error.log.2020-07-25 HTTP/1.1" 200 351 "-" "Mozilla/5.0 (compatible; Barkrowler/0.9; +https://babbar.tech/crawler)" 
114.119.129.244 - - [28/Apr/2021:14:11:28 -0700] "GET /self.logs/access.log.2018-10-18.gz HTTP/1.1" 200 20908 "-" "Mozilla/5.0 (Linux; Android 7.0;) AppleWebKit/537.36 (KHTML, like Gecko) Mobile Safari/537.36 (compatible; PetalBot;+https://webmaster.petalsearch.com/site/petalbot)" 
62.210.143.6 - - [28/Apr/2021:14:11:40 -0700] "GET /self.logs/error.log.2020-09-01 HTTP/1.1" 200 351 "-" "Mozilla/5.0 (compatible; Barkrowler/0.9; +https://babbar.tech/crawler)" 
62.210.143.6 - - [28/Apr/2021:14:12:05 -0700] "GET /self.logs/error.log.2020-04-22 HTTP/1.1" 200 351 "-" "Mozilla/5.0 (compatible; Barkrowler/0.9; +https://babbar.tech/crawler)" 
62.210.143.6 - - [28/Apr/2021:14:12:29 -0700] "GET /self.logs/error.log.2020-05-22 HTTP/1.1" 200 351 "-" "Mozilla/5.0 (compatible; Barkrowler/0.9; +https://babbar.tech/crawler)" 
66.249.88.186 - - [28/Apr/2021:14:12:35 -0700] "GET / HTTP/1.1" 301 475 "-" "Mozilla/5.0 (X11; Linux x86_64) AppleWebKit/537.36 (KHTML, like Gecko) Chrome/49.0.2623.75 Safari/537.36 Google Favicon" 
66.249.88.127 - - [28/Apr/2021:14:12:35 -0700] "GET / HTTP/1.1" 200 12883 "-" "Mozilla/5.0 (X11; Linux x86_64) AppleWebKit/537.36 (KHTML, like Gecko) Chrome/49.0.2623.75 Safari/537.36 Google Favicon" 
66.249.88.96 - - [28/Apr/2021:14:12:35 -0700] "GET /bootstrap/img/favicon.ico HTTP/1.1" 200 713 "-" "Mozilla/5.0 (X11; Linux x86_64) AppleWebKit/537.36 (KHTML, like Gecko) Chrome/49.0.2623.75 Safari/537.36 Google Favicon" 
62.210.143.6 - - [28/Apr/2021:14:12:54 -0700] "GET /self.logs/error.log.2020-03-26 HTTP/1.1" 200 351 "-" "Mozilla/5.0 (compatible; Barkrowler/0.9; +https://babbar.tech/crawler)" 
62.210.143.6 - - [28/Apr/2021:14:13:18 -0700] "GET /self.logs/error.log.2020-06-16 HTTP/1.1" 200 351 "-" "Mozilla/5.0 (compatible; Barkrowler/0.9; +https://babbar.tech/crawler)" 
62.210.143.6 - - [28/Apr/2021:14:13:42 -0700] "GET /self.logs/error.log.2020-07-12 HTTP/1.1" 200 351 "-" "Mozilla/5.0 (compatible; Barkrowler/0.9; +https://babbar.tech/crawler)" 
62.210.143.6 - - [28/Apr/2021:14:14:07 -0700] "GET /self.logs/error.log.2020-09-19 HTTP/1.1" 200 351 "-" "Mozilla/5.0 (compatible; Barkrowler/0.9; +https://babbar.tech/crawler)" 
62.210.143.6 - - [28/Apr/2021:14:14:31 -0700] "GET /self.logs/error.log.2020-08-16 HTTP/1.1" 200 351 "-" "Mozilla/5.0 (compatible; Barkrowler/0.9; +https://babbar.tech/crawler)" 
62.210.143.6 - - [28/Apr/2021:14:14:56 -0700] "GET /self.logs/error.log.2020-07-13 HTTP/1.1" 200 351 "-" "Mozilla/5.0 (compatible; Barkrowler/0.9; +https://babbar.tech/crawler)" 
62.210.143.6 - - [28/Apr/2021:14:15:20 -0700] "GET /self.logs/error.log.2020-02-01 HTTP/1.1" 200 351 "-" "Mozilla/5.0 (compatible; Barkrowler/0.9; +https://babbar.tech/crawler)" 
62.210.143.6 - - [28/Apr/2021:14:15:45 -0700] "GET /self.logs/error.log.2020-05-04 HTTP/1.1" 200 351 "-" "Mozilla/5.0 (compatible; Barkrowler/0.9; +https://babbar.tech/crawler)" 
118.103.238.32 - - [28/Apr/2021:14:15:48 -0700] "GET /error.log.2020-08-13.gz HTTP/1.1" 404 284 "-" "-" 
118.103.238.32 - - [28/Apr/2021:14:15:49 -0700] "GET /error.log.2020-08-13.gz HTTP/1.1" 404 328 "https://www.google.com/" "Mozilla/5.0 (compatible; Googlebot/2.1; +http://www.google.com/bot.html)" 
62.210.143.6 - - [28/Apr/2021:14:16:09 -0700] "GET /self.logs/error.log.2020-09-06 HTTP/1.1" 200 351 "-" "Mozilla/5.0 (compatible; Barkrowler/0.9; +https://babbar.tech/crawler)" 
62.210.143.6 - - [28/Apr/2021:14:16:34 -0700] "GET /self.logs/error.log.2020-06-05 HTTP/1.1" 200 351 "-" "Mozilla/5.0 (compatible; Barkrowler/0.9; +https://babbar.tech/crawler)" 
114.119.140.84 - - [28/Apr/2021:14:16:35 -0700] "GET /self.logs/error.log.2020-04-07.gz HTTP/1.1" 200 1803 "-" "Mozilla/5.0 (Linux; Android 7.0;) AppleWebKit/537.36 (KHTML, like Gecko) Mobile Safari/537.36 (compatible; PetalBot;+https://webmaster.petalsearch.com/site/petalbot)" 
62.210.143.6 - - [28/Apr/2021:14:16:58 -0700] "GET /self.logs/error.log.2020-09-09 HTTP/1.1" 200 351 "-" "Mozilla/5.0 (compatible; Barkrowler/0.9; +https://babbar.tech/crawler)" 
62.210.143.6 - - [28/Apr/2021:14:17:23 -0700] "GET /self.logs/error.log.2020-07-03 HTTP/1.1" 200 351 "-" "Mozilla/5.0 (compatible; Barkrowler/0.9; +https://babbar.tech/crawler)" 
62.210.143.6 - - [28/Apr/2021:14:17:47 -0700] "GET /self.logs/error.log.2020-06-08 HTTP/1.1" 200 351 "-" "Mozilla/5.0 (compatible; Barkrowler/0.9; +https://babbar.tech/crawler)" 
62.210.143.6 - - [28/Apr/2021:14:18:12 -0700] "GET /self.logs/error.log.2020-06-06 HTTP/1.1" 200 351 "-" "Mozilla/5.0 (compatible; Barkrowler/0.9; +https://babbar.tech/crawler)" 
62.210.143.6 - - [28/Apr/2021:14:18:36 -0700] "GET /self.logs/error.log.2020-09-03 HTTP/1.1" 200 351 "-" "Mozilla/5.0 (compatible; Barkrowler/0.9; +https://babbar.tech/crawler)" 
62.210.143.6 - - [28/Apr/2021:14:19:01 -0700] "GET /self.logs/error.log.2020-05-07 HTTP/1.1" 200 351 "-" "Mozilla/5.0 (compatible; Barkrowler/0.9; +https://babbar.tech/crawler)" 
62.210.143.6 - - [28/Apr/2021:14:19:25 -0700] "GET /self.logs/error.log.2020-08-06 HTTP/1.1" 200 867 "-" "Mozilla/5.0 (compatible; Barkrowler/0.9; +https://babbar.tech/crawler)" 
62.210.143.6 - - [28/Apr/2021:14:19:49 -0700] "GET /self.logs/error.log.2020-02-07 HTTP/1.1" 200 351 "-" "Mozilla/5.0 (compatible; Barkrowler/0.9; +https://babbar.tech/crawler)" 
62.210.143.6 - - [28/Apr/2021:14:20:14 -0700] "GET /self.logs/error.log.2020-06-04 HTTP/1.1" 200 351 "-" "Mozilla/5.0 (compatible; Barkrowler/0.9; +https://babbar.tech/crawler)" 
62.210.143.6 - - [28/Apr/2021:14:20:38 -0700] "GET /self.logs/error.log.2020-06-07 HTTP/1.1" 200 351 "-" "Mozilla/5.0 (compatible; Barkrowler/0.9; +https://babbar.tech/crawler)" 
62.210.143.6 - - [28/Apr/2021:14:21:03 -0700] "GET /self.logs/error.log.2020-08-09 HTTP/1.1" 200 351 "-" "Mozilla/5.0 (compatible; Barkrowler/0.9; +https://babbar.tech/crawler)" 
62.210.143.6 - - [28/Apr/2021:14:21:27 -0700] "GET /self.logs/error.log.2020-02-06 HTTP/1.1" 200 351 "-" "Mozilla/5.0 (compatible; Barkrowler/0.9; +https://babbar.tech/crawler)" 
114.119.150.248 - - [28/Apr/2021:14:21:43 -0700] "GET /self.logs/access.log.2017-09-16.gz HTTP/1.1" 200 35662 "-" "Mozilla/5.0 (Linux; Android 7.0;) AppleWebKit/537.36 (KHTML, like Gecko) Mobile Safari/537.36 (compatible; PetalBot;+https://webmaster.petalsearch.com/site/petalbot)" 
62.210.143.6 - - [28/Apr/2021:14:21:52 -0700] "GET /self.logs/error.log.2020-06-09 HTTP/1.1" 200 351 "-" "Mozilla/5.0 (compatible; Barkrowler/0.9; +https://babbar.tech/crawler)" 
62.210.143.6 - - [28/Apr/2021:14:22:16 -0700] "GET /self.logs/error.log.2020-05-08 HTTP/1.1" 200 351 "-" "Mozilla/5.0 (compatible; Barkrowler/0.9; +https://babbar.tech/crawler)" 
62.210.143.6 - - [28/Apr/2021:14:22:41 -0700] "GET /self.logs/error.log.2020-01-10 HTTP/1.1" 200 2350 "-" "Mozilla/5.0 (compatible; Barkrowler/0.9; +https://babbar.tech/crawler)" 
62.210.143.6 - - [28/Apr/2021:14:23:05 -0700] "GET /self.logs/error.log.2020-01-30 HTTP/1.1" 200 351 "-" "Mozilla/5.0 (compatible; Barkrowler/0.9; +https://babbar.tech/crawler)" 
62.210.143.6 - - [28/Apr/2021:14:23:30 -0700] "GET /self.logs/error.log.2020-01-01 HTTP/1.1" 200 351 "-" "Mozilla/5.0 (compatible; Barkrowler/0.9; +https://babbar.tech/crawler)" 
62.210.143.6 - - [28/Apr/2021:14:23:54 -0700] "GET /self.logs/error.log.2020-08-23 HTTP/1.1" 200 351 "-" "Mozilla/5.0 (compatible; Barkrowler/0.9; +https://babbar.tech/crawler)" 
62.210.143.6 - - [28/Apr/2021:14:24:19 -0700] "GET /self.logs/error.log.2020-07-21 HTTP/1.1" 200 351 "-" "Mozilla/5.0 (compatible; Barkrowler/0.9; +https://babbar.tech/crawler)" 
62.210.143.6 - - [28/Apr/2021:14:24:43 -0700] "GET /self.logs/error.log.2020-06-23 HTTP/1.1" 200 351 "-" "Mozilla/5.0 (compatible; Barkrowler/0.9; +https://babbar.tech/crawler)" 
62.210.143.6 - - [28/Apr/2021:14:25:08 -0700] "GET /self.logs/error.log.2020-03-04 HTTP/1.1" 200 351 "-" "Mozilla/5.0 (compatible; Barkrowler/0.9; +https://babbar.tech/crawler)" 
62.210.143.6 - - [28/Apr/2021:14:25:32 -0700] "GET /self.logs/error.log.2020-02-25 HTTP/1.1" 200 351 "-" "Mozilla/5.0 (compatible; Barkrowler/0.9; +https://babbar.tech/crawler)" 
62.210.143.6 - - [28/Apr/2021:14:25:57 -0700] "GET /self.logs/error.log.2020-05-29 HTTP/1.1" 200 351 "-" "Mozilla/5.0 (compatible; Barkrowler/0.9; +https://babbar.tech/crawler)" 
62.210.143.6 - - [28/Apr/2021:14:26:21 -0700] "GET /self.logs/error.log.2020-01-29 HTTP/1.1" 200 1356 "-" "Mozilla/5.0 (compatible; Barkrowler/0.9; +https://babbar.tech/crawler)" 
62.210.143.6 - - [28/Apr/2021:14:26:46 -0700] "GET /self.logs/error.log.2020-09-20 HTTP/1.1" 200 351 "-" "Mozilla/5.0 (compatible; Barkrowler/0.9; +https://babbar.tech/crawler)" 
114.119.159.40 - - [28/Apr/2021:14:26:48 -0700] "GET /self.logs/error.log.2020-06-29 HTTP/1.1" 200 351 "-" "Mozilla/5.0 (Linux; Android 7.0;) AppleWebKit/537.36 (KHTML, like Gecko) Mobile Safari/537.36 (compatible; PetalBot;+https://webmaster.petalsearch.com/site/petalbot)" 
62.210.143.6 - - [28/Apr/2021:14:27:10 -0700] "GET /self.logs/error.log.2020-05-30 HTTP/1.1" 200 351 "-" "Mozilla/5.0 (compatible; Barkrowler/0.9; +https://babbar.tech/crawler)" 
62.210.143.6 - - [28/Apr/2021:14:27:35 -0700] "GET /self.logs/error.log.2020-02-20 HTTP/1.1" 200 351 "-" "Mozilla/5.0 (compatible; Barkrowler/0.9; +https://babbar.tech/crawler)" 
62.210.143.6 - - [28/Apr/2021:14:27:59 -0700] "GET /self.logs/error.log.2020-05-26 HTTP/1.1" 200 351 "-" "Mozilla/5.0 (compatible; Barkrowler/0.9; +https://babbar.tech/crawler)" 
62.210.143.6 - - [28/Apr/2021:14:28:23 -0700] "GET /self.logs/error.log.2020-09-24 HTTP/1.1" 200 351 "-" "Mozilla/5.0 (compatible; Barkrowler/0.9; +https://babbar.tech/crawler)" 
62.210.143.6 - - [28/Apr/2021:14:28:48 -0700] "GET /self.logs/error.log.2020-03-06 HTTP/1.1" 200 351 "-" "Mozilla/5.0 (compatible; Barkrowler/0.9; +https://babbar.tech/crawler)" 
62.210.143.6 - - [28/Apr/2021:14:29:12 -0700] "GET /self.logs/error.log.2020-05-20 HTTP/1.1" 200 351 "-" "Mozilla/5.0 (compatible; Barkrowler/0.9; +https://babbar.tech/crawler)" 
62.210.143.6 - - [28/Apr/2021:14:29:37 -0700] "GET /self.logs/error.log.2020-06-19 HTTP/1.1" 200 351 "-" "Mozilla/5.0 (compatible; Barkrowler/0.9; +https://babbar.tech/crawler)" 
62.210.143.6 - - [28/Apr/2021:14:30:01 -0700] "GET /self.logs/error.log.2020-07-14 HTTP/1.1" 200 351 "-" "Mozilla/5.0 (compatible; Barkrowler/0.9; +https://babbar.tech/crawler)" 
3.249.27.136 - - [28/Apr/2021:14:30:20 -0700] "GET / HTTP/1.1" 301 438 "-" "Mozilla/5.0 (Macintosh; Intel Mac OS X 10.15; rv:81.0) Gecko/20100101 Firefox/81.0" 
3.249.27.136 - - [28/Apr/2021:14:30:20 -0700] "GET / HTTP/1.1" 200 12846 "http://66.33.221.139" "Mozilla/5.0 (Macintosh; Intel Mac OS X 10.15; rv:81.0) Gecko/20100101 Firefox/81.0" 
62.210.143.6 - - [28/Apr/2021:14:30:26 -0700] "GET /self.logs/error.log.2020-09-15 HTTP/1.1" 200 351 "-" "Mozilla/5.0 (compatible; Barkrowler/0.9; +https://babbar.tech/crawler)" 
62.210.143.6 - - [28/Apr/2021:14:30:50 -0700] "GET /self.logs/error.log.2020-09-13 HTTP/1.1" 200 351 "-" "Mozilla/5.0 (compatible; Barkrowler/0.9; +https://babbar.tech/crawler)" 
62.210.143.6 - - [28/Apr/2021:14:31:15 -0700] "GET /self.logs/error.log.2020-06-14 HTTP/1.1" 200 351 "-" "Mozilla/5.0 (compatible; Barkrowler/0.9; +https://babbar.tech/crawler)" 
62.210.143.6 - - [28/Apr/2021:14:31:30 -0700] "GET /self.logs/error.log.2020-03-22 HTTP/1.1" 200 351 "-" "Mozilla/5.0 (compatible; Barkrowler/0.9; +https://babbar.tech/crawler)" 
114.119.159.101 - - [28/Apr/2021:14:31:58 -0700] "GET /self.logs/2015/error.log.2015-02-23.gz HTTP/1.1" 200 4439 "-" "Mozilla/5.0 (Linux; Android 7.0;) AppleWebKit/537.36 (KHTML, like Gecko) Mobile Safari/537.36 (compatible; PetalBot;+https://webmaster.petalsearch.com/site/petalbot)" 
40.77.167.32 - - [28/Apr/2021:14:33:11 -0700] "GET /self.logs/2015/access.log.2015-01-25.gz HTTP/1.1" 304 279 "-" "Mozilla/5.0 (compatible; bingbot/2.0; +http://www.bing.com/bingbot.htm)" 
118.103.238.32 - - [28/Apr/2021:14:33:45 -0700] "GET /error.log.2020-08-12 HTTP/1.1" 404 284 "-" "-" 
118.103.238.32 - - [28/Apr/2021:14:33:45 -0700] "GET /error.log.2020-08-12 HTTP/1.1" 404 328 "https://www.google.com/" "Mozilla/5.0 (compatible; Googlebot/2.1; +http://www.google.com/bot.html)" 
114.119.150.248 - - [28/Apr/2021:14:37:03 -0700] "GET /self.logs/error.log.2017-07-19.gz HTTP/1.1" 200 1009 "-" "Mozilla/5.0 (Linux; Android 7.0;) AppleWebKit/537.36 (KHTML, like Gecko) Mobile Safari/537.36 (compatible; PetalBot;+https://webmaster.petalsearch.com/site/petalbot)" 
114.119.130.95 - - [28/Apr/2021:14:42:08 -0700] "GET /self.logs/error.log.2017-07-24.gz HTTP/1.1" 200 1089 "-" "Mozilla/5.0 (Linux; Android 7.0;) AppleWebKit/537.36 (KHTML, like Gecko) Mobile Safari/537.36 (compatible; PetalBot;+https://webmaster.petalsearch.com/site/petalbot)" 
114.119.155.228 - - [28/Apr/2021:14:47:15 -0700] "GET /self.logs/error.log.2020-04-30.gz HTTP/1.1" 200 869 "-" "Mozilla/5.0 (Linux; Android 7.0;) AppleWebKit/537.36 (KHTML, like Gecko) Mobile Safari/537.36 (compatible; PetalBot;+https://webmaster.petalsearch.com/site/petalbot)" 
40.77.167.32 - - [28/Apr/2021:14:49:44 -0700] "GET /self.logs/access.log.2019-04-09.gz HTTP/1.1" 200 30680 "-" "Mozilla/5.0 (compatible; bingbot/2.0; +http://www.bing.com/bingbot.htm)" 
129.55.200.20 - - [28/Apr/2021:14:50:37 -0700] "GET / HTTP/1.1" 200 12884 "-" "Mozilla/5.0 (Macintosh; Intel Mac OS X 10_15_7) AppleWebKit/537.36 (KHTML, like Gecko) Chrome/90.0.4430.85 Safari/537.36" 
129.55.200.20 - - [28/Apr/2021:14:50:39 -0700] "GET /css/style.css HTTP/1.1" 404 328 "http://www.secrepo.com/" "Mozilla/5.0 (Macintosh; Intel Mac OS X 10_15_7) AppleWebKit/537.36 (KHTML, like Gecko) Chrome/90.0.4430.85 Safari/537.36" 
129.55.200.20 - - [28/Apr/2021:14:50:39 -0700] "GET /GitHub-Mark.png HTTP/1.1" 200 7533 "http://www.secrepo.com/" "Mozilla/5.0 (Macintosh; Intel Mac OS X 10_15_7) AppleWebKit/537.36 (KHTML, like Gecko) Chrome/90.0.4430.85 Safari/537.36" 
129.55.200.20 - - [28/Apr/2021:14:50:39 -0700] "GET /twitter-icon.png HTTP/1.1" 200 27893 "http://www.secrepo.com/" "Mozilla/5.0 (Macintosh; Intel Mac OS X 10_15_7) AppleWebKit/537.36 (KHTML, like Gecko) Chrome/90.0.4430.85 Safari/537.36" 
129.55.200.20 - - [28/Apr/2021:14:50:45 -0700] "GET /bootstrap/img/favicon.ico HTTP/1.1" 200 713 "http://www.secrepo.com/" "Mozilla/5.0 (Macintosh; Intel Mac OS X 10_15_7) AppleWebKit/537.36 (KHTML, like Gecko) Chrome/90.0.4430.85 Safari/537.36" 
118.103.238.32 - - [28/Apr/2021:14:51:58 -0700] "GET /error.log.2020-08-11 HTTP/1.1" 404 284 "-" "-" 
118.103.238.32 - - [28/Apr/2021:14:51:59 -0700] "GET /error.log.2020-08-11 HTTP/1.1" 404 328 "https://www.google.com/" "Mozilla/5.0 (compatible; Googlebot/2.1; +http://www.google.com/bot.html)" 
114.119.159.101 - - [28/Apr/2021:14:52:20 -0700] "GET /self.logs/error.log.2018-03-13.gz HTTP/1.1" 200 6211 "-" "Mozilla/5.0 (Linux; Android 7.0;) AppleWebKit/537.36 (KHTML, like Gecko) Mobile Safari/537.36 (compatible; PetalBot;+https://webmaster.petalsearch.com/site/petalbot)" 
114.119.159.101 - - [28/Apr/2021:14:57:29 -0700] "GET /self.logs/2015/access.log.2015-03-18.gz HTTP/1.1" 200 9535 "-" "Mozilla/5.0 (Linux; Android 7.0;) AppleWebKit/537.36 (KHTML, like Gecko) Mobile Safari/537.36 (compatible; PetalBot;+https://webmaster.petalsearch.com/site/petalbot)" 
114.119.144.30 - - [28/Apr/2021:15:02:34 -0700] "GET /self.logs/access.log.2017-12-06.gz HTTP/1.1" 200 32880 "-" "Mozilla/5.0 (Linux; Android 7.0;) AppleWebKit/537.36 (KHTML, like Gecko) Mobile Safari/537.36 (compatible; PetalBot;+https://webmaster.petalsearch.com/site/petalbot)" 
114.119.150.248 - - [28/Apr/2021:15:07:39 -0700] "GET /self.logs/access.log.2020-01-30.gz HTTP/1.1" 200 13067 "-" "Mozilla/5.0 (Linux; Android 7.0;) AppleWebKit/537.36 (KHTML, like Gecko) Mobile Safari/537.36 (compatible; PetalBot;+https://webmaster.petalsearch.com/site/petalbot)" 
73.153.246.224 - - [28/Apr/2021:15:08:07 -0700] "GET /twitter-icon.png HTTP/1.1" 200 27916 "-" "Mozilla/5.0 (X11; Ubuntu; Linux x86_64; rv:88.0) Gecko/20100101 Firefox/88.0" 
73.153.246.224 - - [28/Apr/2021:15:08:07 -0700] "GET /GitHub-Mark.png HTTP/1.1" 200 7556 "-" "Mozilla/5.0 (X11; Ubuntu; Linux x86_64; rv:88.0) Gecko/20100101 Firefox/88.0" 
118.103.238.32 - - [28/Apr/2021:15:09:21 -0700] "GET /error.log.2020-08-10 HTTP/1.1" 404 284 "-" "-" 
118.103.238.32 - - [28/Apr/2021:15:09:22 -0700] "GET /error.log.2020-08-10 HTTP/1.1" 404 328 "https://www.google.com/" "Mozilla/5.0 (compatible; Googlebot/2.1; +http://www.google.com/bot.html)" 
114.119.129.244 - - [28/Apr/2021:15:12:46 -0700] "GET /tg/a.zip HTTP/1.1" 200 66189448 "-" "Mozilla/5.0 (Linux; Android 7.0;) AppleWebKit/537.36 (KHTML, like Gecko) Mobile Safari/537.36 (compatible; PetalBot;+https://webmaster.petalsearch.com/site/petalbot)" 
114.119.140.84 - - [28/Apr/2021:15:17:51 -0700] "GET /self.logs?C=N%3BO%3DD HTTP/1.1" 301 587 "-" "Mozilla/5.0 (Linux; Android 7.0;) AppleWebKit/537.36 (KHTML, like Gecko) Mobile Safari/537.36 (compatible; PetalBot;+https://webmaster.petalsearch.com/site/petalbot)" 
114.119.140.84 - - [28/Apr/2021:15:17:51 -0700] "GET /self.logs/?C=N%3BO%3DD HTTP/1.1" 200 29049 "-" "Mozilla/5.0 (Linux; Android 7.0;) AppleWebKit/537.36 (KHTML, like Gecko) Mobile Safari/537.36 (compatible; PetalBot;+https://webmaster.petalsearch.com/site/petalbot)" 
40.77.167.25 - - [28/Apr/2021:15:19:53 -0700] "GET /self.logs/error.log.2018-04-11.gz HTTP/1.1" 200 4537 "-" "Mozilla/5.0 (compatible; bingbot/2.0; +http://www.bing.com/bingbot.htm)" 
114.119.140.84 - - [28/Apr/2021:15:22:59 -0700] "GET /self.logs/access.log.2018-11-03.gz HTTP/1.1" 200 37748 "-" "Mozilla/5.0 (Linux; Android 7.0;) AppleWebKit/537.36 (KHTML, like Gecko) Mobile Safari/537.36 (compatible; PetalBot;+https://webmaster.petalsearch.com/site/petalbot)" 
54.36.149.61 - - [28/Apr/2021:15:27:42 -0700] "GET / HTTP/1.1" 200 12838 "-" "Mozilla/5.0 (compatible; AhrefsBot/7.0; +http://ahrefs.com/robot/)" 
118.103.238.32 - - [28/Apr/2021:15:27:42 -0700] "GET /error.log.2020-08-09 HTTP/1.1" 404 284 "-" "-" 
118.103.238.32 - - [28/Apr/2021:15:27:42 -0700] "GET /error.log.2020-08-09 HTTP/1.1" 404 328 "https://www.google.com/" "Mozilla/5.0 (compatible; Googlebot/2.1; +http://www.google.com/bot.html)" 
114.119.144.30 - - [28/Apr/2021:15:33:11 -0700] "GET /self.logs/access.log.2020-08-15.gz HTTP/1.1" 200 12922 "-" "Mozilla/5.0 (Linux; Android 7.0;) AppleWebKit/537.36 (KHTML, like Gecko) Mobile Safari/537.36 (compatible; PetalBot;+https://webmaster.petalsearch.com/site/petalbot)" 
17.121.114.130 - - [28/Apr/2021:15:34:12 -0700] "GET /self.logs/error.log.2020-03-20 HTTP/1.1" 200 307 "-" "Mozilla/5.0 (Macintosh; Intel Mac OS X 10_15_5) AppleWebKit/605.1.15 (KHTML, like Gecko) Version/13.1.1 Safari/605.1.15 (Applebot/0.1; +http://www.apple.com/go/applebot)" 
114.119.140.84 - - [28/Apr/2021:15:38:16 -0700] "GET /self.logs/2015/error.log.2015-02-02.gz HTTP/1.1" 200 740 "-" "Mozilla/5.0 (Linux; Android 7.0;) AppleWebKit/537.36 (KHTML, like Gecko) Mobile Safari/537.36 (compatible; PetalBot;+https://webmaster.petalsearch.com/site/petalbot)" 
17.121.114.210 - - [28/Apr/2021:15:41:05 -0700] "GET /self.logs/error.log.2020-03-23 HTTP/1.1" 200 307 "-" "Mozilla/5.0 (Macintosh; Intel Mac OS X 10_15_5) AppleWebKit/605.1.15 (KHTML, like Gecko) Version/13.1.1 Safari/605.1.15 (Applebot/0.1; +http://www.apple.com/go/applebot)" 
62.158.237.118 - - [28/Apr/2021:15:41:37 -0700] "GET / HTTP/1.1" 301 419 "-" "Scrapy/2.4.1 (+https://scrapy.org)" 
62.158.237.118 - - [28/Apr/2021:15:41:38 -0700] "GET / HTTP/1.1" 418 691 "-" "Scrapy/2.4.1 (+https://scrapy.org)" 
62.158.237.118 - - [28/Apr/2021:15:41:38 -0700] "GET / HTTP/1.1" 418 691 "-" "Scrapy/2.4.1 (+https://scrapy.org)" 
51.83.111.190 - - [28/Apr/2021:15:41:38 -0700] "GET /honeypot/BSidesDFW%20-%202014.ipynb HTTP/1.1" 301 481 "-" "Tornado-Async-Client" 
62.158.237.118 - - [28/Apr/2021:15:41:38 -0700] "GET / HTTP/1.1" 418 691 "-" "Scrapy/2.4.1 (+https://scrapy.org)" 
73.63.160.95 - - [28/Apr/2021:15:42:25 -0700] "GET / HTTP/1.1" 200 12884 "-" "Mozilla/5.0 (Macintosh; Intel Mac OS X 10_15_7) AppleWebKit/537.36 (KHTML, like Gecko) Chrome/90.0.4430.85 Safari/537.36" 
73.63.160.95 - - [28/Apr/2021:15:42:25 -0700] "GET /css/style.css HTTP/1.1" 404 305 "http://www.secrepo.com/" "Mozilla/5.0 (Macintosh; Intel Mac OS X 10_15_7) AppleWebKit/537.36 (KHTML, like Gecko) Chrome/90.0.4430.85 Safari/537.36" 
73.63.160.95 - - [28/Apr/2021:15:42:25 -0700] "GET /twitter-icon.png HTTP/1.1" 200 27893 "http://www.secrepo.com/" "Mozilla/5.0 (Macintosh; Intel Mac OS X 10_15_7) AppleWebKit/537.36 (KHTML, like Gecko) Chrome/90.0.4430.85 Safari/537.36" 
73.63.160.95 - - [28/Apr/2021:15:42:25 -0700] "GET /GitHub-Mark.png HTTP/1.1" 200 7556 "http://www.secrepo.com/" "Mozilla/5.0 (Macintosh; Intel Mac OS X 10_15_7) AppleWebKit/537.36 (KHTML, like Gecko) Chrome/90.0.4430.85 Safari/537.36" 
73.63.160.95 - - [28/Apr/2021:15:42:26 -0700] "GET /bootstrap/img/favicon.ico HTTP/1.1" 200 690 "http://www.secrepo.com/" "Mozilla/5.0 (Macintosh; Intel Mac OS X 10_15_7) AppleWebKit/537.36 (KHTML, like Gecko) Chrome/90.0.4430.85 Safari/537.36" 
114.119.159.101 - - [28/Apr/2021:15:43:23 -0700] "GET /self.logs/access.log.2020-11-20.gz HTTP/1.1" 200 12441 "-" "Mozilla/5.0 (Linux; Android 7.0;) AppleWebKit/537.36 (KHTML, like Gecko) Mobile Safari/537.36 (compatible; PetalBot;+https://webmaster.petalsearch.com/site/petalbot)" 
118.103.238.32 - - [28/Apr/2021:15:44:25 -0700] "GET /error.log.2020-08-08.gz HTTP/1.1" 404 284 "-" "-" 
118.103.238.32 - - [28/Apr/2021:15:44:25 -0700] "GET /error.log.2020-08-08.gz HTTP/1.1" 404 328 "https://www.google.com/" "Mozilla/5.0 (compatible; Googlebot/2.1; +http://www.google.com/bot.html)" 
40.88.21.235 - - [28/Apr/2021:15:44:51 -0700] "GET / HTTP/1.1" 200 12884 "http://www.secrepo.com/" "Mozilla/5.0 (compatible; DuckDuckGo-Favicons-Bot/1.0; +http://duckduckgo.com)" 
40.88.21.235 - - [28/Apr/2021:15:44:51 -0700] "GET /bootstrap/img/favicon.ico HTTP/1.1" 200 690 "http://www.secrepo.com/bootstrap/img/favicon.ico" "Mozilla/5.0 (compatible; DuckDuckGo-Favicons-Bot/1.0; +http://duckduckgo.com)" 
114.119.150.248 - - [28/Apr/2021:15:48:29 -0700] "GET /self.logs/access.log.2017-01-10.gz HTTP/1.1" 200 96226 "-" "Mozilla/5.0 (Linux; Android 7.0;) AppleWebKit/537.36 (KHTML, like Gecko) Mobile Safari/537.36 (compatible; PetalBot;+https://webmaster.petalsearch.com/site/petalbot)" 
17.121.112.93 - - [28/Apr/2021:15:52:32 -0700] "GET /self.logs/error.log.2020-03-26 HTTP/1.1" 200 307 "-" "Mozilla/5.0 (Macintosh; Intel Mac OS X 10_15_5) AppleWebKit/605.1.15 (KHTML, like Gecko) Version/13.1.1 Safari/605.1.15 (Applebot/0.1; +http://www.apple.com/go/applebot)" 
175.113.82.83 - - [28/Apr/2021:15:54:21 -0700] "GET / HTTP/1.1" 200 12884 "-" "Mozilla/5.0 (Windows NT 10.0; Win64; x64) AppleWebKit/537.36 (KHTML, like Gecko) Chrome/90.0.4430.93 Safari/537.36" 
175.113.82.83 - - [28/Apr/2021:15:54:21 -0700] "GET /css/style.css HTTP/1.1" 404 305 "http://www.secrepo.com/" "Mozilla/5.0 (Windows NT 10.0; Win64; x64) AppleWebKit/537.36 (KHTML, like Gecko) Chrome/90.0.4430.93 Safari/537.36" 
175.113.82.83 - - [28/Apr/2021:15:54:21 -0700] "GET /twitter-icon.png HTTP/1.1" 200 27916 "http://www.secrepo.com/" "Mozilla/5.0 (Windows NT 10.0; Win64; x64) AppleWebKit/537.36 (KHTML, like Gecko) Chrome/90.0.4430.93 Safari/537.36" 
175.113.82.83 - - [28/Apr/2021:15:54:21 -0700] "GET /GitHub-Mark.png HTTP/1.1" 200 7533 "http://www.secrepo.com/" "Mozilla/5.0 (Windows NT 10.0; Win64; x64) AppleWebKit/537.36 (KHTML, like Gecko) Chrome/90.0.4430.93 Safari/537.36" 
175.113.82.83 - - [28/Apr/2021:15:54:23 -0700] "GET /bootstrap/img/favicon.ico HTTP/1.1" 200 713 "http://www.secrepo.com/" "Mozilla/5.0 (Windows NT 10.0; Win64; x64) AppleWebKit/537.36 (KHTML, like Gecko) Chrome/90.0.4430.93 Safari/537.36" 
114.119.141.53 - - [28/Apr/2021:15:58:41 -0700] "GET /self.logs/access.log.2019-10-12.gz HTTP/1.1" 200 19052 "-" "Mozilla/5.0 (Linux; Android 7.0;) AppleWebKit/537.36 (KHTML, like Gecko) Mobile Safari/537.36 (compatible; PetalBot;+https://webmaster.petalsearch.com/site/petalbot)" 
118.103.238.32 - - [28/Apr/2021:16:02:51 -0700] "GET /error.log.2020-08-07.gz HTTP/1.1" 404 284 "-" "-" 
118.103.238.32 - - [28/Apr/2021:16:02:52 -0700] "GET /error.log.2020-08-07.gz HTTP/1.1" 404 328 "https://www.google.com/" "Mozilla/5.0 (compatible; Googlebot/2.1; +http://www.google.com/bot.html)" 
114.119.140.84 - - [28/Apr/2021:16:04:06 -0700] "GET /self.logs/2015/error.log.2015-09-26.gz HTTP/1.1" 200 766 "-" "Mozilla/5.0 (Linux; Android 7.0;) AppleWebKit/537.36 (KHTML, like Gecko) Mobile Safari/537.36 (compatible; PetalBot;+https://webmaster.petalsearch.com/site/petalbot)" 
85.208.98.51 - - [28/Apr/2021:16:08:49 -0700] "GET /robots.txt HTTP/1.1" 301 439 "-" "Mozilla/5.0 (compatible; SemrushBot-BM/1.0; +http://www.semrush.com/bot.html)" 
114.119.140.84 - - [28/Apr/2021:16:08:51 -0700] "GET /self.logs/error.log.2020-08-18 HTTP/1.1" 200 351 "-" "Mozilla/5.0 (Linux; Android 7.0;) AppleWebKit/537.36 (KHTML, like Gecko) Mobile Safari/537.36 (compatible; PetalBot;+https://webmaster.petalsearch.com/site/petalbot)" 
85.208.98.51 - - [28/Apr/2021:16:08:52 -0700] "GET /robots.txt HTTP/1.1" 200 333 "-" "Mozilla/5.0 (compatible; SemrushBot-BM/1.0; +http://www.semrush.com/bot.html)" 
104.197.140.66 - - [28/Apr/2021:16:11:27 -0700] "GET /honeypot/Honeypot%2520-%2520Howto.pdf HTTP/1.1" 404 291 "-" "Go-http-client/1.1" 
114.119.159.40 - - [28/Apr/2021:16:19:04 -0700] "GET /Datasets%20Description/HTML_Bro_log_2?C=M%3BO%3DA HTTP/1.1" 301 643 "-" "Mozilla/5.0 (Linux; Android 7.0;) AppleWebKit/537.36 (KHTML, like Gecko) Mobile Safari/537.36 (compatible; PetalBot;+https://webmaster.petalsearch.com/site/petalbot)" 
114.119.159.40 - - [28/Apr/2021:16:19:04 -0700] "GET /Datasets%20Description/HTML_Bro_log_2/?C=M%3BO%3DA HTTP/1.1" 200 809 "-" "Mozilla/5.0 (Linux; Android 7.0;) AppleWebKit/537.36 (KHTML, like Gecko) Mobile Safari/537.36 (compatible; PetalBot;+https://webmaster.petalsearch.com/site/petalbot)" 
118.103.238.32 - - [28/Apr/2021:16:19:24 -0700] "GET /error.log.2020-08-06 HTTP/1.1" 404 284 "-" "-" 
118.103.238.32 - - [28/Apr/2021:16:19:25 -0700] "GET /error.log.2020-08-06 HTTP/1.1" 404 328 "https://www.google.com/" "Mozilla/5.0 (compatible; Googlebot/2.1; +http://www.google.com/bot.html)" 
114.119.140.84 - - [28/Apr/2021:16:24:09 -0700] "GET /self.logs/access.log.2019-04-22.gz HTTP/1.1" 200 19514 "-" "Mozilla/5.0 (Linux; Android 7.0;) AppleWebKit/537.36 (KHTML, like Gecko) Mobile Safari/537.36 (compatible; PetalBot;+https://webmaster.petalsearch.com/site/petalbot)" 
5.34.180.192 - - [28/Apr/2021:16:31:05 -0700] "GET / HTTP/1.1" 200 48020 "https://greenshop.su/" "Mozilla/0.91 Beta (Windows)" 
5.34.180.192 - - [28/Apr/2021:16:31:05 -0700] "GET / HTTP/1.1" 200 48020 "https://greenshop.su/" "Mozilla/0.91 Beta (Windows)" 
5.34.180.192 - - [28/Apr/2021:16:31:06 -0700] "GET / HTTP/1.1" 200 48020 "https://greenshop.su/" "Mozilla/0.91 Beta (Windows)" 
17.121.114.250 - - [28/Apr/2021:16:32:00 -0700] "GET /self.logs/error.log.2020-01-25 HTTP/1.1" 200 307 "-" "Mozilla/5.0 (Macintosh; Intel Mac OS X 10_15_5) AppleWebKit/605.1.15 (KHTML, like Gecko) Version/13.1.1 Safari/605.1.15 (Applebot/0.1; +http://www.apple.com/go/applebot)" 
17.121.114.254 - - [28/Apr/2021:16:33:19 -0700] "GET /self.logs/error.log.2020-04-20 HTTP/1.1" 200 307 "-" "Mozilla/5.0 (Macintosh; Intel Mac OS X 10_15_5) AppleWebKit/605.1.15 (KHTML, like Gecko) Version/13.1.1 Safari/605.1.15 (Applebot/0.1; +http://www.apple.com/go/applebot)" 
114.119.157.43 - - [28/Apr/2021:16:34:27 -0700] "GET /self.logs/access.log.2017-09-28.gz HTTP/1.1" 200 26616 "-" "Mozilla/5.0 (Linux; Android 7.0;) AppleWebKit/537.36 (KHTML, like Gecko) Mobile Safari/537.36 (compatible; PetalBot;+https://webmaster.petalsearch.com/site/petalbot)" 
118.103.238.32 - - [28/Apr/2021:16:37:05 -0700] "GET /error.log.2020-08-05.gz HTTP/1.1" 404 284 "-" "-" 
118.103.238.32 - - [28/Apr/2021:16:37:05 -0700] "GET /error.log.2020-08-05.gz HTTP/1.1" 404 328 "https://www.google.com/" "Mozilla/5.0 (compatible; Googlebot/2.1; +http://www.google.com/bot.html)" 
114.119.140.84 - - [28/Apr/2021:16:39:28 -0700] "GET /self.logs/access.log.2019-08-21.gz HTTP/1.1" 200 17534 "-" "Mozilla/5.0 (Linux; Android 7.0;) AppleWebKit/537.36 (KHTML, like Gecko) Mobile Safari/537.36 (compatible; PetalBot;+https://webmaster.petalsearch.com/site/petalbot)" 
114.119.155.228 - - [28/Apr/2021:16:44:33 -0700] "GET /self.logs/access.log.2017-03-26.gz HTTP/1.1" 200 14291 "-" "Mozilla/5.0 (Linux; Android 7.0;) AppleWebKit/537.36 (KHTML, like Gecko) Mobile Safari/537.36 (compatible; PetalBot;+https://webmaster.petalsearch.com/site/petalbot)" 
49.37.161.87 - - [28/Apr/2021:16:47:36 -0700] "GET / HTTP/1.1" 200 12883 "-" "Mozilla/5.0 (Macintosh; Intel Mac OS X 10_15_7) AppleWebKit/605.1.15 (KHTML, like Gecko) Version/14.0.3 Safari/605.1.15" 
49.37.161.87 - - [28/Apr/2021:16:47:36 -0700] "GET /css/style.css HTTP/1.1" 404 328 "http://www.secrepo.com/" "Mozilla/5.0 (Macintosh; Intel Mac OS X 10_15_7) AppleWebKit/605.1.15 (KHTML, like Gecko) Version/14.0.3 Safari/605.1.15" 
49.37.161.87 - - [28/Apr/2021:16:47:36 -0700] "GET /twitter-icon.png HTTP/1.1" 200 27893 "http://www.secrepo.com/" "Mozilla/5.0 (Macintosh; Intel Mac OS X 10_15_7) AppleWebKit/605.1.15 (KHTML, like Gecko) Version/14.0.3 Safari/605.1.15" 
49.37.161.87 - - [28/Apr/2021:16:47:37 -0700] "GET /GitHub-Mark.png HTTP/1.1" 200 7556 "http://www.secrepo.com/" "Mozilla/5.0 (Macintosh; Intel Mac OS X 10_15_7) AppleWebKit/605.1.15 (KHTML, like Gecko) Version/14.0.3 Safari/605.1.15" 
49.37.161.87 - - [28/Apr/2021:16:47:49 -0700] "GET / HTTP/1.1" 200 12883 "-" "Mozilla/5.0 (Macintosh; Intel Mac OS X 10_15_7) AppleWebKit/605.1.15 (KHTML, like Gecko) Version/14.0.3 Safari/605.1.15" 
49.37.161.87 - - [28/Apr/2021:16:47:50 -0700] "GET /css/style.css HTTP/1.1" 404 328 "http://www.secrepo.com/" "Mozilla/5.0 (Macintosh; Intel Mac OS X 10_15_7) AppleWebKit/605.1.15 (KHTML, like Gecko) Version/14.0.3 Safari/605.1.15" 
49.37.161.87 - - [28/Apr/2021:16:47:50 -0700] "GET /twitter-icon.png HTTP/1.1" 200 27893 "http://www.secrepo.com/" "Mozilla/5.0 (Macintosh; Intel Mac OS X 10_15_7) AppleWebKit/605.1.15 (KHTML, like Gecko) Version/14.0.3 Safari/605.1.15" 
49.37.161.87 - - [28/Apr/2021:16:47:51 -0700] "GET /GitHub-Mark.png HTTP/1.1" 200 7556 "http://www.secrepo.com/" "Mozilla/5.0 (Macintosh; Intel Mac OS X 10_15_7) AppleWebKit/605.1.15 (KHTML, like Gecko) Version/14.0.3 Safari/605.1.15" 
114.119.155.228 - - [28/Apr/2021:16:49:38 -0700] "GET /self.logs/access.log.2020-06-26.gz HTTP/1.1" 200 37918 "-" "Mozilla/5.0 (Linux; Android 7.0;) AppleWebKit/537.36 (KHTML, like Gecko) Mobile Safari/537.36 (compatible; PetalBot;+https://webmaster.petalsearch.com/site/petalbot)" 
185.195.19.212 - - [28/Apr/2021:16:51:41 -0700] "HEAD /backups/index.zip HTTP/1.1" 301 184 "-" "-" 
185.195.19.212 - - [28/Apr/2021:16:51:42 -0700] "HEAD /backups/index.zip HTTP/1.1" 404 265 "-" "-" 
118.103.238.32 - - [28/Apr/2021:16:54:40 -0700] "GET /error.log.2020-08-04 HTTP/1.1" 404 284 "-" "-" 
118.103.238.32 - - [28/Apr/2021:16:54:41 -0700] "GET /error.log.2020-08-04 HTTP/1.1" 404 328 "https://www.google.com/" "Mozilla/5.0 (compatible; Googlebot/2.1; +http://www.google.com/bot.html)" 
185.195.19.212 - - [28/Apr/2021:16:55:25 -0700] "HEAD /back/dump.sql HTTP/1.1" 301 180 "-" "-" 
185.195.19.212 - - [28/Apr/2021:16:55:25 -0700] "HEAD /back/dump.sql HTTP/1.1" 404 265 "-" "-" 
114.119.159.101 - - [28/Apr/2021:16:59:49 -0700] "GET /self.logs/access.log.2019-09-16.gz HTTP/1.1" 200 20024 "-" "Mozilla/5.0 (Linux; Android 7.0;) AppleWebKit/537.36 (KHTML, like Gecko) Mobile Safari/537.36 (compatible; PetalBot;+https://webmaster.petalsearch.com/site/petalbot)" 
185.195.19.212 - - [28/Apr/2021:17:01:00 -0700] "HEAD /restore/.bash_history HTTP/1.1" 301 188 "-" "-" 
185.195.19.212 - - [28/Apr/2021:17:01:01 -0700] "HEAD /restore/.bash_history HTTP/1.1" 404 265 "-" "-" 
