106.38.241.177 - - [28/Apr/2021:02:37:22 -0700] "GET / HTTP/1.1" 200 12846 "-" "Sogou web spider/4.0(+http://www.sogou.com/docs/help/webmasters.htm#07)" 
49.7.20.108 - - [28/Apr/2021:02:48:46 -0700] "GET / HTTP/1.1" 200 12846 "-" "Sogou web spider/4.0(+http://www.sogou.com/docs/help/webmasters.htm#07)" 
54.36.148.241 - - [28/Apr/2021:02:50:17 -0700] "GET / HTTP/1.1" 200 12839 "-" "Mozilla/5.0 (compatible; AhrefsBot/7.0; +http://ahrefs.com/robot/)" 
114.119.144.30 - - [28/Apr/2021:02:50:24 -0700] "GET /self.logs/2015/access.log.2015-06-26.gz HTTP/1.1" 200 4128 "-" "Mozilla/5.0 (Linux; Android 7.0;) AppleWebKit/537.36 (KHTML, like Gecko) Mobile Safari/537.36 (compatible; PetalBot;+https://webmaster.petalsearch.com/site/petalbot)" 
114.119.141.53 - - [28/Apr/2021:02:55:43 -0700] "GET /self.logs/error.log.2021-01-06.gz HTTP/1.1" 200 2525 "-" "Mozilla/5.0 (Linux; Android 7.0;) AppleWebKit/537.36 (KHTML, like Gecko) Mobile Safari/537.36 (compatible; PetalBot;+https://webmaster.petalsearch.com/site/petalbot)" 
118.184.177.111 - - [28/Apr/2021:03:03:02 -0700] "GET / HTTP/1.1" 301 438 "-" "Sogou web spider/4.0(+http://www.sogou.com/docs/help/webmasters.htm#07)" 
118.184.177.111 - - [28/Apr/2021:03:04:06 -0700] "GET / HTTP/1.1" 200 12846 "-" "Sogou web spider/4.0(+http://www.sogou.com/docs/help/webmasters.htm#07)" 
114.119.144.30 - - [28/Apr/2021:03:06:25 -0700] "GET /self.logs/2015/error.log.2015-02-12.gz HTTP/1.1" 200 2368 "-" "Mozilla/5.0 (Linux; Android 7.0;) AppleWebKit/537.36 (KHTML, like Gecko) Mobile Safari/537.36 (compatible; PetalBot;+https://webmaster.petalsearch.com/site/petalbot)" 
197.210.28.187 - - [28/Apr/2021:03:06:39 -0700] "GET /Datasets%20Description/PE_malware/VirusShare.html HTTP/1.1" 200 1651 "-" "Mozilla/5.0 (Linux; Android 8.1.0; TECNO LA7) AppleWebKit/537.36 (KHTML, like Gecko) Chrome/70.0.3538.110 Mobile Safari/537.36" 
197.210.28.187 - - [28/Apr/2021:03:07:30 -0700] "GET / HTTP/1.1" 200 12883 "http://www.secrepo.com/Datasets%20Description/PE_malware/VirusShare.html" "Mozilla/5.0 (Linux; Android 8.1.0; TECNO LA7) AppleWebKit/537.36 (KHTML, like Gecko) Chrome/70.0.3538.110 Mobile Safari/537.36" 
197.210.28.187 - - [28/Apr/2021:03:07:30 -0700] "GET /css/style.css HTTP/1.1" 404 305 "http://www.secrepo.com/" "Mozilla/5.0 (Linux; Android 8.1.0; TECNO LA7) AppleWebKit/537.36 (KHTML, like Gecko) Chrome/70.0.3538.110 Mobile Safari/537.36" 
18.208.201.63 - - [28/Apr/2021:03:07:51 -0700] "GET / HTTP/1.1" 301 475 "-" "python-requests/2.18.1" 
18.208.201.63 - - [28/Apr/2021:03:07:51 -0700] "GET / HTTP/1.1" 200 12883 "-" "python-requests/2.18.1" 
18.208.201.63 - - [28/Apr/2021:03:07:51 -0700] "GET / HTTP/1.1" 200 12883 "-" "python-requests/2.18.1" 
18.208.201.63 - - [28/Apr/2021:03:07:51 -0700] "GET / HTTP/1.1" 200 12883 "-" "python-requests/2.18.1" 
49.7.20.108 - - [28/Apr/2021:03:09:47 -0700] "GET / HTTP/1.1" 200 12846 "-" "Sogou web spider/4.0(+http://www.sogou.com/docs/help/webmasters.htm#07)" 
114.119.130.95 - - [28/Apr/2021:03:11:42 -0700] "GET /self.logs/access.log.2018-03-17.gz HTTP/1.1" 200 28228 "-" "Mozilla/5.0 (Linux; Android 7.0;) AppleWebKit/537.36 (KHTML, like Gecko) Mobile Safari/537.36 (compatible; PetalBot;+https://webmaster.petalsearch.com/site/petalbot)" 
106.38.241.177 - - [28/Apr/2021:03:11:53 -0700] "GET / HTTP/1.1" 200 12846 "-" "Sogou web spider/4.0(+http://www.sogou.com/docs/help/webmasters.htm#07)" 
114.119.129.244 - - [28/Apr/2021:03:17:18 -0700] "GET /self.logs/access.log.2018-10-05.gz HTTP/1.1" 200 17287 "-" "Mozilla/5.0 (Linux; Android 7.0;) AppleWebKit/537.36 (KHTML, like Gecko) Mobile Safari/537.36 (compatible; PetalBot;+https://webmaster.petalsearch.com/site/petalbot)" 
185.191.171.17 - - [28/Apr/2021:03:19:47 -0700] "GET /robots.txt HTTP/1.1" 200 340 "-" "Mozilla/5.0 (compatible; SemrushBot/7~bl; +http://www.semrush.com/bot.html)" 
185.191.171.26 - - [28/Apr/2021:03:19:47 -0700] "GET /self.logs/error.log.2020-01-10 HTTP/1.1" 200 2313 "-" "Mozilla/5.0 (compatible; SemrushBot/7~bl; +http://www.semrush.com/bot.html)" 
114.119.144.30 - - [28/Apr/2021:03:22:25 -0700] "GET /self.logs/2015/error.log.2015-11-30.gz HTTP/1.1" 200 953 "-" "Mozilla/5.0 (Linux; Android 7.0;) AppleWebKit/537.36 (KHTML, like Gecko) Mobile Safari/537.36 (compatible; PetalBot;+https://webmaster.petalsearch.com/site/petalbot)" 
182.70.17.100 - - [28/Apr/2021:03:22:41 -0700] "GET /twitter-icon.png HTTP/1.1" 200 27916 "-" "Mozilla/5.0 (Windows NT 10.0; Win64; x64; rv:88.0) Gecko/20100101 Firefox/88.0" 
182.70.17.100 - - [28/Apr/2021:03:22:41 -0700] "GET /GitHub-Mark.png HTTP/1.1" 200 7556 "-" "Mozilla/5.0 (Windows NT 10.0; Win64; x64; rv:88.0) Gecko/20100101 Firefox/88.0" 
197.210.28.187 - - [28/Apr/2021:03:25:33 -0700] "GET / HTTP/1.1" 200 12884 "-" "Mozilla/5.0 (Linux; Android 8.1.0; TECNO LA7) AppleWebKit/537.36 (KHTML, like Gecko) Chrome/70.0.3538.110 Mobile Safari/537.36" 
197.210.28.187 - - [28/Apr/2021:03:25:35 -0700] "GET /css/style.css HTTP/1.1" 404 328 "http://www.secrepo.com/" "Mozilla/5.0 (Linux; Android 8.1.0; TECNO LA7) AppleWebKit/537.36 (KHTML, like Gecko) Chrome/70.0.3538.110 Mobile Safari/537.36" 
185.191.171.2 - - [28/Apr/2021:03:26:06 -0700] "GET /self.logs/error.log.2020-01-01 HTTP/1.1" 200 314 "-" "Mozilla/5.0 (compatible; SemrushBot/7~bl; +http://www.semrush.com/bot.html)" 
114.119.144.30 - - [28/Apr/2021:03:27:45 -0700] "GET /self.logs/2015/error.log.2015-09-08.gz HTTP/1.1" 200 802 "-" "Mozilla/5.0 (Linux; Android 7.0;) AppleWebKit/537.36 (KHTML, like Gecko) Mobile Safari/537.36 (compatible; PetalBot;+https://webmaster.petalsearch.com/site/petalbot)" 
114.119.159.101 - - [28/Apr/2021:03:33:47 -0700] "GET /self.logs/access.log.2017-07-23.gz HTTP/1.1" 200 35754 "-" "Mozilla/5.0 (Linux; Android 7.0;) AppleWebKit/537.36 (KHTML, like Gecko) Mobile Safari/537.36 (compatible; PetalBot;+https://webmaster.petalsearch.com/site/petalbot)" 
49.7.20.105 - - [28/Apr/2021:03:34:05 -0700] "GET / HTTP/1.1" 200 12846 "-" "Sogou web spider/4.0(+http://www.sogou.com/docs/help/webmasters.htm#07)" 
114.119.129.244 - - [28/Apr/2021:03:38:20 -0700] "GET /self.logs/error.log.2019-01-17.gz HTTP/1.1" 200 4316 "-" "Mozilla/5.0 (Linux; Android 7.0;) AppleWebKit/537.36 (KHTML, like Gecko) Mobile Safari/537.36 (compatible; PetalBot;+https://webmaster.petalsearch.com/site/petalbot)" 
207.46.13.101 - - [28/Apr/2021:03:41:23 -0700] "GET /self.logs/ HTTP/1.1" 200 29054 "-" "Mozilla/5.0 (compatible; bingbot/2.0; +http://www.bing.com/bingbot.htm)" 
106.38.241.177 - - [28/Apr/2021:03:42:39 -0700] "GET / HTTP/1.1" 200 12846 "-" "Sogou web spider/4.0(+http://www.sogou.com/docs/help/webmasters.htm#07)" 
49.7.20.79 - - [28/Apr/2021:03:42:44 -0700] "GET / HTTP/1.1" 200 12846 "-" "Sogou web spider/4.0(+http://www.sogou.com/docs/help/webmasters.htm#07)" 
114.119.140.84 - - [28/Apr/2021:03:43:44 -0700] "GET /self.logs/error.log.2018-06-04.gz HTTP/1.1" 200 5525 "-" "Mozilla/5.0 (Linux; Android 7.0;) AppleWebKit/537.36 (KHTML, like Gecko) Mobile Safari/537.36 (compatible; PetalBot;+https://webmaster.petalsearch.com/site/petalbot)" 
114.119.129.244 - - [28/Apr/2021:03:48:54 -0700] "GET /self.logs/access.log.2021-01-04.gz HTTP/1.1" 200 22966 "-" "Mozilla/5.0 (Linux; Android 7.0;) AppleWebKit/537.36 (KHTML, like Gecko) Mobile Safari/537.36 (compatible; PetalBot;+https://webmaster.petalsearch.com/site/petalbot)" 
1.202.249.70 - - [28/Apr/2021:03:49:18 -0700] "GET / HTTP/1.1" 200 12883 "-" "Mozilla/5.0 (Windows NT 10.0; Win64; x64) AppleWebKit/537.36 (KHTML, like Gecko) Chrome/90.0.4430.85 Safari/537.36" 
1.202.249.70 - - [28/Apr/2021:03:49:19 -0700] "GET /css/style.css HTTP/1.1" 404 328 "http://www.secrepo.com/" "Mozilla/5.0 (Windows NT 10.0; Win64; x64) AppleWebKit/537.36 (KHTML, like Gecko) Chrome/90.0.4430.85 Safari/537.36" 
1.202.249.70 - - [28/Apr/2021:03:49:21 -0700] "GET /twitter-icon.png HTTP/1.1" 200 27916 "http://www.secrepo.com/" "Mozilla/5.0 (Windows NT 10.0; Win64; x64) AppleWebKit/537.36 (KHTML, like Gecko) Chrome/90.0.4430.85 Safari/537.36" 
1.202.249.70 - - [28/Apr/2021:03:49:21 -0700] "GET /GitHub-Mark.png HTTP/1.1" 200 7556 "http://www.secrepo.com/" "Mozilla/5.0 (Windows NT 10.0; Win64; x64) AppleWebKit/537.36 (KHTML, like Gecko) Chrome/90.0.4430.85 Safari/537.36" 
1.202.249.70 - - [28/Apr/2021:03:49:43 -0700] "GET /bootstrap/img/favicon.ico HTTP/1.1" 200 713 "http://www.secrepo.com/" "Mozilla/5.0 (Windows NT 10.0; Win64; x64) AppleWebKit/537.36 (KHTML, like Gecko) Chrome/90.0.4430.85 Safari/537.36" 
17.121.115.124 - - [28/Apr/2021:03:52:21 -0700] "GET /self.logs/error.log.2020-02-09 HTTP/1.1" 200 307 "-" "Mozilla/5.0 (Macintosh; Intel Mac OS X 10_15_5) AppleWebKit/605.1.15 (KHTML, like Gecko) Version/13.1.1 Safari/605.1.15 (Applebot/0.1; +http://www.apple.com/go/applebot)" 
114.119.150.228 - - [28/Apr/2021:03:53:54 -0700] "GET /robots.txt HTTP/1.1" 200 377 "-" "Mozilla/5.0 (compatible;PetalBot;+https://webmaster.petalsearch.com/site/petalbot)" 
185.191.171.39 - - [28/Apr/2021:03:57:18 -0700] "GET /self.logs/error.log.2019-09-13 HTTP/1.1" 200 3721 "-" "Mozilla/5.0 (compatible; SemrushBot/7~bl; +http://www.semrush.com/bot.html)" 
114.119.141.53 - - [28/Apr/2021:03:59:15 -0700] "GET /self.logs/access.log.2019-05-16.gz HTTP/1.1" 200 28305 "-" "Mozilla/5.0 (Linux; Android 7.0;) AppleWebKit/537.36 (KHTML, like Gecko) Mobile Safari/537.36 (compatible; PetalBot;+https://webmaster.petalsearch.com/site/petalbot)" 
118.103.238.32 - - [28/Apr/2021:04:02:25 -0700] "GET /error.log.2020-09-16 HTTP/1.1" 404 284 "-" "-" 
118.103.238.32 - - [28/Apr/2021:04:02:25 -0700] "GET /error.log.2020-09-16 HTTP/1.1" 404 328 "https://www.google.com/" "Mozilla/5.0 (compatible; Googlebot/2.1; +http://www.google.com/bot.html)" 
114.119.130.95 - - [28/Apr/2021:04:04:30 -0700] "GET /Datasets%20Description/HTML_Bro_log_3/loaded_scripts.html HTTP/1.1" 200 1543 "-" "Mozilla/5.0 (Linux; Android 7.0;) AppleWebKit/537.36 (KHTML, like Gecko) Mobile Safari/537.36 (compatible; PetalBot;+https://webmaster.petalsearch.com/site/petalbot)" 
106.38.241.177 - - [28/Apr/2021:04:12:37 -0700] "GET / HTTP/1.1" 200 12846 "-" "Sogou web spider/4.0(+http://www.sogou.com/docs/help/webmasters.htm#07)" 
91.196.10.22 - - [28/Apr/2021:04:15:23 -0700] "GET /honeypot/ HTTP/1.0" 200 1192 "http://www.secrepo.com/honeypot/" "Mozilla/5.0 (Windows NT 10.0; Win64; x64) AppleWebKit/537.36 (KHTML, like Gecko) Chrome/83.0.4087.0 Safari/537.36" 
91.196.10.22 - - [28/Apr/2021:04:15:24 -0700] "GET / HTTP/1.0" 200 48027 "http://www.secrepo.com/" "Mozilla/5.0 (Windows NT 10.0; Win64; x64) AppleWebKit/537.36 (KHTML, like Gecko) Chrome/83.0.4087.0 Safari/537.36" 
114.119.141.53 - - [28/Apr/2021:04:15:26 -0700] "GET /self.logs/access.log.2017-10-15.gz HTTP/1.1" 200 78224 "-" "Mozilla/5.0 (Linux; Android 7.0;) AppleWebKit/537.36 (KHTML, like Gecko) Mobile Safari/537.36 (compatible; PetalBot;+https://webmaster.petalsearch.com/site/petalbot)" 
118.103.238.32 - - [28/Apr/2021:04:19:15 -0700] "GET /error.log.2020-09-15 HTTP/1.1" 404 284 "-" "-" 
118.103.238.32 - - [28/Apr/2021:04:19:15 -0700] "GET /error.log.2020-09-15 HTTP/1.1" 404 328 "https://www.google.com/" "Mozilla/5.0 (compatible; Googlebot/2.1; +http://www.google.com/bot.html)" 
114.119.130.95 - - [28/Apr/2021:04:20:33 -0700] "GET /self.logs/error.log.2018-08-02.gz HTTP/1.1" 200 8702 "-" "Mozilla/5.0 (Linux; Android 7.0;) AppleWebKit/537.36 (KHTML, like Gecko) Mobile Safari/537.36 (compatible; PetalBot;+https://webmaster.petalsearch.com/site/petalbot)" 
223.129.4.182 - - [28/Apr/2021:04:23:27 -0700] "GET / HTTP/1.1" 200 12884 "https://blog.csdn.net/shaobojiao/article/details/112648362" "Mozilla/5.0 (Macintosh; Intel Mac OS X 10.13; rv:82.0) Gecko/20100101 Firefox/82.0" 
223.129.4.182 - - [28/Apr/2021:04:23:27 -0700] "GET /robots.txt HTTP/1.1" 200 377 "-" "Mozilla/5.0 (Macintosh; Intel Mac OS X 10.13; rv:82.0) Gecko/20100101 Firefox/82.0" 
223.129.4.182 - - [28/Apr/2021:04:23:27 -0700] "GET /css/style.css HTTP/1.1" 404 305 "http://www.secrepo.com/" "Mozilla/5.0 (Macintosh; Intel Mac OS X 10.13; rv:82.0) Gecko/20100101 Firefox/82.0" 
223.129.4.182 - - [28/Apr/2021:04:23:29 -0700] "GET /GitHub-Mark.png HTTP/1.1" 200 7556 "http://www.secrepo.com/" "Mozilla/5.0 (Macintosh; Intel Mac OS X 10.13; rv:82.0) Gecko/20100101 Firefox/82.0" 
223.129.4.182 - - [28/Apr/2021:04:23:29 -0700] "GET /twitter-icon.png HTTP/1.1" 200 27893 "http://www.secrepo.com/" "Mozilla/5.0 (Macintosh; Intel Mac OS X 10.13; rv:82.0) Gecko/20100101 Firefox/82.0" 
223.129.4.182 - - [28/Apr/2021:04:23:30 -0700] "GET /bootstrap/img/favicon.ico HTTP/1.1" 200 690 "http://www.secrepo.com/" "Mozilla/5.0 (Macintosh; Intel Mac OS X 10.13; rv:82.0) Gecko/20100101 Firefox/82.0" 
114.119.157.43 - - [28/Apr/2021:04:25:56 -0700] "GET /self.logs/error.log.2018-01-10.gz HTTP/1.1" 200 2294 "-" "Mozilla/5.0 (Linux; Android 7.0;) AppleWebKit/537.36 (KHTML, like Gecko) Mobile Safari/537.36 (compatible; PetalBot;+https://webmaster.petalsearch.com/site/petalbot)" 
114.119.130.95 - - [28/Apr/2021:04:30:55 -0700] "GET /self.logs/access.log.2017-05-13.gz HTTP/1.1" 200 14908 "-" "Mozilla/5.0 (Linux; Android 7.0;) AppleWebKit/537.36 (KHTML, like Gecko) Mobile Safari/537.36 (compatible; PetalBot;+https://webmaster.petalsearch.com/site/petalbot)" 
223.129.4.182 - - [28/Apr/2021:04:32:13 -0700] "GET /pe_static/zeus.zip HTTP/1.1" 200 78000 "http://www.secrepo.com/" "Mozilla/5.0 (Macintosh; Intel Mac OS X 10.13; rv:82.0) Gecko/20100101 Firefox/82.0" 
223.129.4.182 - - [28/Apr/2021:04:32:35 -0700] "GET /Datasets%20Description/PE_malware/Zeus.html HTTP/1.1" 200 1698 "http://www.secrepo.com/" "Mozilla/5.0 (Macintosh; Intel Mac OS X 10.13; rv:82.0) Gecko/20100101 Firefox/82.0" 
223.129.4.182 - - [28/Apr/2021:04:32:35 -0700] "GET /favicon.ico HTTP/1.1" 200 368 "http://www.secrepo.com/Datasets%20Description/PE_malware/Zeus.html" "Mozilla/5.0 (Macintosh; Intel Mac OS X 10.13; rv:82.0) Gecko/20100101 Firefox/82.0" 
223.129.4.182 - - [28/Apr/2021:04:33:37 -0700] "GET /self.logs/ HTTP/1.1" 200 29054 "http://www.secrepo.com/" "Mozilla/5.0 (Macintosh; Intel Mac OS X 10.13; rv:82.0) Gecko/20100101 Firefox/82.0" 
223.129.4.182 - - [28/Apr/2021:04:33:53 -0700] "GET /self.logs/access.log.2017-01-01.gz HTTP/1.1" 200 17678 "http://www.secrepo.com/self.logs/" "Mozilla/5.0 (Macintosh; Intel Mac OS X 10.13; rv:82.0) Gecko/20100101 Firefox/82.0" 
114.119.157.43 - - [28/Apr/2021:04:36:15 -0700] "GET /self.logs/access.log.2018-10-22.gz HTTP/1.1" 200 23890 "-" "Mozilla/5.0 (Linux; Android 7.0;) AppleWebKit/537.36 (KHTML, like Gecko) Mobile Safari/537.36 (compatible; PetalBot;+https://webmaster.petalsearch.com/site/petalbot)" 
118.103.238.32 - - [28/Apr/2021:04:36:58 -0700] "GET /error.log.2020-09-14 HTTP/1.1" 404 284 "-" "-" 
118.103.238.32 - - [28/Apr/2021:04:36:58 -0700] "GET /error.log.2020-09-14 HTTP/1.1" 404 328 "https://www.google.com/" "Mozilla/5.0 (compatible; Googlebot/2.1; +http://www.google.com/bot.html)" 
49.7.20.105 - - [28/Apr/2021:04:38:56 -0700] "GET / HTTP/1.1" 200 12846 "-" "Sogou web spider/4.0(+http://www.sogou.com/docs/help/webmasters.htm#07)" 
106.38.241.177 - - [28/Apr/2021:04:39:17 -0700] "GET / HTTP/1.1" 200 12846 "-" "Sogou web spider/4.0(+http://www.sogou.com/docs/help/webmasters.htm#07)" 
114.119.141.53 - - [28/Apr/2021:04:41:30 -0700] "GET /self.logs/access.log.2017-01-27.gz HTTP/1.1" 200 18293 "-" "Mozilla/5.0 (Linux; Android 7.0;) AppleWebKit/537.36 (KHTML, like Gecko) Mobile Safari/537.36 (compatible; PetalBot;+https://webmaster.petalsearch.com/site/petalbot)" 
114.119.155.228 - - [28/Apr/2021:04:46:44 -0700] "GET /self.logs/access.log.2019-04-09.gz HTTP/1.1" 200 30680 "-" "Mozilla/5.0 (Linux; Android 7.0;) AppleWebKit/537.36 (KHTML, like Gecko) Mobile Safari/537.36 (compatible; PetalBot;+https://webmaster.petalsearch.com/site/petalbot)" 
58.212.61.247 - - [28/Apr/2021:04:47:38 -0700] "GET / HTTP/1.1" 200 12884 "-" "Mozilla/5.0 (Windows NT 10.0; Win64; x64) AppleWebKit/537.36 (KHTML, like Gecko) Chrome/79.0.3945.56 Safari/537.36" 
58.212.61.247 - - [28/Apr/2021:04:47:38 -0700] "GET /css/style.css HTTP/1.1" 404 305 "http://www.secrepo.com/" "Mozilla/5.0 (Windows NT 10.0; Win64; x64) AppleWebKit/537.36 (KHTML, like Gecko) Chrome/79.0.3945.56 Safari/537.36" 
58.212.61.247 - - [28/Apr/2021:04:47:38 -0700] "GET /twitter-icon.png HTTP/1.1" 200 27916 "http://www.secrepo.com/" "Mozilla/5.0 (Windows NT 10.0; Win64; x64) AppleWebKit/537.36 (KHTML, like Gecko) Chrome/79.0.3945.56 Safari/537.36" 
58.212.61.247 - - [28/Apr/2021:04:47:38 -0700] "GET /GitHub-Mark.png HTTP/1.1" 200 7556 "http://www.secrepo.com/" "Mozilla/5.0 (Windows NT 10.0; Win64; x64) AppleWebKit/537.36 (KHTML, like Gecko) Chrome/79.0.3945.56 Safari/537.36" 
40.77.167.36 - - [28/Apr/2021:04:47:54 -0700] "GET /Datasets%20Description/Network/dhcp.html HTTP/1.1" 200 1461 "-" "Mozilla/5.0 (compatible; bingbot/2.0; +http://www.bing.com/bingbot.htm)" 
58.212.61.247 - - [28/Apr/2021:04:48:02 -0700] "GET /bootstrap/img/favicon.ico HTTP/1.1" 200 713 "http://www.secrepo.com/" "Mozilla/5.0 (Windows NT 10.0; Win64; x64) AppleWebKit/537.36 (KHTML, like Gecko) Chrome/79.0.3945.56 Safari/537.36" 
207.46.13.174 - - [28/Apr/2021:04:48:36 -0700] "GET /self.logs/access.log.2017-11-05.gz HTTP/1.1" 304 280 "-" "Mozilla/5.0 (compatible; bingbot/2.0; +http://www.bing.com/bingbot.htm)" 
197.210.28.187 - - [28/Apr/2021:04:49:16 -0700] "GET /Datasets%20Description/PE_malware/VirusShare.html HTTP/1.1" 200 1651 "-" "Mozilla/5.0 (Linux; Android 8.1.0; TECNO LA7) AppleWebKit/537.36 (KHTML, like Gecko) Chrome/70.0.3538.110 Mobile Safari/537.36" 
197.210.28.187 - - [28/Apr/2021:04:49:21 -0700] "GET / HTTP/1.1" 200 12884 "http://www.secrepo.com/Datasets%20Description/PE_malware/VirusShare.html" "Mozilla/5.0 (Linux; Android 8.1.0; TECNO LA7) AppleWebKit/537.36 (KHTML, like Gecko) Chrome/70.0.3538.110 Mobile Safari/537.36" 
197.210.28.187 - - [28/Apr/2021:04:49:21 -0700] "GET /css/style.css HTTP/1.1" 404 305 "http://www.secrepo.com/" "Mozilla/5.0 (Linux; Android 8.1.0; TECNO LA7) AppleWebKit/537.36 (KHTML, like Gecko) Chrome/70.0.3538.110 Mobile Safari/537.36" 
114.119.155.228 - - [28/Apr/2021:04:52:05 -0700] "GET /self.logs/error.log.2018-07-25.gz HTTP/1.1" 200 6769 "-" "Mozilla/5.0 (Linux; Android 7.0;) AppleWebKit/537.36 (KHTML, like Gecko) Mobile Safari/537.36 (compatible; PetalBot;+https://webmaster.petalsearch.com/site/petalbot)" 
118.103.238.32 - - [28/Apr/2021:04:54:16 -0700] "GET /error.log.2020-09-13 HTTP/1.1" 404 284 "-" "-" 
118.103.238.32 - - [28/Apr/2021:04:54:16 -0700] "GET /error.log.2020-09-13 HTTP/1.1" 404 328 "https://www.google.com/" "Mozilla/5.0 (compatible; Googlebot/2.1; +http://www.google.com/bot.html)" 
207.46.13.102 - - [28/Apr/2021:04:58:45 -0700] "GET /self.logs/error.log.2017-01-22.gz HTTP/1.1" 200 813 "-" "Mozilla/5.0 (compatible; bingbot/2.0; +http://www.bing.com/bingbot.htm)" 
17.121.112.153 - - [28/Apr/2021:04:59:03 -0700] "GET /self.logs/error.log.2020-02-06 HTTP/1.1" 200 307 "-" "Mozilla/5.0 (Macintosh; Intel Mac OS X 10_15_5) AppleWebKit/605.1.15 (KHTML, like Gecko) Version/13.1.1 Safari/605.1.15 (Applebot/0.1; +http://www.apple.com/go/applebot)" 
66.249.83.28 - - [28/Apr/2021:05:02:22 -0700] "GET / HTTP/1.1" 301 475 "-" "Mozilla/5.0 (X11; Linux x86_64) AppleWebKit/537.36 (KHTML, like Gecko) Chrome/49.0.2623.75 Safari/537.36 Google Favicon" 
66.249.83.75 - - [28/Apr/2021:05:02:23 -0700] "GET / HTTP/1.1" 200 12883 "-" "Mozilla/5.0 (X11; Linux x86_64) AppleWebKit/537.36 (KHTML, like Gecko) Chrome/49.0.2623.75 Safari/537.36 Google Favicon" 
66.249.83.75 - - [28/Apr/2021:05:02:23 -0700] "GET /bootstrap/img/favicon.ico HTTP/1.1" 200 690 "-" "Mozilla/5.0 (X11; Linux x86_64) AppleWebKit/537.36 (KHTML, like Gecko) Chrome/49.0.2623.75 Safari/537.36 Google Favicon" 
114.119.141.53 - - [28/Apr/2021:05:02:36 -0700] "GET /self.logs/access.log.2018-09-20.gz HTTP/1.1" 200 27078 "-" "Mozilla/5.0 (Linux; Android 7.0;) AppleWebKit/537.36 (KHTML, like Gecko) Mobile Safari/537.36 (compatible; PetalBot;+https://webmaster.petalsearch.com/site/petalbot)" 
106.38.241.177 - - [28/Apr/2021:05:05:31 -0700] "GET / HTTP/1.1" 200 12846 "-" "Sogou web spider/4.0(+http://www.sogou.com/docs/help/webmasters.htm#07)" 
114.119.159.101 - - [28/Apr/2021:05:07:51 -0700] "GET /self.logs/error.log.2020-07-04 HTTP/1.1" 200 351 "-" "Mozilla/5.0 (Linux; Android 7.0;) AppleWebKit/537.36 (KHTML, like Gecko) Mobile Safari/537.36 (compatible; PetalBot;+https://webmaster.petalsearch.com/site/petalbot)" 
118.103.238.32 - - [28/Apr/2021:05:11:27 -0700] "GET /error.log.2020-09-12.gz HTTP/1.1" 404 284 "-" "-" 
118.103.238.32 - - [28/Apr/2021:05:11:27 -0700] "GET /error.log.2020-09-12.gz HTTP/1.1" 404 328 "https://www.google.com/" "Mozilla/5.0 (compatible; Googlebot/2.1; +http://www.google.com/bot.html)" 
40.77.167.26 - - [28/Apr/2021:05:16:19 -0700] "GET /self.logs/access.log.2017-03-04.gz HTTP/1.1" 200 15727 "-" "Mozilla/5.0 (compatible; bingbot/2.0; +http://www.bing.com/bingbot.htm)" 
114.119.141.53 - - [28/Apr/2021:05:18:26 -0700] "GET /self.logs/access.log.2017-06-16.gz HTTP/1.1" 200 15949 "-" "Mozilla/5.0 (Linux; Android 7.0;) AppleWebKit/537.36 (KHTML, like Gecko) Mobile Safari/537.36 (compatible; PetalBot;+https://webmaster.petalsearch.com/site/petalbot)" 
114.119.129.244 - - [28/Apr/2021:05:23:37 -0700] "GET /self.logs/access.log.2019-04-20.gz HTTP/1.1" 200 70019 "-" "Mozilla/5.0 (Linux; Android 7.0;) AppleWebKit/537.36 (KHTML, like Gecko) Mobile Safari/537.36 (compatible; PetalBot;+https://webmaster.petalsearch.com/site/petalbot)" 
185.191.171.20 - - [28/Apr/2021:05:24:27 -0700] "GET /robots.txt HTTP/1.1" 200 340 "-" "Mozilla/5.0 (compatible; SemrushBot/7~bl; +http://www.semrush.com/bot.html)" 
185.191.171.45 - - [28/Apr/2021:05:24:27 -0700] "GET /self.logs/error.log.2019-10-22 HTTP/1.1" 200 314 "-" "Mozilla/5.0 (compatible; SemrushBot/7~bl; +http://www.semrush.com/bot.html)" 
17.121.112.185 - - [28/Apr/2021:05:26:56 -0700] "GET /self.logs/error.log.2020-03-22 HTTP/1.1" 200 307 "-" "Mozilla/5.0 (Macintosh; Intel Mac OS X 10_15_5) AppleWebKit/605.1.15 (KHTML, like Gecko) Version/13.1.1 Safari/605.1.15 (Applebot/0.1; +http://www.apple.com/go/applebot)" 
106.38.241.177 - - [28/Apr/2021:05:28:53 -0700] "GET / HTTP/1.1" 200 12846 "-" "Sogou web spider/4.0(+http://www.sogou.com/docs/help/webmasters.htm#07)" 
114.119.159.101 - - [28/Apr/2021:05:28:55 -0700] "GET /self.logs/error.log.2018-10-14.gz HTTP/1.1" 200 4719 "-" "Mozilla/5.0 (Linux; Android 7.0;) AppleWebKit/537.36 (KHTML, like Gecko) Mobile Safari/537.36 (compatible; PetalBot;+https://webmaster.petalsearch.com/site/petalbot)" 
118.103.238.32 - - [28/Apr/2021:05:29:08 -0700] "GET /error.log.2020-09-11.gz HTTP/1.1" 404 284 "-" "-" 
118.103.238.32 - - [28/Apr/2021:05:29:09 -0700] "GET /error.log.2020-09-11.gz HTTP/1.1" 404 328 "https://www.google.com/" "Mozilla/5.0 (compatible; Googlebot/2.1; +http://www.google.com/bot.html)" 
114.119.129.244 - - [28/Apr/2021:05:34:10 -0700] "GET /self.logs/access.log.2019-03-03.gz HTTP/1.1" 200 24360 "-" "Mozilla/5.0 (Linux; Android 7.0;) AppleWebKit/537.36 (KHTML, like Gecko) Mobile Safari/537.36 (compatible; PetalBot;+https://webmaster.petalsearch.com/site/petalbot)" 
49.7.20.105 - - [28/Apr/2021:05:39:13 -0700] "GET / HTTP/1.1" 200 12847 "-" "Sogou web spider/4.0(+http://www.sogou.com/docs/help/webmasters.htm#07)" 
114.119.140.84 - - [28/Apr/2021:05:39:32 -0700] "GET /self.logs/access.log.2018-11-15.gz HTTP/1.1" 200 46124 "-" "Mozilla/5.0 (Linux; Android 7.0;) AppleWebKit/537.36 (KHTML, like Gecko) Mobile Safari/537.36 (compatible; PetalBot;+https://webmaster.petalsearch.com/site/petalbot)" 
114.119.141.53 - - [28/Apr/2021:05:44:42 -0700] "GET /self.logs/error.log.2018-11-11.gz HTTP/1.1" 200 4212 "-" "Mozilla/5.0 (Linux; Android 7.0;) AppleWebKit/537.36 (KHTML, like Gecko) Mobile Safari/537.36 (compatible; PetalBot;+https://webmaster.petalsearch.com/site/petalbot)" 
118.103.238.32 - - [28/Apr/2021:05:47:24 -0700] "GET /error.log.2020-09-10 HTTP/1.1" 404 284 "-" "-" 
118.103.238.32 - - [28/Apr/2021:05:47:25 -0700] "GET /error.log.2020-09-10 HTTP/1.1" 404 328 "https://www.google.com/" "Mozilla/5.0 (compatible; Googlebot/2.1; +http://www.google.com/bot.html)" 
114.119.159.40 - - [28/Apr/2021:05:49:54 -0700] "GET /self.logs/2015/error.log.2015-06-02.gz HTTP/1.1" 200 881 "-" "Mozilla/5.0 (Linux; Android 7.0;) AppleWebKit/537.36 (KHTML, like Gecko) Mobile Safari/537.36 (compatible; PetalBot;+https://webmaster.petalsearch.com/site/petalbot)" 
106.38.241.177 - - [28/Apr/2021:05:52:34 -0700] "GET / HTTP/1.1" 200 12847 "-" "Sogou web spider/4.0(+http://www.sogou.com/docs/help/webmasters.htm#07)" 
114.119.130.95 - - [28/Apr/2021:05:55:15 -0700] "GET /self.logs/error.log.2020-10-23 HTTP/1.1" 200 351 "-" "Mozilla/5.0 (Linux; Android 7.0;) AppleWebKit/537.36 (KHTML, like Gecko) Mobile Safari/537.36 (compatible; PetalBot;+https://webmaster.petalsearch.com/site/petalbot)" 
113.31.108.154 - - [28/Apr/2021:05:55:43 -0700] "GET / HTTP/1.1" 301 475 "-" "Dalvik/2.1.0 (Linux; U; Android 7.0; ZTE BA520 Build/MRA58K)" 
113.31.108.154 - - [28/Apr/2021:05:55:44 -0700] "GET / HTTP/1.1" 200 12884 "-" "Dalvik/2.1.0 (Linux; U; Android 7.0; ZTE BA520 Build/MRA58K)" 
114.119.141.53 - - [28/Apr/2021:06:00:25 -0700] "GET /self.logs/2015/access.log.2015-08-03.gz HTTP/1.1" 200 6251 "-" "Mozilla/5.0 (Linux; Android 7.0;) AppleWebKit/537.36 (KHTML, like Gecko) Mobile Safari/537.36 (compatible; PetalBot;+https://webmaster.petalsearch.com/site/petalbot)" 
113.31.108.154 - - [28/Apr/2021:06:01:23 -0700] "GET / HTTP/1.1" 200 12882 "-" "Dalvik/2.1.0 (Linux; U; Android 7.0; ZTE BA520 Build/MRA58K)" 
118.103.238.32 - - [28/Apr/2021:06:04:35 -0700] "GET /error.log.2020-09-09 HTTP/1.1" 404 284 "-" "-" 
118.103.238.32 - - [28/Apr/2021:06:04:36 -0700] "GET /error.log.2020-09-09 HTTP/1.1" 404 328 "https://www.google.com/" "Mozilla/5.0 (compatible; Googlebot/2.1; +http://www.google.com/bot.html)" 
40.77.167.32 - - [28/Apr/2021:06:04:42 -0700] "GET /self.logs/access.log.2020-03-06.gz HTTP/1.1" 304 280 "-" "Mozilla/5.0 (compatible; bingbot/2.0; +http://www.bing.com/bingbot.htm)" 
114.119.156.185 - - [28/Apr/2021:06:05:24 -0700] "GET /robots.txt HTTP/1.1" 200 377 "-" "Mozilla/5.0 (compatible;PetalBot;+https://webmaster.petalsearch.com/site/petalbot)" 
54.70.40.11 - - [28/Apr/2021:06:06:13 -0700] "GET /robots.txt HTTP/1.1" 200 333 "-" "Mozilla/5.0 (compatible) SemanticScholarBot (+https://www.semanticscholar.org/crawler)" 
54.70.40.11 - - [28/Apr/2021:06:06:23 -0700] "GET /robots.txt HTTP/1.1" 200 333 "-" "Mozilla/5.0 (compatible) SemanticScholarBot (+https://www.semanticscholar.org/crawler)" 
54.70.40.11 - - [28/Apr/2021:06:06:34 -0700] "GET / HTTP/1.1" 200 12838 "-" "Mozilla/5.0 (compatible) SemanticScholarBot (+https://www.semanticscholar.org/crawler)" 
52.40.111.252 - - [28/Apr/2021:06:07:22 -0700] "GET /self.logs HTTP/1.1" 301 563 "-" "Mozilla/5.0 (Windows NT 10.0; Win64; x64; rv:57.0) Gecko/20100101 Firefox/57.0" 
52.40.111.252 - - [28/Apr/2021:06:07:22 -0700] "GET /self.logs/ HTTP/1.1" 200 29049 "-" "Mozilla/5.0 (Windows NT 10.0; Win64; x64; rv:57.0) Gecko/20100101 Firefox/57.0" 
62.158.237.118 - - [28/Apr/2021:06:07:25 -0700] "GET /self.logs/ HTTP/1.1" 200 29028 "-" "Scrapy/2.4.1 (+https://scrapy.org)" 
62.158.237.118 - - [28/Apr/2021:06:07:26 -0700] "GET / HTTP/1.1" 200 12804 "-" "Scrapy/2.4.1 (+https://scrapy.org)" 
114.119.157.43 - - [28/Apr/2021:06:10:42 -0700] "GET /self.logs/2015/access.log.2015-06-04.gz HTTP/1.1" 200 5287 "-" "Mozilla/5.0 (Linux; Android 7.0;) AppleWebKit/537.36 (KHTML, like Gecko) Mobile Safari/537.36 (compatible; PetalBot;+https://webmaster.petalsearch.com/site/petalbot)" 
54.36.149.61 - - [28/Apr/2021:06:11:21 -0700] "GET / HTTP/1.1" 200 12838 "-" "Mozilla/5.0 (compatible; AhrefsBot/7.0; +http://ahrefs.com/robot/)" 
62.158.237.118 - - [28/Apr/2021:06:14:01 -0700] "GET / HTTP/1.1" 301 419 "-" "Scrapy/2.4.1 (+https://scrapy.org)" 
62.158.237.118 - - [28/Apr/2021:06:14:01 -0700] "GET / HTTP/1.1" 418 691 "-" "Scrapy/2.4.1 (+https://scrapy.org)" 
62.158.237.118 - - [28/Apr/2021:06:14:01 -0700] "GET / HTTP/1.1" 418 691 "-" "Scrapy/2.4.1 (+https://scrapy.org)" 
62.158.237.118 - - [28/Apr/2021:06:14:01 -0700] "GET / HTTP/1.1" 418 691 "-" "Scrapy/2.4.1 (+https://scrapy.org)" 
51.77.204.24 - - [28/Apr/2021:06:14:02 -0700] "GET /honeypot/BSidesDFW%20-%202014.ipynb HTTP/1.1" 301 481 "-" "Tornado-Async-Client" 
106.38.241.177 - - [28/Apr/2021:06:14:25 -0700] "GET / HTTP/1.1" 200 12845 "-" "Sogou web spider/4.0(+http://www.sogou.com/docs/help/webmasters.htm#07)" 
114.119.141.53 - - [28/Apr/2021:06:16:02 -0700] "GET /self.logs/access.log.2020-01-15.gz HTTP/1.1" 200 19140 "-" "Mozilla/5.0 (Linux; Android 7.0;) AppleWebKit/537.36 (KHTML, like Gecko) Mobile Safari/537.36 (compatible; PetalBot;+https://webmaster.petalsearch.com/site/petalbot)" 
114.119.130.95 - - [28/Apr/2021:06:21:13 -0700] "GET /self.logs/error.log.2019-02-16.gz HTTP/1.1" 200 3616 "-" "Mozilla/5.0 (Linux; Android 7.0;) AppleWebKit/537.36 (KHTML, like Gecko) Mobile Safari/537.36 (compatible; PetalBot;+https://webmaster.petalsearch.com/site/petalbot)" 
74.125.212.253 - - [28/Apr/2021:06:23:03 -0700] "GET / HTTP/1.1" 301 475 "-" "Mozilla/5.0 (X11; Linux x86_64) AppleWebKit/537.36 (KHTML, like Gecko) Chrome/49.0.2623.75 Safari/537.36 Google Favicon" 
74.125.212.31 - - [28/Apr/2021:06:23:04 -0700] "GET / HTTP/1.1" 200 12883 "-" "Mozilla/5.0 (X11; Linux x86_64) AppleWebKit/537.36 (KHTML, like Gecko) Chrome/49.0.2623.75 Safari/537.36 Google Favicon" 
74.125.212.1 - - [28/Apr/2021:06:23:04 -0700] "GET /bootstrap/img/favicon.ico HTTP/1.1" 200 713 "-" "Mozilla/5.0 (X11; Linux x86_64) AppleWebKit/537.36 (KHTML, like Gecko) Chrome/49.0.2623.75 Safari/537.36 Google Favicon" 
118.103.238.32 - - [28/Apr/2021:06:23:09 -0700] "GET /error.log.2020-09-08 HTTP/1.1" 404 284 "-" "-" 
118.103.238.32 - - [28/Apr/2021:06:23:09 -0700] "GET /error.log.2020-09-08 HTTP/1.1" 404 328 "https://www.google.com/" "Mozilla/5.0 (compatible; Googlebot/2.1; +http://www.google.com/bot.html)" 
114.119.130.95 - - [28/Apr/2021:06:26:27 -0700] "GET /self.logs/error.log.2019-07-09.gz HTTP/1.1" 200 1905 "-" "Mozilla/5.0 (Linux; Android 7.0;) AppleWebKit/537.36 (KHTML, like Gecko) Mobile Safari/537.36 (compatible; PetalBot;+https://webmaster.petalsearch.com/site/petalbot)" 
113.116.113.59 - - [28/Apr/2021:06:26:46 -0700] "GET /favicon.ico HTTP/1.1" 200 391 "-" "Mozilla/5.0 (Windows NT 10.0; WOW64) AppleWebKit/537.36 (KHTML, like Gecko) Chrome/86.0.4240.198 Safari/537.36" 
52.114.77.236 - - [28/Apr/2021:06:29:06 -0700] "GET / HTTP/1.1" 301 475 "-" "Mozilla/5.0 (Windows NT 6.1; WOW64) SkypeUriPreview Preview/0.5" 
52.114.77.236 - - [28/Apr/2021:06:29:06 -0700] "GET / HTTP/1.1" 200 12883 "-" "Mozilla/5.0 (Windows NT 6.1; WOW64) SkypeUriPreview Preview/0.5" 
52.114.77.236 - - [28/Apr/2021:06:29:06 -0700] "GET /bootstrap/img/favicon.ico HTTP/1.1" 200 635 "-" "Mozilla/5.0 (Windows NT 6.1; WOW64) SkypeUriPreview Preview/0.5" 
93.41.35.168 - - [28/Apr/2021:06:29:11 -0700] "GET / HTTP/1.1" 301 475 "-" "Mozilla/5.0 (Windows NT 10.0; Win64; x64; rv:88.0) Gecko/20100101 Firefox/88.0" 
93.41.35.168 - - [28/Apr/2021:06:29:13 -0700] "GET / HTTP/1.1" 200 12883 "-" "Mozilla/5.0 (Windows NT 10.0; Win64; x64; rv:88.0) Gecko/20100101 Firefox/88.0" 
93.41.35.168 - - [28/Apr/2021:06:29:13 -0700] "GET /css/style.css HTTP/1.1" 404 305 "http://www.secrepo.com/" "Mozilla/5.0 (Windows NT 10.0; Win64; x64; rv:88.0) Gecko/20100101 Firefox/88.0" 
93.41.35.168 - - [28/Apr/2021:06:29:13 -0700] "GET /bootstrap/img/favicon.ico HTTP/1.1" 200 690 "http://www.secrepo.com/" "Mozilla/5.0 (Windows NT 10.0; Win64; x64; rv:88.0) Gecko/20100101 Firefox/88.0" 
93.41.35.168 - - [28/Apr/2021:06:29:13 -0700] "GET /twitter-icon.png HTTP/1.1" 200 27916 "http://www.secrepo.com/" "Mozilla/5.0 (Windows NT 10.0; Win64; x64; rv:88.0) Gecko/20100101 Firefox/88.0" 
93.41.35.168 - - [28/Apr/2021:06:29:13 -0700] "GET /GitHub-Mark.png HTTP/1.1" 200 7556 "http://www.secrepo.com/" "Mozilla/5.0 (Windows NT 10.0; Win64; x64; rv:88.0) Gecko/20100101 Firefox/88.0" 
109.115.193.124 - - [28/Apr/2021:06:29:14 -0700] "GET / HTTP/1.1" 301 475 "-" "Mozilla/5.0 (Windows NT 10.0; Win64; x64) AppleWebKit/537.36 (KHTML, like Gecko) Chrome/90.0.4430.93 Safari/537.36" 
109.115.193.124 - - [28/Apr/2021:06:29:15 -0700] "GET / HTTP/1.1" 200 12883 "-" "Mozilla/5.0 (Windows NT 10.0; Win64; x64) AppleWebKit/537.36 (KHTML, like Gecko) Chrome/90.0.4430.93 Safari/537.36" 
93.41.35.168 - - [28/Apr/2021:06:29:15 -0700] "GET / HTTP/1.1" 200 12883 "-" "Mozilla/5.0 (Windows NT 10.0; Win64; x64; rv:88.0) Gecko/20100101 Firefox/88.0" 
93.41.35.168 - - [28/Apr/2021:06:29:15 -0700] "GET /css/style.css HTTP/1.1" 404 305 "http://www.secrepo.com/" "Mozilla/5.0 (Windows NT 10.0; Win64; x64; rv:88.0) Gecko/20100101 Firefox/88.0" 
93.41.35.168 - - [28/Apr/2021:06:29:16 -0700] "GET /css/style.css HTTP/1.1" 404 305 "http://www.secrepo.com/" "Mozilla/5.0 (Windows NT 10.0; Win64; x64; rv:88.0) Gecko/20100101 Firefox/88.0" 
109.115.193.124 - - [28/Apr/2021:06:29:16 -0700] "GET /css/style.css HTTP/1.1" 404 305 "http://www.secrepo.com/" "Mozilla/5.0 (Windows NT 10.0; Win64; x64) AppleWebKit/537.36 (KHTML, like Gecko) Chrome/90.0.4430.93 Safari/537.36" 
93.41.35.168 - - [28/Apr/2021:06:29:16 -0700] "GET /bootstrap/img/favicon.ico HTTP/1.1" 200 690 "http://www.secrepo.com/" "Mozilla/5.0 (Windows NT 10.0; Win64; x64; rv:88.0) Gecko/20100101 Firefox/88.0" 
109.115.193.124 - - [28/Apr/2021:06:29:17 -0700] "GET /twitter-icon.png HTTP/1.1" 200 27893 "http://www.secrepo.com/" "Mozilla/5.0 (Windows NT 10.0; Win64; x64) AppleWebKit/537.36 (KHTML, like Gecko) Chrome/90.0.4430.93 Safari/537.36" 
109.115.193.124 - - [28/Apr/2021:06:29:17 -0700] "GET /GitHub-Mark.png HTTP/1.1" 200 7556 "http://www.secrepo.com/" "Mozilla/5.0 (Windows NT 10.0; Win64; x64) AppleWebKit/537.36 (KHTML, like Gecko) Chrome/90.0.4430.93 Safari/537.36" 
93.41.35.168 - - [28/Apr/2021:06:29:17 -0700] "GET /twitter-icon.png HTTP/1.1" 200 27916 "http://www.secrepo.com/" "Mozilla/5.0 (Windows NT 10.0; Win64; x64; rv:88.0) Gecko/20100101 Firefox/88.0" 
93.41.35.168 - - [28/Apr/2021:06:29:17 -0700] "GET /GitHub-Mark.png HTTP/1.1" 200 7556 "http://www.secrepo.com/" "Mozilla/5.0 (Windows NT 10.0; Win64; x64; rv:88.0) Gecko/20100101 Firefox/88.0" 
109.115.193.124 - - [28/Apr/2021:06:29:17 -0700] "GET /css/style.css HTTP/1.1" 404 328 "http://www.secrepo.com/" "Mozilla/5.0 (Windows NT 10.0; Win64; x64) AppleWebKit/537.36 (KHTML, like Gecko) Chrome/90.0.4430.93 Safari/537.36" 
109.115.193.124 - - [28/Apr/2021:06:29:25 -0700] "GET /bootstrap/img/favicon.ico HTTP/1.1" 200 713 "http://www.secrepo.com/" "Mozilla/5.0 (Windows NT 10.0; Win64; x64) AppleWebKit/537.36 (KHTML, like Gecko) Chrome/90.0.4430.93 Safari/537.36" 
93.41.35.168 - - [28/Apr/2021:06:29:57 -0700] "GET / HTTP/1.1" 301 475 "-" "Mozilla/5.0 (Windows NT 10.0; Win64; x64; rv:88.0) Gecko/20100101 Firefox/88.0" 
93.41.35.168 - - [28/Apr/2021:06:29:57 -0700] "GET /css/style.css HTTP/1.1" 404 328 "http://www.secrepo.com/" "Mozilla/5.0 (Windows NT 10.0; Win64; x64; rv:88.0) Gecko/20100101 Firefox/88.0" 
93.41.35.168 - - [28/Apr/2021:06:30:00 -0700] "GET /bootstrap/img/favicon.ico HTTP/1.1" 200 713 "http://www.secrepo.com/" "Mozilla/5.0 (Windows NT 10.0; Win64; x64; rv:88.0) Gecko/20100101 Firefox/88.0" 
114.119.141.53 - - [28/Apr/2021:06:31:39 -0700] "GET /self.logs/access.log.2018-12-17.gz HTTP/1.1" 200 23571 "-" "Mozilla/5.0 (Linux; Android 7.0;) AppleWebKit/537.36 (KHTML, like Gecko) Mobile Safari/537.36 (compatible; PetalBot;+https://webmaster.petalsearch.com/site/petalbot)" 
49.7.20.105 - - [28/Apr/2021:06:33:45 -0700] "GET / HTTP/1.1" 200 12845 "-" "Sogou web spider/4.0(+http://www.sogou.com/docs/help/webmasters.htm#07)" 
106.38.241.177 - - [28/Apr/2021:06:35:47 -0700] "GET / HTTP/1.1" 200 12845 "-" "Sogou web spider/4.0(+http://www.sogou.com/docs/help/webmasters.htm#07)" 
114.119.150.248 - - [28/Apr/2021:06:36:57 -0700] "GET /self.logs/2015/error.log.2015-03-03.gz HTTP/1.1" 200 973 "-" "Mozilla/5.0 (Linux; Android 7.0;) AppleWebKit/537.36 (KHTML, like Gecko) Mobile Safari/537.36 (compatible; PetalBot;+https://webmaster.petalsearch.com/site/petalbot)" 
3.89.205.78 - - [28/Apr/2021:06:38:30 -0700] "GET / HTTP/1.1" 301 475 "-" "python-requests/2.18.1" 
3.89.205.78 - - [28/Apr/2021:06:38:30 -0700] "GET / HTTP/1.1" 200 12882 "-" "python-requests/2.18.1" 
3.89.205.78 - - [28/Apr/2021:06:38:30 -0700] "GET / HTTP/1.1" 200 12882 "-" "python-requests/2.18.1" 
3.89.205.78 - - [28/Apr/2021:06:38:30 -0700] "GET / HTTP/1.1" 200 12882 "-" "python-requests/2.18.1" 
118.103.238.32 - - [28/Apr/2021:06:41:43 -0700] "GET /error.log.2020-09-07 HTTP/1.1" 404 284 "-" "-" 
118.103.238.32 - - [28/Apr/2021:06:41:43 -0700] "GET /error.log.2020-09-07 HTTP/1.1" 404 328 "https://www.google.com/" "Mozilla/5.0 (compatible; Googlebot/2.1; +http://www.google.com/bot.html)" 
114.119.159.101 - - [28/Apr/2021:06:42:09 -0700] "GET /self.logs/access.log.2017-10-08.gz HTTP/1.1" 200 34589 "-" "Mozilla/5.0 (Linux; Android 7.0;) AppleWebKit/537.36 (KHTML, like Gecko) Mobile Safari/537.36 (compatible; PetalBot;+https://webmaster.petalsearch.com/site/petalbot)" 
114.119.157.43 - - [28/Apr/2021:06:48:00 -0700] "GET /Datasets%20Description/Network/notice.html HTTP/1.1" 200 1650 "-" "Mozilla/5.0 (Linux; Android 7.0;) AppleWebKit/537.36 (KHTML, like Gecko) Mobile Safari/537.36 (compatible; PetalBot;+https://webmaster.petalsearch.com/site/petalbot)" 
114.119.144.30 - - [28/Apr/2021:06:53:16 -0700] "GET /self.logs/2015/access.log.2015-02-01.gz HTTP/1.1" 200 2706 "-" "Mozilla/5.0 (Linux; Android 7.0;) AppleWebKit/537.36 (KHTML, like Gecko) Mobile Safari/537.36 (compatible; PetalBot;+https://webmaster.petalsearch.com/site/petalbot)" 
106.38.241.177 - - [28/Apr/2021:06:57:03 -0700] "GET / HTTP/1.1" 200 12846 "-" "Sogou web spider/4.0(+http://www.sogou.com/docs/help/webmasters.htm#07)" 
114.119.140.84 - - [28/Apr/2021:06:57:51 -0700] "GET /self.logs/2015/access.log.2015-03-01.gz HTTP/1.1" 200 2496 "-" "Mozilla/5.0 (Linux; Android 7.0;) AppleWebKit/537.36 (KHTML, like Gecko) Mobile Safari/537.36 (compatible; PetalBot;+https://webmaster.petalsearch.com/site/petalbot)" 
118.103.238.32 - - [28/Apr/2021:06:59:17 -0700] "GET /error.log.2020-09-06 HTTP/1.1" 404 284 "-" "-" 
118.103.238.32 - - [28/Apr/2021:06:59:18 -0700] "GET /error.log.2020-09-06 HTTP/1.1" 404 328 "https://www.google.com/" "Mozilla/5.0 (compatible; Googlebot/2.1; +http://www.google.com/bot.html)" 
66.249.72.31 - - [28/Apr/2021:07:01:46 -0700] "GET / HTTP/1.1" 200 12883 "-" "Mozilla/5.0 (Linux; Android 6.0.1; Nexus 5X Build/MMB29P) AppleWebKit/537.36 (KHTML, like Gecko) Chrome/90.0.4430.84 Mobile Safari/537.36 (compatible; Googlebot/2.1; +http://www.google.com/bot.html)" 
114.119.130.95 - - [28/Apr/2021:07:03:30 -0700] "GET /self.logs/access.log.2020-03-07.gz HTTP/1.1" 200 13623 "-" "Mozilla/5.0 (Linux; Android 7.0;) AppleWebKit/537.36 (KHTML, like Gecko) Mobile Safari/537.36 (compatible; PetalBot;+https://webmaster.petalsearch.com/site/petalbot)" 
115.60.56.146 - - [28/Apr/2021:07:06:44 -0700] "GET /favicon.ico HTTP/1.1" 304 261 "-" "Mozilla/5.0 (Windows NT 10.0; WOW64) AppleWebKit/537.36 (KHTML, like Gecko) Chrome/86.0.4240.198 Safari/537.36" 
185.191.171.33 - - [28/Apr/2021:07:11:26 -0700] "GET /robots.txt HTTP/1.1" 200 340 "-" "Mozilla/5.0 (compatible; SemrushBot/7~bl; +http://www.semrush.com/bot.html)" 
185.191.171.43 - - [28/Apr/2021:07:11:26 -0700] "GET /self.logs/error.log.2019-10-13 HTTP/1.1" 200 314 "-" "Mozilla/5.0 (compatible; SemrushBot/7~bl; +http://www.semrush.com/bot.html)" 
114.119.141.53 - - [28/Apr/2021:07:13:39 -0700] "GET /self.logs/error.log.2019-05-02.gz HTTP/1.1" 200 3300 "-" "Mozilla/5.0 (Linux; Android 7.0;) AppleWebKit/537.36 (KHTML, like Gecko) Mobile Safari/537.36 (compatible; PetalBot;+https://webmaster.petalsearch.com/site/petalbot)" 
118.103.238.32 - - [28/Apr/2021:07:16:55 -0700] "GET /error.log.2020-09-05 HTTP/1.1" 404 284 "-" "-" 
118.103.238.32 - - [28/Apr/2021:07:16:55 -0700] "GET /error.log.2020-09-05 HTTP/1.1" 404 328 "https://www.google.com/" "Mozilla/5.0 (compatible; Googlebot/2.1; +http://www.google.com/bot.html)" 
106.38.241.177 - - [28/Apr/2021:07:18:02 -0700] "GET / HTTP/1.1" 200 12847 "-" "Sogou web spider/4.0(+http://www.sogou.com/docs/help/webmasters.htm#07)" 
114.119.130.95 - - [28/Apr/2021:07:18:48 -0700] "GET /self.logs/access.log.2017-06-19.gz HTTP/1.1" 200 27814 "-" "Mozilla/5.0 (Linux; Android 7.0;) AppleWebKit/537.36 (KHTML, like Gecko) Mobile Safari/537.36 (compatible; PetalBot;+https://webmaster.petalsearch.com/site/petalbot)" 
17.121.112.160 - - [28/Apr/2021:07:21:15 -0700] "GET /self.logs/error.log.2020-04-06 HTTP/1.1" 200 307 "-" "Mozilla/5.0 (Macintosh; Intel Mac OS X 10_15_5) AppleWebKit/605.1.15 (KHTML, like Gecko) Version/13.1.1 Safari/605.1.15 (Applebot/0.1; +http://www.apple.com/go/applebot)" 
114.119.157.43 - - [28/Apr/2021:07:24:03 -0700] "GET /self.logs/access.log.2018-05-14.gz HTTP/1.1" 200 21474 "-" "Mozilla/5.0 (Linux; Android 7.0;) AppleWebKit/537.36 (KHTML, like Gecko) Mobile Safari/537.36 (compatible; PetalBot;+https://webmaster.petalsearch.com/site/petalbot)" 
49.7.20.105 - - [28/Apr/2021:07:24:32 -0700] "GET / HTTP/1.1" 200 12847 "-" "Sogou web spider/4.0(+http://www.sogou.com/docs/help/webmasters.htm#07)" 
17.121.112.219 - - [28/Apr/2021:07:32:02 -0700] "GET /self.logs/error.log.2020-04-21 HTTP/1.1" 200 307 "-" "Mozilla/5.0 (Macintosh; Intel Mac OS X 10_15_5) AppleWebKit/605.1.15 (KHTML, like Gecko) Version/13.1.1 Safari/605.1.15 (Applebot/0.1; +http://www.apple.com/go/applebot)" 
114.119.157.43 - - [28/Apr/2021:07:34:26 -0700] "GET /self.logs/2015/access.log.2015-03-02.gz HTTP/1.1" 200 3422 "-" "Mozilla/5.0 (Linux; Android 7.0;) AppleWebKit/537.36 (KHTML, like Gecko) Mobile Safari/537.36 (compatible; PetalBot;+https://webmaster.petalsearch.com/site/petalbot)" 
62.158.237.118 - - [28/Apr/2021:07:35:16 -0700] "GET /self.logs/ HTTP/1.1" 200 29072 "-" "python-requests/2.25.1" 
118.103.238.32 - - [28/Apr/2021:07:35:31 -0700] "GET /error.log.2020-09-04 HTTP/1.1" 404 284 "-" "-" 
118.103.238.32 - - [28/Apr/2021:07:35:32 -0700] "GET /error.log.2020-09-04 HTTP/1.1" 404 328 "https://www.google.com/" "Mozilla/5.0 (compatible; Googlebot/2.1; +http://www.google.com/bot.html)" 
66.249.93.44 - - [28/Apr/2021:07:36:49 -0700] "GET / HTTP/1.1" 301 475 "-" "Mozilla/5.0 (X11; Linux x86_64) AppleWebKit/537.36 (KHTML, like Gecko) Chrome/49.0.2623.75 Safari/537.36 Google Favicon" 
66.249.93.75 - - [28/Apr/2021:07:36:49 -0700] "GET / HTTP/1.1" 200 12882 "-" "Mozilla/5.0 (X11; Linux x86_64) AppleWebKit/537.36 (KHTML, like Gecko) Chrome/49.0.2623.75 Safari/537.36 Google Favicon" 
66.249.93.75 - - [28/Apr/2021:07:36:49 -0700] "GET /bootstrap/img/favicon.ico HTTP/1.1" 200 690 "-" "Mozilla/5.0 (X11; Linux x86_64) AppleWebKit/537.36 (KHTML, like Gecko) Chrome/49.0.2623.75 Safari/537.36 Google Favicon" 
114.119.140.84 - - [28/Apr/2021:07:39:41 -0700] "GET /self.logs/access.log.2017-02-13.gz HTTP/1.1" 200 25533 "-" "Mozilla/5.0 (Linux; Android 7.0;) AppleWebKit/537.36 (KHTML, like Gecko) Mobile Safari/537.36 (compatible; PetalBot;+https://webmaster.petalsearch.com/site/petalbot)" 
106.38.241.177 - - [28/Apr/2021:07:41:27 -0700] "GET / HTTP/1.1" 200 12845 "-" "Sogou web spider/4.0(+http://www.sogou.com/docs/help/webmasters.htm#07)" 
114.119.159.101 - - [28/Apr/2021:07:44:54 -0700] "GET /self.logs/2015/error.log.2015-06-20.gz HTTP/1.1" 200 663 "-" "Mozilla/5.0 (Linux; Android 7.0;) AppleWebKit/537.36 (KHTML, like Gecko) Mobile Safari/537.36 (compatible; PetalBot;+https://webmaster.petalsearch.com/site/petalbot)" 
62.158.237.118 - - [28/Apr/2021:07:45:13 -0700] "GET / HTTP/1.1" 200 12886 "-" "python-requests/2.25.1" 
62.158.237.118 - - [28/Apr/2021:07:45:32 -0700] "GET /self.logs/ HTTP/1.1" 200 29072 "-" "python-requests/2.25.1" 
178.150.47.62 - - [28/Apr/2021:07:49:31 -0700] "GET / HTTP/1.1" 200 48020 "https://rupostindex.com/" "Mozilla/4.0 (compatible; MSIE 6.0; Windows NT 5.1; .NET CLR 1.0.3705)" 
178.150.47.62 - - [28/Apr/2021:07:49:31 -0700] "GET / HTTP/1.1" 200 48020 "https://rupostindex.com/" "Mozilla/4.0 (compatible; MSIE 6.0; Windows NT 5.1; .NET CLR 1.0.3705)" 
178.150.47.62 - - [28/Apr/2021:07:49:32 -0700] "GET / HTTP/1.1" 200 48020 "https://rupostindex.com/" "Mozilla/4.0 (compatible; MSIE 6.0; Windows NT 5.1; .NET CLR 1.0.3705)" 
40.77.167.32 - - [28/Apr/2021:07:49:43 -0700] "GET /self.logs/access.log.2019-05-21.gz HTTP/1.1" 304 280 "-" "Mozilla/5.0 (compatible; bingbot/2.0; +http://www.bing.com/bingbot.htm)" 
114.119.129.244 - - [28/Apr/2021:07:50:04 -0700] "GET /self.logs/access.log.2017-04-14.gz HTTP/1.1" 200 35048 "-" "Mozilla/5.0 (Linux; Android 7.0;) AppleWebKit/537.36 (KHTML, like Gecko) Mobile Safari/537.36 (compatible; PetalBot;+https://webmaster.petalsearch.com/site/petalbot)" 
118.184.177.65 - - [28/Apr/2021:07:52:25 -0700] "GET / HTTP/1.1" 301 438 "-" "Sogou web spider/4.0(+http://www.sogou.com/docs/help/webmasters.htm#07)" 
118.184.177.65 - - [28/Apr/2021:07:53:29 -0700] "GET / HTTP/1.1" 200 12847 "-" "Sogou web spider/4.0(+http://www.sogou.com/docs/help/webmasters.htm#07)" 
118.103.238.32 - - [28/Apr/2021:07:53:48 -0700] "GET /error.log.2020-09-03 HTTP/1.1" 404 284 "-" "-" 
118.103.238.32 - - [28/Apr/2021:07:53:48 -0700] "GET /error.log.2020-09-03 HTTP/1.1" 404 328 "https://www.google.com/" "Mozilla/5.0 (compatible; Googlebot/2.1; +http://www.google.com/bot.html)" 
40.77.167.32 - - [28/Apr/2021:07:54:43 -0700] "GET /self.logs/access.log.2017-11-18.gz HTTP/1.1" 304 280 "-" "Mozilla/5.0 (compatible; bingbot/2.0; +http://www.bing.com/bingbot.htm)" 
62.158.237.118 - - [28/Apr/2021:07:54:45 -0700] "GET /self.logs/ HTTP/1.1" 200 29072 "-" "python-requests/2.25.1" 
114.119.150.248 - - [28/Apr/2021:07:55:19 -0700] "GET /self.logs/access.log.2017-04-29.gz HTTP/1.1" 200 10312 "-" "Mozilla/5.0 (Linux; Android 7.0;) AppleWebKit/537.36 (KHTML, like Gecko) Mobile Safari/537.36 (compatible; PetalBot;+https://webmaster.petalsearch.com/site/petalbot)" 
62.158.237.118 - - [28/Apr/2021:07:55:34 -0700] "GET / HTTP/1.1" 200 12884 "-" "python-requests/2.25.1" 
114.119.159.40 - - [28/Apr/2021:08:00:30 -0700] "GET /self.logs/2015/access.log.2015-10-19.gz HTTP/1.1" 200 14407 "-" "Mozilla/5.0 (Linux; Android 7.0;) AppleWebKit/537.36 (KHTML, like Gecko) Mobile Safari/537.36 (compatible; PetalBot;+https://webmaster.petalsearch.com/site/petalbot)" 
106.38.241.177 - - [28/Apr/2021:08:02:37 -0700] "GET / HTTP/1.1" 200 12846 "-" "Sogou web spider/4.0(+http://www.sogou.com/docs/help/webmasters.htm#07)" 
114.119.141.53 - - [28/Apr/2021:08:05:43 -0700] "GET /self.logs/2015/access.log.2015-08-22.gz HTTP/1.1" 200 4547 "-" "Mozilla/5.0 (Linux; Android 7.0;) AppleWebKit/537.36 (KHTML, like Gecko) Mobile Safari/537.36 (compatible; PetalBot;+https://webmaster.petalsearch.com/site/petalbot)" 
62.158.237.118 - - [28/Apr/2021:08:06:20 -0700] "GET /self.logs/ HTTP/1.1" 200 29072 "-" "python-requests/2.25.1" 
62.158.237.118 - - [28/Apr/2021:08:06:30 -0700] "GET / HTTP/1.1" 200 12883 "-" "python-requests/2.25.1" 
195.123.209.118 - - [28/Apr/2021:08:09:07 -0700] "GET / HTTP/1.1" 200 48020 "https://ekocenr.ru/" "Mozilla/4.0 (compatible; MSIE 6.0; AOL 9.0; Windows NT 5.1)" 
195.123.209.118 - - [28/Apr/2021:08:09:08 -0700] "GET / HTTP/1.1" 200 48020 "https://ekocenr.ru/" "Mozilla/4.0 (compatible; MSIE 6.0; AOL 9.0; Windows NT 5.1)" 
195.123.209.118 - - [28/Apr/2021:08:09:08 -0700] "GET / HTTP/1.1" 200 48020 "https://ekocenr.ru/" "Mozilla/4.0 (compatible; MSIE 6.0; AOL 9.0; Windows NT 5.1)" 
118.103.238.32 - - [28/Apr/2021:08:12:50 -0700] "GET /error.log.2020-09-02 HTTP/1.1" 404 284 "-" "-" 
118.103.238.32 - - [28/Apr/2021:08:12:51 -0700] "GET /error.log.2020-09-02 HTTP/1.1" 404 328 "https://www.google.com/" "Mozilla/5.0 (compatible; Googlebot/2.1; +http://www.google.com/bot.html)" 
49.7.20.105 - - [28/Apr/2021:08:12:59 -0700] "GET / HTTP/1.1" 200 12846 "-" "Sogou web spider/4.0(+http://www.sogou.com/docs/help/webmasters.htm#07)" 
66.249.72.31 - - [28/Apr/2021:08:22:33 -0700] "GET / HTTP/1.1" 200 12884 "-" "Mozilla/5.0 (compatible; Googlebot/2.1; +http://www.google.com/bot.html)" 
66.249.72.29 - - [28/Apr/2021:08:22:36 -0700] "GET /css/style.css HTTP/1.1" 404 328 "http://www.secrepo.com/" "Mozilla/5.0 AppleWebKit/537.36 (KHTML, like Gecko; compatible; Googlebot/2.1; +http://www.google.com/bot.html) Chrome/89.0.4389.127 Safari/537.36" 
114.119.129.244 - - [28/Apr/2021:08:26:27 -0700] "GET /self.logs/2015/access.log.2015-08-30.gz HTTP/1.1" 200 4508 "-" "Mozilla/5.0 (Linux; Android 7.0;) AppleWebKit/537.36 (KHTML, like Gecko) Mobile Safari/537.36 (compatible; PetalBot;+https://webmaster.petalsearch.com/site/petalbot)" 
17.121.115.157 - - [28/Apr/2021:08:29:57 -0700] "GET /self.logs/error.log.2020-03-27 HTTP/1.1" 200 307 "-" "Mozilla/5.0 (Macintosh; Intel Mac OS X 10_15_5) AppleWebKit/605.1.15 (KHTML, like Gecko) Version/13.1.1 Safari/605.1.15 (Applebot/0.1; +http://www.apple.com/go/applebot)" 
118.103.238.32 - - [28/Apr/2021:08:30:24 -0700] "GET /error.log.2020-09-01 HTTP/1.1" 404 284 "-" "-" 
118.103.238.32 - - [28/Apr/2021:08:30:24 -0700] "GET /error.log.2020-09-01 HTTP/1.1" 404 328 "https://www.google.com/" "Mozilla/5.0 (compatible; Googlebot/2.1; +http://www.google.com/bot.html)" 
114.119.144.30 - - [28/Apr/2021:08:31:42 -0700] "GET /self.logs/access.log.2018-02-19.gz HTTP/1.1" 200 20253 "-" "Mozilla/5.0 (Linux; Android 7.0;) AppleWebKit/537.36 (KHTML, like Gecko) Mobile Safari/537.36 (compatible; PetalBot;+https://webmaster.petalsearch.com/site/petalbot)" 
207.46.13.129 - - [28/Apr/2021:08:32:08 -0700] "GET /self.logs/error.log.2017-08-27.gz HTTP/1.1" 200 1288 "-" "Mozilla/5.0 (compatible; bingbot/2.0; +http://www.bing.com/bingbot.htm)" 
109.232.104.162 - - [28/Apr/2021:08:33:55 -0700] "GET /Security-Data-Analysis/Lab_1/conn.log.zip HTTP/1.1" 200 154435880 "-" "Mozilla/5.0 (Windows NT 10.0; Win64; x64) AppleWebKit/537.36 (KHTML, like Gecko) Chrome/90.0.4430.93 Safari/537.36" 
